Microchip MPLAB XC8 Compiler V2.20

Linker command line:

-W-3 --edf=C:\Program Files\Microchip\xc8\v2.20\pic\dat\en_msgs.txt -cn \
  -h+dist/default/production\Tutorial_4_Display.X.production.sym \
  --cmf=dist/default/production\Tutorial_4_Display.X.production.cmf -z \
  -Q16F18877 -oC:\Users\Dell-i3\AppData\Local\Temp\sdbg.2 \
  --defsym=__MPLAB_BUILD=1 \
  -Mdist/default/production/Tutorial_4_Display.X.production.map -E1 \
  -ver=XC8 Compiler --acfsm=1493 -ASTACK=0206Dh-02FEFh -pstack=STACK \
  -ACODE=00h-07FFhx16 -ASTRCODE=00h-07FFFh -ASTRING=00h-0FFhx128 \
  -ACONST=00h-0FFhx128 -AENTRY=00h-0FFhx128 -ACOMMON=070h-07Fh \
  -ABANK0=020h-06Fh -ABANK1=0A0h-0EFh -ABANK2=0120h-016Fh \
  -ABANK3=01A0h-01EFh -ABANK4=0220h-026Fh -ABANK5=02A0h-02EFh \
  -ABANK6=0320h-036Fh -ABANK7=03A0h-03EFh -ABANK8=0420h-046Fh \
  -ABANK9=04A0h-04EFh -ABANK10=0520h-056Fh -ABANK11=05A0h-05EFh \
  -ABANK12=0620h-066Fh -ABANK13=06A0h-06EFh -ABANK14=0720h-076Fh \
  -ABANK15=07A0h-07EFh -ABANK16=0820h-086Fh -ABANK17=08A0h-08EFh \
  -ABANK18=0920h-096Fh -ABANK19=09A0h-09EFh -ABANK20=0A20h-0A6Fh \
  -ABANK21=0AA0h-0AEFh -ABANK22=0B20h-0B6Fh -ABANK23=0BA0h-0BEFh \
  -ABANK24=0C20h-0C6Fh -ABANK25=0CA0h-0CEFh -ABANK26=0D20h-0D6Fh \
  -ABANK27=0DA0h-0DEFh -ABANK28=0E20h-0E6Fh -ABANK29=0EA0h-0EEFh \
  -ABANK30=0F20h-0F6Fh -ABANK31=0FA0h-0FEFh -ABANK32=01020h-0106Fh \
  -ABANK33=010A0h-010EFh -ABANK34=01120h-0116Fh -ABANK35=011A0h-011EFh \
  -ABANK36=01220h-0126Fh -ABANK37=012A0h-012EFh -ABANK38=01320h-0136Fh \
  -ABANK39=013A0h-013EFh -ABANK40=01420h-0146Fh -ABANK41=014A0h-014EFh \
  -ABANK42=01520h-0156Fh -ABANK43=015A0h-015EFh -ABANK44=01620h-0166Fh \
  -ABANK45=016A0h-016EFh -ABANK46=01720h-0176Fh -ABANK47=017A0h-017EFh \
  -ABANK48=01820h-0186Fh -ABANK49=018A0h-018EFh -ABANK50=01920h-0196Fh \
  -ABIGRAM=02000h-02FEFh \
  -ARAM=020h-06Fh,0A0h-0EFh,0120h-016Fh,01A0h-01EFh,0220h-026Fh,02A0h-02EFh,0320h-036Fh,03A0h-03EFh,0420h-046Fh,04A0h-04EFh,0520h-056Fh,05A0h-05EFh,0620h-066Fh,06A0h-06EFh,0720h-076Fh,07A0h-07EFh,0820h-086Fh,08A0h-08EFh,0920h-096Fh,09A0h-09EFh,0A20h-0A6Fh,0AA0h-0AEFh,0B20h-0B6Fh,0BA0h-0BEFh,0C20h-0C6Fh,0CA0h-0CEFh,0D20h-0D6Fh,0DA0h-0DEFh,0E20h-0E6Fh,0EA0h-0EEFh,0F20h-0F6Fh,0FA0h-0FEFh,01020h-0106Fh,010A0h-010EFh,01120h-0116Fh,011A0h-011EFh,01220h-0126Fh,012A0h-012EFh,01320h-0136Fh,013A0h-013EFh,01420h-0146Fh,014A0h-014EFh,01520h-0156Fh,015A0h-015EFh,01620h-0166Fh,016A0h-016EFh,01720h-0176Fh,017A0h-017EFh,01820h-0186Fh,018A0h-018EFh,01920h-0196Fh \
  -AABS1=020h-07Fh,0A0h-0EFh,0120h-016Fh,01A0h-01EFh,0220h-026Fh,02A0h-02EFh,0320h-036Fh,03A0h-03EFh,0420h-046Fh,04A0h-04EFh,0520h-056Fh,05A0h-05EFh,0620h-066Fh,06A0h-06EFh,0720h-076Fh,07A0h-07EFh,0820h-086Fh,08A0h-08EFh,0920h-096Fh,09A0h-09EFh,0A20h-0A6Fh,0AA0h-0AEFh,0B20h-0B6Fh,0BA0h-0BEFh,0C20h-0C6Fh,0CA0h-0CEFh,0D20h-0D6Fh,0DA0h-0DEFh,0E20h-0E6Fh,0EA0h-0EEFh,0F20h-0F6Fh,0FA0h-0FEFh,01020h-0106Fh,010A0h-010EFh,01120h-0116Fh,011A0h-011EFh,01220h-0126Fh,012A0h-012EFh,01320h-0136Fh,013A0h-013EFh,01420h-0146Fh,014A0h-014EFh,01520h-0156Fh,015A0h-015EFh,01620h-0166Fh,016A0h-016EFh,01720h-0176Fh,017A0h-017EFh,01820h-0186Fh,018A0h-018EFh,01920h-0196Fh \
  -ASFR0=00h-01Fh -ASFR1=080h-09Fh -ASFR2=0100h-011Fh -ASFR3=0180h-019Fh \
  -ASFR4=0200h-021Fh -ASFR5=0280h-029Fh -ASFR6=0300h-031Fh \
  -ASFR7=0380h-039Fh -ASFR8=0400h-041Fh -ASFR9=0480h-049Fh \
  -ASFR10=0500h-051Fh -ASFR11=0580h-059Fh -ASFR12=0600h-061Fh \
  -ASFR13=0680h-069Fh -ASFR14=0700h-071Fh -ASFR15=0780h-079Fh \
  -ASFR16=0800h-081Fh -ASFR17=0880h-089Fh -ASFR18=0900h-091Fh \
  -ASFR19=0980h-099Fh -ASFR20=0A00h-0A1Fh -ASFR21=0A80h-0A9Fh \
  -ASFR22=0B00h-0B1Fh -ASFR23=0B80h-0B9Fh -ASFR24=0C00h-0C1Fh \
  -ASFR25=0C80h-0C9Fh -ASFR26=0D00h-0D1Fh -ASFR27=0D80h-0D9Fh \
  -ASFR28=0E00h-0E1Fh -ASFR29=0E80h-0E9Fh -ASFR30=0F00h-0F1Fh \
  -ASFR31=0F80h-0F9Fh -ASFR32=01000h-0101Fh -ASFR33=01080h-0109Fh \
  -ASFR34=01100h-0111Fh -ASFR35=01180h-0119Fh -ASFR36=01200h-0121Fh \
  -ASFR37=01280h-0129Fh -ASFR38=01300h-0131Fh -ASFR39=01380h-0139Fh \
  -ASFR40=01400h-0141Fh -ASFR41=01480h-0149Fh -ASFR42=01500h-0151Fh \
  -ASFR43=01580h-0159Fh -ASFR44=01600h-0161Fh -ASFR45=01680h-0169Fh \
  -ASFR46=01700h-0171Fh -ASFR47=01780h-0179Fh -ASFR48=01800h-0181Fh \
  -ASFR49=01880h-0189Fh -ASFR50=01900h-0191Fh -ASFR51=01980h-019EFh \
  -ASFR52=01A00h-01A6Fh -ASFR53=01A80h-01AEFh -ASFR54=01B00h-01B6Fh \
  -ASFR55=01B80h-01BEFh -ASFR56=01C00h-01C6Fh -ASFR57=01C80h-01CEFh \
  -ASFR58=01D00h-01D6Fh -ASFR59=01D80h-01DEFh -ASFR60=01E00h-01E6Fh \
  -ASFR61=01E80h-01EEFh -ASFR62=01F00h-01F6Fh -ASFR63=01F80h-01FEFh \
  -ACONFIG=08007h-0800Bh -DCONFIG=2 -AIDLOC=08000h-08003h -DIDLOC=2 \
  -preset_vec=00h,intentry=04h,init,end_init -ppowerup=CODE -pcinit=CODE \
  -pfunctab=ENTRY -AEEDATA=00h-0FFh/0F000h -peeprom_data=EEDATA -DEEDATA=2 \
  -DCODE=2 -DSTRCODE=2 -DSTRING=2 -DCONST=2 -DENTRY=2 -k \
  C:\Users\Dell-i3\AppData\Local\Temp\sdbg.o \
  dist/default/production\Tutorial_4_Display.X.production.o 

Object code version is 3.11

Machine type is 16F18877



                Name                               Link     Load   Length Selector   Space Scale
C:\Users\Dell-i3\AppData\Local\Temp\sdbg.o
                end_init                             14       14        2        8       0
                reset_vec                             0        0        2        0       0
                config                             8007     8007        5        0       4
dist/default/production\Tutorial_4_Display.X.production.o
                cinit                                16       16       1A        8       0
                intentry                              4        4       10        8       0
                config                             8007     8007        5        0       4
                text79                              F4A      F4A       23     1E94       0
                text78                              6ED      6ED       3A        8       0
                text77                              DCC      DCC        C     1B98       0
                text76                              D6D      D6D        6     1ADA       0
                text74                              D73      D73        6     1AE6       0
                text73                              D79      D79        6     1AF2       0
                text72                              D7F      D7F        6     1AFE       0
                text71                              FB4      FB4       25     1F68       0
                text70                              DBA      DBA        9     1B74       0
                text69                              DD8      DD8        D     1BB0       0
                text68                              5EB      5EB       47        8       0
                text67                              DAA      DAA        8     1B54       0
                text66                              D85      D85        6     1B0A       0
                text65                              EB3      EB3       15     1D66       0
                text64                              E1B      E1B       13     1C36       0
                text63                              F90      F90       24     1F20       0
                text62                               30       30      257        8       0
                text61                              473      473       75        8       0
                text60                              336      336       AD        8       0
                text59                              4E8      4E8       60        8       0
                text58                              EC8      EC8       16     1D90       0
                text57                              6B0      6B0       3D        8       0
                text56                              287      287       AF        8       0
                text55                              727      727       36        8       0
                text54                              D18      D18        3     1A30       0
                text53                              D1B      D1B        3     1A36       0
                text52                              D1E      D1E        3     1A3C       0
                text51                              F29      F29       21     1E52       0
                text50                              D21      D21        3     1A42       0
                text49                              D24      D24        3     1A48       0
                text48                              D27      D27        3     1A4E       0
                text47                              EDE      EDE       17     1DBC       0
                text46                              FD9      FD9       27     1FB2       0
                text45                              DFF      DFF        E     1BFE       0
                text44                              E2E      E2E       13     1C5C       0
                text43                              D16      D16        2     1A2C       0
                text42                                2        2        2        0       0
                text41                              E41      E41       13     1C82       0
                text40                              E54      E54       13     1CA8       0
                text39                              E67      E67       13     1CCE       0
                text38                              E7A      E7A       13     1CF4       0
                text37                              EF5      EF5       1A     1DEA       0
                text36                              E8D      E8D       13     1D1A       0
                text35                              EA0      EA0       13     1D40       0
                text34                              7ED      7ED       13        8       0
                text33                              F0F      F0F       1A     1E1E       0
                text32                              D2A      D2A        3     1A54       0
                text31                              D33      D33        4     1A66       0
                text30                              D2D      D2D        3     1A5A       0
                text29                              D37      D37        4     1A6E       0
                text28                              D8B      D8B        6     1B16       0
                text27                              D91      D91        6     1B22       0
                text26                              D30      D30        3     1A60       0
                text25                              75D      75D       32        8       0
                text24                              D3B      D3B        5     1A76       0
                text23                              DC3      DC3        9     1B86       0
                text22                              DB2      DB2        8     1B64       0
                text21                              548      548       57        8       0
                text20                              59F      59F       4C        8       0
                text19                              DA3      DA3        7     1B46       0
                text18                              D40      D40        5     1A80       0
                text17                              D45      D45        5     1A8A       0
                text16                              D4A      D4A        5     1A94       0
                text15                              D4F      D4F        5     1A9E       0
                text14                              D54      D54        5     1AA8       0
                text13                              D59      D59        5     1AB2       0
                text12                              D5E      D5E        5     1ABC       0
                text11                              D63      D63        5     1AC6       0
                text10                              78F      78F       30        8       0
                text9                               7BF      7BF       2E        8       0
                text8                               D97      D97        6     1B2E       0
                text7                               DE5      DE5        D     1BCA       0
                text6                               F6D      F6D       23     1EDA       0
                text5                               D68      D68        5     1AD0       0
                text4                               DF2      DF2        D     1BE4       0
                text3                               632      632       41        8       0
                text2                               E0D      E0D        E     1C1A       0
                text1                               673      673       3D        8       0
                maintext                            3E3      3E3       90        8       0
                cstackBANK0                          20       20       36       20       1
                cstackCOMMON                         70       70        7       70       1
                clrtext                             D9D      D9D        6     1B3A       0
                bssBANK1                             A0       A0       1D       A0       1
                bssBANK0                             56       56       12       20       1
                bssCOMMON                            77       77        6       70       1
                stringtext3                        103D     103D       10     2000       0
                stringtext2                        1020     1020       1D     2000       0
                stringtext1                        1000     1000       20     2000       0

TOTAL           Name                               Link     Load   Length     Space
        CLASS   STACK          

        CLASS   CODE           
                end_init                             14       14        2         0
                cinit                                16       16       1A         0
                intentry                              4        4       10         0
                reset_vec                             0        0        2         0
                text79                              F4A      F4A       23         0
                text78                              6ED      6ED       3A         0
                text77                              DCC      DCC        C         0
                text76                              D6D      D6D        6         0
                text74                              D73      D73        6         0
                text73                              D79      D79        6         0
                text72                              D7F      D7F        6         0
                text71                              FB4      FB4       25         0
                text70                              DBA      DBA        9         0
                text69                              DD8      DD8        D         0
                text68                              5EB      5EB       47         0
                text67                              DAA      DAA        8         0
                text66                              D85      D85        6         0
                text65                              EB3      EB3       15         0
                text64                              E1B      E1B       13         0
                text63                              F90      F90       24         0
                text62                               30       30      257         0
                text61                              473      473       75         0
                text60                              336      336       AD         0
                text59                              4E8      4E8       60         0
                text58                              EC8      EC8       16         0
                text57                              6B0      6B0       3D         0
                text56                              287      287       AF         0
                text55                              727      727       36         0
                text54                              D18      D18        3         0
                text53                              D1B      D1B        3         0
                text52                              D1E      D1E        3         0
                text51                              F29      F29       21         0
                text50                              D21      D21        3         0
                text49                              D24      D24        3         0
                text48                              D27      D27        3         0
                text47                              EDE      EDE       17         0
                text46                              FD9      FD9       27         0
                text45                              DFF      DFF        E         0
                text44                              E2E      E2E       13         0
                text43                              D16      D16        2         0
                text42                                2        2        2         0
                text41                              E41      E41       13         0
                text40                              E54      E54       13         0
                text39                              E67      E67       13         0
                text38                              E7A      E7A       13         0
                text37                              EF5      EF5       1A         0
                text36                              E8D      E8D       13         0
                text35                              EA0      EA0       13         0
                text34                              7ED      7ED       13         0
                text33                              F0F      F0F       1A         0
                text32                              D2A      D2A        3         0
                text31                              D33      D33        4         0
                text30                              D2D      D2D        3         0
                text29                              D37      D37        4         0
                text28                              D8B      D8B        6         0
                text27                              D91      D91        6         0
                text26                              D30      D30        3         0
                text25                              75D      75D       32         0
                text24                              D3B      D3B        5         0
                text23                              DC3      DC3        9         0
                text22                              DB2      DB2        8         0
                text21                              548      548       57         0
                text20                              59F      59F       4C         0
                text19                              DA3      DA3        7         0
                text18                              D40      D40        5         0
                text17                              D45      D45        5         0
                text16                              D4A      D4A        5         0
                text15                              D4F      D4F        5         0
                text14                              D54      D54        5         0
                text13                              D59      D59        5         0
                text12                              D5E      D5E        5         0
                text11                              D63      D63        5         0
                text10                              78F      78F       30         0
                text9                               7BF      7BF       2E         0
                text8                               D97      D97        6         0
                text7                               DE5      DE5        D         0
                text6                               F6D      F6D       23         0
                text5                               D68      D68        5         0
                text4                               DF2      DF2        D         0
                text3                               632      632       41         0
                text2                               E0D      E0D        E         0
                text1                               673      673       3D         0
                maintext                            3E3      3E3       90         0
                clrtext                             D9D      D9D        6         0

        CLASS   STRCODE        
                stringtext3                        103D     103D       10         0
                stringtext2                        1020     1020       1D         0
                stringtext1                        1000     1000       20         0

        CLASS   STRING         

        CLASS   CONST          

        CLASS   ENTRY          

        CLASS   COMMON         
                cstackCOMMON                         70       70        7         1
                bssCOMMON                            77       77        6         1

        CLASS   BANK0          
                cstackBANK0                          20       20       36         1
                bssBANK0                             56       56       12         1

        CLASS   BANK1          
                bssBANK1                             A0       A0       1D         1

        CLASS   BANK2          

        CLASS   BANK3          

        CLASS   BANK4          

        CLASS   BANK5          

        CLASS   BANK6          

        CLASS   BANK7          

        CLASS   BANK8          

        CLASS   BANK9          

        CLASS   BANK10         

        CLASS   BANK11         

        CLASS   BANK12         

        CLASS   BANK13         

        CLASS   BANK14         

        CLASS   BANK15         

        CLASS   BANK16         

        CLASS   BANK17         

        CLASS   BANK18         

        CLASS   BANK19         

        CLASS   BANK20         

        CLASS   BANK21         

        CLASS   BANK22         

        CLASS   BANK23         

        CLASS   BANK24         

        CLASS   BANK25         

        CLASS   BANK26         

        CLASS   BANK27         

        CLASS   BANK28         

        CLASS   BANK29         

        CLASS   BANK30         

        CLASS   BANK31         

        CLASS   BANK32         

        CLASS   BANK33         

        CLASS   BANK34         

        CLASS   BANK35         

        CLASS   BANK36         

        CLASS   BANK37         

        CLASS   BANK38         

        CLASS   BANK39         

        CLASS   BANK40         

        CLASS   BANK41         

        CLASS   BANK42         

        CLASS   BANK43         

        CLASS   BANK44         

        CLASS   BANK45         

        CLASS   BANK46         

        CLASS   BANK47         

        CLASS   BANK48         

        CLASS   BANK49         

        CLASS   BANK50         

        CLASS   BIGRAM         

        CLASS   RAM            

        CLASS   ABS1           
                abs_s1                               7E       7E        2         1

        CLASS   SFR0           

        CLASS   SFR1           

        CLASS   SFR2           

        CLASS   SFR3           

        CLASS   SFR4           

        CLASS   SFR5           

        CLASS   SFR6           

        CLASS   SFR7           

        CLASS   SFR8           

        CLASS   SFR9           

        CLASS   SFR10          

        CLASS   SFR11          

        CLASS   SFR12          

        CLASS   SFR13          

        CLASS   SFR14          

        CLASS   SFR15          

        CLASS   SFR16          

        CLASS   SFR17          

        CLASS   SFR18          

        CLASS   SFR19          

        CLASS   SFR20          

        CLASS   SFR21          

        CLASS   SFR22          

        CLASS   SFR23          

        CLASS   SFR24          

        CLASS   SFR25          

        CLASS   SFR26          

        CLASS   SFR27          

        CLASS   SFR28          

        CLASS   SFR29          

        CLASS   SFR30          

        CLASS   SFR31          

        CLASS   SFR32          

        CLASS   SFR33          

        CLASS   SFR34          

        CLASS   SFR35          

        CLASS   SFR36          

        CLASS   SFR37          

        CLASS   SFR38          

        CLASS   SFR39          

        CLASS   SFR40          

        CLASS   SFR41          

        CLASS   SFR42          

        CLASS   SFR43          

        CLASS   SFR44          

        CLASS   SFR45          

        CLASS   SFR46          

        CLASS   SFR47          

        CLASS   SFR48          

        CLASS   SFR49          

        CLASS   SFR50          

        CLASS   SFR51          

        CLASS   SFR52          

        CLASS   SFR53          

        CLASS   SFR54          

        CLASS   SFR55          

        CLASS   SFR56          

        CLASS   SFR57          

        CLASS   SFR58          

        CLASS   SFR59          

        CLASS   SFR60          

        CLASS   SFR61          

        CLASS   SFR62          

        CLASS   SFR63          

        CLASS   CONFIG         
                config                             8007     8007        5         4

        CLASS   IDLOC          

        CLASS   EEDATA         

        CLASS   BANK63         

        CLASS   BANK62         

        CLASS   BANK61         

        CLASS   BANK60         

        CLASS   BANK59         

        CLASS   BANK58         

        CLASS   BANK57         

        CLASS   BANK56         

        CLASS   BANK55         

        CLASS   BANK54         

        CLASS   BANK53         

        CLASS   BANK52         

        CLASS   BANK51         



SEGMENTS        Name                           Load    Length   Top    Selector   Space  Class     Delta

                reset_vec                      000000  000004  000004         0       0  CODE        2
                intentry                       000004  0007FC  000800         8       0  CODE        2
                cstackBANK0                    000020  000048  000068        20       1  BANK0       1
                cstackCOMMON                   000070  00000D  00007D        70       1  COMMON      1
                bssBANK1                       0000A0  00001D  0000BD        A0       1  BANK1       1
                text43                         000D16  000002  000D18      1A2C       0  CODE        2
                text54                         000D18  000003  000D1B      1A30       0  CODE        2
                text53                         000D1B  000003  000D1E      1A36       0  CODE        2
                text52                         000D1E  000003  000D21      1A3C       0  CODE        2
                text50                         000D21  000003  000D24      1A42       0  CODE        2
                text49                         000D24  000003  000D27      1A48       0  CODE        2
                text48                         000D27  000003  000D2A      1A4E       0  CODE        2
                text32                         000D2A  000003  000D2D      1A54       0  CODE        2
                text30                         000D2D  000003  000D30      1A5A       0  CODE        2
                text26                         000D30  000003  000D33      1A60       0  CODE        2
                text31                         000D33  000004  000D37      1A66       0  CODE        2
                text29                         000D37  000004  000D3B      1A6E       0  CODE        2
                text24                         000D3B  000005  000D40      1A76       0  CODE        2
                text18                         000D40  000005  000D45      1A80       0  CODE        2
                text17                         000D45  000005  000D4A      1A8A       0  CODE        2
                text16                         000D4A  000005  000D4F      1A94       0  CODE        2
                text15                         000D4F  000005  000D54      1A9E       0  CODE        2
                text14                         000D54  000005  000D59      1AA8       0  CODE        2
                text13                         000D59  000005  000D5E      1AB2       0  CODE        2
                text12                         000D5E  000005  000D63      1ABC       0  CODE        2
                text11                         000D63  000005  000D68      1AC6       0  CODE        2
                text5                          000D68  000005  000D6D      1AD0       0  CODE        2
                text76                         000D6D  000006  000D73      1ADA       0  CODE        2
                text74                         000D73  000006  000D79      1AE6       0  CODE        2
                text73                         000D79  000006  000D7F      1AF2       0  CODE        2
                text72                         000D7F  000006  000D85      1AFE       0  CODE        2
                text66                         000D85  000006  000D8B      1B0A       0  CODE        2
                text28                         000D8B  000006  000D91      1B16       0  CODE        2
                text27                         000D91  000006  000D97      1B22       0  CODE        2
                text8                          000D97  000006  000D9D      1B2E       0  CODE        2
                clrtext                        000D9D  000006  000DA3      1B3A       0  CODE        2
                text19                         000DA3  000007  000DAA      1B46       0  CODE        2
                text67                         000DAA  000008  000DB2      1B54       0  CODE        2
                text22                         000DB2  000008  000DBA      1B64       0  CODE        2
                text70                         000DBA  000009  000DC3      1B74       0  CODE        2
                text23                         000DC3  000009  000DCC      1B86       0  CODE        2
                text77                         000DCC  00000C  000DD8      1B98       0  CODE        2
                text69                         000DD8  00000D  000DE5      1BB0       0  CODE        2
                text7                          000DE5  00000D  000DF2      1BCA       0  CODE        2
                text4                          000DF2  00000D  000DFF      1BE4       0  CODE        2
                text45                         000DFF  00000E  000E0D      1BFE       0  CODE        2
                text2                          000E0D  00000E  000E1B      1C1A       0  CODE        2
                text64                         000E1B  000013  000E2E      1C36       0  CODE        2
                text44                         000E2E  000013  000E41      1C5C       0  CODE        2
                text41                         000E41  000013  000E54      1C82       0  CODE        2
                text40                         000E54  000013  000E67      1CA8       0  CODE        2
                text39                         000E67  000013  000E7A      1CCE       0  CODE        2
                text38                         000E7A  000013  000E8D      1CF4       0  CODE        2
                text36                         000E8D  000013  000EA0      1D1A       0  CODE        2
                text35                         000EA0  000013  000EB3      1D40       0  CODE        2
                text65                         000EB3  000015  000EC8      1D66       0  CODE        2
                text58                         000EC8  000016  000EDE      1D90       0  CODE        2
                text47                         000EDE  000017  000EF5      1DBC       0  CODE        2
                text37                         000EF5  00001A  000F0F      1DEA       0  CODE        2
                text33                         000F0F  00001A  000F29      1E1E       0  CODE        2
                text51                         000F29  000021  000F4A      1E52       0  CODE        2
                text79                         000F4A  000023  000F6D      1E94       0  CODE        2
                text6                          000F6D  000023  000F90      1EDA       0  CODE        2
                text63                         000F90  000024  000FB4      1F20       0  CODE        2
                text71                         000FB4  000025  000FD9      1F68       0  CODE        2
                text46                         000FD9  000027  001000      1FB2       0  CODE        2
                stringtext1                    001000  00004D  00104D      2000       0  STRCODE     2


UNUSED ADDRESS RANGES

        Name                Unused          Largest block    Delta
        BANK0            00068-0006F               8           1
        BANK1            000BD-000EF              33           1
        BANK10           00520-0056F              50           1
        BANK11           005A0-005EF              50           1
        BANK12           00620-0066F              50           1
        BANK13           006A0-006EF              50           1
        BANK14           00720-0076F              50           1
        BANK15           007A0-007EF              50           1
        BANK16           00820-0086F              50           1
        BANK17           008A0-008EF              50           1
        BANK18           00920-0096F              50           1
        BANK19           009A0-009EF              50           1
        BANK2            00120-0016F              50           1
        BANK20           00A20-00A6F              50           1
        BANK21           00AA0-00AEF              50           1
        BANK22           00B20-00B6F              50           1
        BANK23           00BA0-00BEF              50           1
        BANK24           00C20-00C6F              50           1
        BANK25           00CA0-00CEF              50           1
        BANK26           00D20-00D6F              50           1
        BANK27           00DA0-00DEF              50           1
        BANK28           00E20-00E6F              50           1
        BANK29           00EA0-00EEF              50           1
        BANK3            001A0-001EF              50           1
        BANK30           00F20-00F6F              50           1
        BANK31           00FA0-00FEF              50           1
        BANK32           01020-0106F              50           1
        BANK33           010A0-010EF              50           1
        BANK34           01120-0116F              50           1
        BANK35           011A0-011EF              50           1
        BANK36           01220-0126F              50           1
        BANK37           012A0-012EF              50           1
        BANK38           01320-0136F              50           1
        BANK39           013A0-013EF              50           1
        BANK4            00220-0026F              50           1
        BANK40           01420-0146F              50           1
        BANK41           014A0-014EF              50           1
        BANK42           01520-0156F              50           1
        BANK43           015A0-015EF              50           1
        BANK44           01620-0166F              50           1
        BANK45           016A0-016EF              50           1
        BANK46           01720-0176F              50           1
        BANK47           017A0-017EF              50           1
        BANK48           01820-0186F              50           1
        BANK49           018A0-018EF              50           1
        BANK5            002A0-002EF              50           1
        BANK50           01920-0196F              50           1
        BANK6            00320-0036F              50           1
        BANK7            003A0-003EF              50           1
        BANK8            00420-0046F              50           1
        BANK9            004A0-004EF              50           1
        BIGRAM           02000-02FEF             FF0           1
        CODE             00800-00D15             516           2
                         0104D-07FFF             800
        COMMON           0007D-0007D               1           1
        CONST            00800-00D15             100           2
                         0104D-07FFF             100
        EEDATA           0F000-0F0FF             100           2
        ENTRY            00800-00D15             100           2
                         0104D-07FFF             100
        IDLOC            08000-08003               4           2
        RAM              00068-0006F               8           1
                         000BD-000EF              33
                         00120-0016F              50
                         001A0-001EF              50
                         00220-0026F              50
                         002A0-002EF              50
                         00320-0036F              50
                         003A0-003EF              50
                         00420-0046F              50
                         004A0-004EF              50
                         00520-0056F              50
                         005A0-005EF              50
                         00620-0066F              50
                         006A0-006EF              50
                         00720-0076F              50
                         007A0-007EF              50
                         00820-0086F              50
                         008A0-008EF              50
                         00920-0096F              50
                         009A0-009EF              50
                         00A20-00A6F              50
                         00AA0-00AEF              50
                         00B20-00B6F              50
                         00BA0-00BEF              50
                         00C20-00C6F              50
                         00CA0-00CEF              50
                         00D20-00D6F              50
                         00DA0-00DEF              50
                         00E20-00E6F              50
                         00EA0-00EEF              50
                         00F20-00F6F              50
                         00FA0-00FEF              50
                         01020-0106F              50
                         010A0-010EF              50
                         01120-0116F              50
                         011A0-011EF              50
                         01220-0126F              50
                         012A0-012EF              50
                         01320-0136F              50
                         013A0-013EF              50
                         01420-0146F              50
                         014A0-014EF              50
                         01520-0156F              50
                         015A0-015EF              50
                         01620-0166F              50
                         016A0-016EF              50
                         01720-0176F              50
                         017A0-017EF              50
                         01820-0186F              50
                         018A0-018EF              50
                         01920-0196F              50
        SFR0             00000-0001F              20           1
        SFR1             00080-0009F              20           1
        SFR10            00500-0051F              20           1
        SFR11            00580-0059F              20           1
        SFR12            00600-0061F              20           1
        SFR13            00680-0069F              20           1
        SFR14            00700-0071F              20           1
        SFR15            00780-0079F              20           1
        SFR16            00800-0081F              20           1
        SFR17            00880-0089F              20           1
        SFR18            00900-0091F              20           1
        SFR19            00980-0099F              20           1
        SFR2             00100-0011F              20           1
        SFR20            00A00-00A1F              20           1
        SFR21            00A80-00A9F              20           1
        SFR22            00B00-00B1F              20           1
        SFR23            00B80-00B9F              20           1
        SFR24            00C00-00C1F              20           1
        SFR25            00C80-00C9F              20           1
        SFR26            00D00-00D1F              20           1
        SFR27            00D80-00D9F              20           1
        SFR28            00E00-00E1F              20           1
        SFR29            00E80-00E9F              20           1
        SFR3             00180-0019F              20           1
        SFR30            00F00-00F1F              20           1
        SFR31            00F80-00F9F              20           1
        SFR32            01000-0101F              20           1
        SFR33            01080-0109F              20           1
        SFR34            01100-0111F              20           1
        SFR35            01180-0119F              20           1
        SFR36            01200-0121F              20           1
        SFR37            01280-0129F              20           1
        SFR38            01300-0131F              20           1
        SFR39            01380-0139F              20           1
        SFR4             00200-0021F              20           1
        SFR40            01400-0141F              20           1
        SFR41            01480-0149F              20           1
        SFR42            01500-0151F              20           1
        SFR43            01580-0159F              20           1
        SFR44            01600-0161F              20           1
        SFR45            01680-0169F              20           1
        SFR46            01700-0171F              20           1
        SFR47            01780-0179F              20           1
        SFR48            01800-0181F              20           1
        SFR49            01880-0189F              20           1
        SFR5             00280-0029F              20           1
        SFR50            01900-0191F              20           1
        SFR51            01980-019EF              70           1
        SFR52            01A00-01A6F              70           1
        SFR53            01A80-01AEF              70           1
        SFR54            01B00-01B6F              70           1
        SFR55            01B80-01BEF              70           1
        SFR56            01C00-01C6F              70           1
        SFR57            01C80-01CEF              70           1
        SFR58            01D00-01D6F              70           1
        SFR59            01D80-01DEF              70           1
        SFR6             00300-0031F              20           1
        SFR60            01E00-01E6F              70           1
        SFR61            01E80-01EEF              70           1
        SFR62            01F00-01F6F              70           1
        SFR63            01F80-01FEF              70           1
        SFR7             00380-0039F              20           1
        SFR8             00400-0041F              20           1
        SFR9             00480-0049F              20           1
        STACK            0206D-02FEF             F83           1
        STRCODE          00800-00D15             516           2
                         0104D-07FFF            6FB3
        STRING           00800-00D15             100           2
                         0104D-07FFF             100

                                  Symbol Table

?__Umul8_16                                               cstackBANK0  00020
?___awdiv                                                 cstackBANK0  00020
?___flmul                                                 cstackBANK0  0002E
?___fltol                                                 cstackBANK0  00048
?___lwdiv                                                 cstackBANK0  00020
?___xxtofl                                                cstackBANK0  00020
EUSART_SetErrorHandler@interruptHandler                   cstackBANK0  00020
EUSART_SetFramingErrorHandler@interruptHandler            cstackBANK0  00020
EUSART_SetOverrunErrorHandler@interruptHandler            cstackBANK0  00020
I2C1_Close@returnValue                                    cstackBANK0  00021
I2C1_MasterOperation@read                                 cstackBANK0  00028
I2C1_MasterOperation@returnValue                          cstackBANK0  00029
I2C1_MasterSendTxData@data                                cstackBANK0  00020
I2C1_Open@address                                         cstackBANK0  00021
I2C1_Open@returnValue                                     cstackBANK0  00022
I2C1_SetAddressNackCallback@cb                            cstackBANK0  00025
I2C1_SetAddressNackCallback@ptr                           cstackBANK0  00027
I2C1_SetBuffer@buffer                                     cstackBANK0  00023
I2C1_SetBuffer@bufferSize                                 cstackBANK0  00020
I2C1_SetCallback@cb                                       cstackBANK0  00020
I2C1_SetCallback@idx                                      cstackBANK0  00024
I2C1_SetCallback@ptr                                      cstackBANK0  00022
I2C1_SetDataCompleteCallback@cb                           cstackBANK0  00025
I2C1_SetDataCompleteCallback@ptr                          cstackBANK0  00027
TMR0_SetInterruptHandler@InterruptHandler                 cstackBANK0  00020
_ANSELA                                                   (abs)        01F38
_ANSELB                                                   (abs)        01F43
_ANSELC                                                   (abs)        01F4E
_ANSELD                                                   (abs)        01F59
_ANSELE                                                   (abs)        01F64
_BAUD1CON                                                 (abs)        0011F
_EUSART_DefaultErrorHandler                               (abs)        00000
_EUSART_DefaultFramingErrorHandler                        (abs)        00000
_EUSART_DefaultOverrunErrorHandler                        (abs)        00000
_EUSART_ErrorHandler                                      bssBANK0     0005E
_EUSART_FramingErrorHandler                               bssCOMMON    00077
_EUSART_Initialize                                        text71       00FB4
_EUSART_OverrunErrorHandler                               bssBANK0     00060
_EUSART_SetErrorHandler                                   text74       00D73
_EUSART_SetFramingErrorHandler                            text73       00D79
_EUSART_SetOverrunErrorHandler                            text72       00D7F
_I2C1_CallbackReturnReset                                 text42       00002
_I2C1_CallbackReturnStop                                  text43       00D16
_I2C1_Close                                               text51       00F29
_I2C1_DO_ADDRESS_NACK                                     text10       0078F
_I2C1_DO_IDLE                                             text24       00D3B
_I2C1_DO_RCEN                                             text19       00DA3
_I2C1_DO_RESET                                            text11       00D63
_I2C1_DO_RX                                               text20       0059F
_I2C1_DO_RX_ACK                                           text14       00D54
_I2C1_DO_RX_NACK_RESTART                                  text12       00D5E
_I2C1_DO_RX_NACK_STOP                                     text13       00D59
_I2C1_DO_SEND_ADR_READ                                    text23       00DC3
_I2C1_DO_SEND_ADR_WRITE                                   text22       00DB2
_I2C1_DO_SEND_RESTART                                     text16       00D4A
_I2C1_DO_SEND_RESTART_READ                                text18       00D40
_I2C1_DO_SEND_RESTART_WRITE                               text17       00D45
_I2C1_DO_SEND_STOP                                        text15       00D4F
_I2C1_DO_TX                                               text21       00548
_I2C1_DO_TX_EMPTY                                         text25       0075D
_I2C1_Initialize                                          text70       00DBA
_I2C1_MasterClearIrq                                      text54       00D18
_I2C1_MasterClose                                         text53       00D1B
_I2C1_MasterDisableIrq                                    text52       00D1E
_I2C1_MasterEnableRestart                                 text49       00D24
_I2C1_MasterFsm                                           text9        007BF
_I2C1_MasterGetRxData                                     text30       00D2D
_I2C1_MasterIsNack                                        text27       00D91
_I2C1_MasterOpen                                          text4        00DF2
_I2C1_MasterOperation                                     text6        00F6D
_I2C1_MasterSendAck                                       text29       00D37
_I2C1_MasterSendNack                                      text31       00D33
_I2C1_MasterSendTxData                                    text28       00D8B
_I2C1_MasterSetIrq                                        text26       00D30
_I2C1_MasterStart                                         text50       00D21
_I2C1_MasterStartRx                                       text32       00D2A
_I2C1_MasterStop                                          text48       00D27
_I2C1_MasterWaitForEvent                                  text8        00D97
_I2C1_MasterWrite                                         text5        00D68
_I2C1_Open                                                text3        00632
_I2C1_Poller                                              text7        00DE5
_I2C1_SetAddressNackCallback                              text2        00E0D
_I2C1_SetBuffer                                           text47       00EDE
_I2C1_SetCallback                                         text46       00FD9
_I2C1_SetDataCompleteCallback                             text45       00DFF
_I2C1_Status                                              bssBANK1     000A0
_INLVLA                                                   (abs)        01F3C
_INLVLB                                                   (abs)        01F47
_INLVLC                                                   (abs)        01F52
_INLVLD                                                   (abs)        01F5D
_INLVLE                                                   (abs)        01F68
_INTCONbits                                               (abs)        0000B
_INTERRUPT_InterruptManager                               intentry     00004
_LATA                                                     (abs)        00016
_LATB                                                     (abs)        00017
_LATC                                                     (abs)        00018
_LATD                                                     (abs)        00019
_LATDbits                                                 (abs)        00019
_LATE                                                     (abs)        0001A
_ODCONA                                                   (abs)        01F3A
_ODCONB                                                   (abs)        01F45
_ODCONC                                                   (abs)        01F50
_ODCOND                                                   (abs)        01F5B
_ODCONE                                                   (abs)        01F66
_OSCCON1                                                  (abs)        0088D
_OSCCON3                                                  (abs)        0088F
_OSCEN                                                    (abs)        00891
_OSCFRQ                                                   (abs)        00893
_OSCILLATOR_Initialize                                    text69       00DD8
_OSCTUNE                                                  (abs)        00892
_PIE0bits                                                 (abs)        00716
_PIE3bits                                                 (abs)        00719
_PIN_MANAGER_Initialize                                   text68       005EB
_PIR0bits                                                 (abs)        0070C
_PIR3bits                                                 (abs)        0070F
_PLLR                                                     (abs)        04480
_PMD0                                                     (abs)        00796
_PMD1                                                     (abs)        00797
_PMD2                                                     (abs)        00798
_PMD3                                                     (abs)        00799
_PMD4                                                     (abs)        0079A
_PMD5                                                     (abs)        0079B
_PMD_Initialize                                           text67       00DAA
_PORTDbits                                                (abs)        0000F
_RB6PPS                                                   (abs)        01F1E
_RC1REG                                                   (abs)        00119
_RC1STA                                                   (abs)        0011D
_RC1STAbits                                               (abs)        0011D
_RC3PPS                                                   (abs)        01F23
_RC4PPS                                                   (abs)        01F24
_RXPPS                                                    (abs)        01ECB
_SLRCONA                                                  (abs)        01F3B
_SLRCONB                                                  (abs)        01F46
_SLRCONC                                                  (abs)        01F51
_SLRCOND                                                  (abs)        01F5C
_SLRCONE                                                  (abs)        01F67
_SP1BRGH                                                  (abs)        0011C
_SP1BRGL                                                  (abs)        0011B
_SSP1ADD                                                  (abs)        0018D
_SSP1BUF                                                  (abs)        0018C
_SSP1CLKPPS                                               (abs)        01EC5
_SSP1CON1                                                 (abs)        00190
_SSP1CON1bits                                             (abs)        00190
_SSP1CON2                                                 (abs)        00191
_SSP1CON2bits                                             (abs)        00191
_SSP1DATPPS                                               (abs)        01EC6
_SSP1STAT                                                 (abs)        0018F
_SSP1STATbits                                             (abs)        0018F
_SYSTEM_Initialize                                        text64       00E1B
_T0CON0                                                   (abs)        0001E
_T0CON0bits                                               (abs)        0001E
_T0CON1                                                   (abs)        0001F
_TMR0H                                                    (abs)        0001D
_TMR0L                                                    (abs)        0001C
_TMR0_CallBack                                            text77       00DCC
_TMR0_DefaultInterruptHandler                             text78       006ED
_TMR0_ISR                                                 text76       00D6D
_TMR0_Initialize                                          text65       00EB3
_TMR0_InterruptHandler                                    bssCOMMON    00079
_TMR0_SetInterruptHandler                                 text66       00D85
_TRISA                                                    (abs)        00011
_TRISB                                                    (abs)        00012
_TRISC                                                    (abs)        00013
_TRISD                                                    (abs)        00014
_TRISE                                                    (abs)        00015
_TX1REG                                                   (abs)        0011A
_TX1STA                                                   (abs)        0011E
_TX1STAbits                                               (abs)        0011E
_WPUA                                                     (abs)        01F39
_WPUB                                                     (abs)        01F44
_WPUC                                                     (abs)        01F4F
_WPUD                                                     (abs)        01F5A
_WPUE                                                     (abs)        01F65
__Habs1                                                   abs1         00000
__Hbank0                                                  bank0        00000
__Hbank1                                                  bank1        00000
__Hbank10                                                 bank10       00000
__Hbank11                                                 bank11       00000
__Hbank12                                                 bank12       00000
__Hbank13                                                 bank13       00000
__Hbank14                                                 bank14       00000
__Hbank15                                                 bank15       00000
__Hbank16                                                 bank16       00000
__Hbank17                                                 bank17       00000
__Hbank18                                                 bank18       00000
__Hbank19                                                 bank19       00000
__Hbank2                                                  bank2        00000
__Hbank20                                                 bank20       00000
__Hbank21                                                 bank21       00000
__Hbank22                                                 bank22       00000
__Hbank23                                                 bank23       00000
__Hbank24                                                 bank24       00000
__Hbank25                                                 bank25       00000
__Hbank26                                                 bank26       00000
__Hbank27                                                 bank27       00000
__Hbank28                                                 bank28       00000
__Hbank29                                                 bank29       00000
__Hbank3                                                  bank3        00000
__Hbank30                                                 bank30       00000
__Hbank31                                                 bank31       00000
__Hbank32                                                 bank32       00000
__Hbank33                                                 bank33       00000
__Hbank34                                                 bank34       00000
__Hbank35                                                 bank35       00000
__Hbank36                                                 bank36       00000
__Hbank37                                                 bank37       00000
__Hbank38                                                 bank38       00000
__Hbank39                                                 bank39       00000
__Hbank4                                                  bank4        00000
__Hbank40                                                 bank40       00000
__Hbank41                                                 bank41       00000
__Hbank42                                                 bank42       00000
__Hbank43                                                 bank43       00000
__Hbank44                                                 bank44       00000
__Hbank45                                                 bank45       00000
__Hbank46                                                 bank46       00000
__Hbank47                                                 bank47       00000
__Hbank48                                                 bank48       00000
__Hbank49                                                 bank49       00000
__Hbank5                                                  bank5        00000
__Hbank50                                                 bank50       00000
__Hbank51                                                 bank51       00000
__Hbank52                                                 bank52       00000
__Hbank53                                                 bank53       00000
__Hbank54                                                 bank54       00000
__Hbank55                                                 bank55       00000
__Hbank56                                                 bank56       00000
__Hbank57                                                 bank57       00000
__Hbank58                                                 bank58       00000
__Hbank59                                                 bank59       00000
__Hbank6                                                  bank6        00000
__Hbank60                                                 bank60       00000
__Hbank61                                                 bank61       00000
__Hbank62                                                 bank62       00000
__Hbank63                                                 bank63       00000
__Hbank7                                                  bank7        00000
__Hbank8                                                  bank8        00000
__Hbank9                                                  bank9        00000
__Hbigram                                                 bigram       00000
__HbssBANK0                                               bssBANK0     00000
__HbssBANK1                                               bssBANK1     00000
__HbssCOMMON                                              bssCOMMON    00000
__Hcinit                                                  cinit        00030
__Hclrtext                                                clrtext      00000
__Hcode                                                   code         00000
__Hcommon                                                 common       00000
__Hconfig                                                 config       0800C
__HcstackBANK0                                            cstackBANK0  00000
__HcstackCOMMON                                           cstackCOMMON 00000
__Heeprom_data                                            eeprom_data  00000
__Hend_init                                               end_init     00016
__Hfunctab                                                functab      00000
__Hinit                                                   init         00014
__Hintentry                                               intentry     00014
__Hmaintext                                               maintext     00000
__Hpowerup                                                powerup      00000
__Hram                                                    ram          00000
__Hreset_vec                                              reset_vec    00002
__Hsfr0                                                   sfr0         00000
__Hsfr1                                                   sfr1         00000
__Hsfr10                                                  sfr10        00000
__Hsfr11                                                  sfr11        00000
__Hsfr12                                                  sfr12        00000
__Hsfr13                                                  sfr13        00000
__Hsfr14                                                  sfr14        00000
__Hsfr15                                                  sfr15        00000
__Hsfr16                                                  sfr16        00000
__Hsfr17                                                  sfr17        00000
__Hsfr18                                                  sfr18        00000
__Hsfr19                                                  sfr19        00000
__Hsfr2                                                   sfr2         00000
__Hsfr20                                                  sfr20        00000
__Hsfr21                                                  sfr21        00000
__Hsfr22                                                  sfr22        00000
__Hsfr23                                                  sfr23        00000
__Hsfr24                                                  sfr24        00000
__Hsfr25                                                  sfr25        00000
__Hsfr26                                                  sfr26        00000
__Hsfr27                                                  sfr27        00000
__Hsfr28                                                  sfr28        00000
__Hsfr29                                                  sfr29        00000
__Hsfr3                                                   sfr3         00000
__Hsfr30                                                  sfr30        00000
__Hsfr31                                                  sfr31        00000
__Hsfr32                                                  sfr32        00000
__Hsfr33                                                  sfr33        00000
__Hsfr34                                                  sfr34        00000
__Hsfr35                                                  sfr35        00000
__Hsfr36                                                  sfr36        00000
__Hsfr37                                                  sfr37        00000
__Hsfr38                                                  sfr38        00000
__Hsfr39                                                  sfr39        00000
__Hsfr4                                                   sfr4         00000
__Hsfr40                                                  sfr40        00000
__Hsfr41                                                  sfr41        00000
__Hsfr42                                                  sfr42        00000
__Hsfr43                                                  sfr43        00000
__Hsfr44                                                  sfr44        00000
__Hsfr45                                                  sfr45        00000
__Hsfr46                                                  sfr46        00000
__Hsfr47                                                  sfr47        00000
__Hsfr48                                                  sfr48        00000
__Hsfr49                                                  sfr49        00000
__Hsfr5                                                   sfr5         00000
__Hsfr50                                                  sfr50        00000
__Hsfr51                                                  sfr51        00000
__Hsfr52                                                  sfr52        00000
__Hsfr53                                                  sfr53        00000
__Hsfr54                                                  sfr54        00000
__Hsfr55                                                  sfr55        00000
__Hsfr56                                                  sfr56        00000
__Hsfr57                                                  sfr57        00000
__Hsfr58                                                  sfr58        00000
__Hsfr59                                                  sfr59        00000
__Hsfr6                                                   sfr6         00000
__Hsfr60                                                  sfr60        00000
__Hsfr61                                                  sfr61        00000
__Hsfr62                                                  sfr62        00000
__Hsfr63                                                  sfr63        00000
__Hsfr7                                                   sfr7         00000
__Hsfr8                                                   sfr8         00000
__Hsfr9                                                   sfr9         00000
__Hspace_0                                                (abs)        0104D
__Hspace_1                                                (abs)        000BD
__Hspace_2                                                (abs)        00000
__Hspace_3                                                (abs)        00000
__Hspace_4                                                (abs)        10013
__Hstack                                                  stack        00000
__Hstrings                                                strings      00000
__Hstringtext1                                            stringtext1  00000
__Hstringtext2                                            stringtext2  00000
__Hstringtext3                                            stringtext3  00000
__Hstringtext4                                            stringtext4  00000
__Htext                                                   text         00000
__Labs1                                                   abs1         00000
__Lbank0                                                  bank0        00000
__Lbank1                                                  bank1        00000
__Lbank10                                                 bank10       00000
__Lbank11                                                 bank11       00000
__Lbank12                                                 bank12       00000
__Lbank13                                                 bank13       00000
__Lbank14                                                 bank14       00000
__Lbank15                                                 bank15       00000
__Lbank16                                                 bank16       00000
__Lbank17                                                 bank17       00000
__Lbank18                                                 bank18       00000
__Lbank19                                                 bank19       00000
__Lbank2                                                  bank2        00000
__Lbank20                                                 bank20       00000
__Lbank21                                                 bank21       00000
__Lbank22                                                 bank22       00000
__Lbank23                                                 bank23       00000
__Lbank24                                                 bank24       00000
__Lbank25                                                 bank25       00000
__Lbank26                                                 bank26       00000
__Lbank27                                                 bank27       00000
__Lbank28                                                 bank28       00000
__Lbank29                                                 bank29       00000
__Lbank3                                                  bank3        00000
__Lbank30                                                 bank30       00000
__Lbank31                                                 bank31       00000
__Lbank32                                                 bank32       00000
__Lbank33                                                 bank33       00000
__Lbank34                                                 bank34       00000
__Lbank35                                                 bank35       00000
__Lbank36                                                 bank36       00000
__Lbank37                                                 bank37       00000
__Lbank38                                                 bank38       00000
__Lbank39                                                 bank39       00000
__Lbank4                                                  bank4        00000
__Lbank40                                                 bank40       00000
__Lbank41                                                 bank41       00000
__Lbank42                                                 bank42       00000
__Lbank43                                                 bank43       00000
__Lbank44                                                 bank44       00000
__Lbank45                                                 bank45       00000
__Lbank46                                                 bank46       00000
__Lbank47                                                 bank47       00000
__Lbank48                                                 bank48       00000
__Lbank49                                                 bank49       00000
__Lbank5                                                  bank5        00000
__Lbank50                                                 bank50       00000
__Lbank51                                                 bank51       00000
__Lbank52                                                 bank52       00000
__Lbank53                                                 bank53       00000
__Lbank54                                                 bank54       00000
__Lbank55                                                 bank55       00000
__Lbank56                                                 bank56       00000
__Lbank57                                                 bank57       00000
__Lbank58                                                 bank58       00000
__Lbank59                                                 bank59       00000
__Lbank6                                                  bank6        00000
__Lbank60                                                 bank60       00000
__Lbank61                                                 bank61       00000
__Lbank62                                                 bank62       00000
__Lbank63                                                 bank63       00000
__Lbank7                                                  bank7        00000
__Lbank8                                                  bank8        00000
__Lbank9                                                  bank9        00000
__Lbigram                                                 bigram       00000
__LbssBANK0                                               bssBANK0     00000
__LbssBANK1                                               bssBANK1     00000
__LbssCOMMON                                              bssCOMMON    00000
__Lcinit                                                  cinit        00016
__Lclrtext                                                clrtext      00000
__Lcode                                                   code         00000
__Lcommon                                                 common       00000
__Lconfig                                                 config       00000
__LcstackBANK0                                            cstackBANK0  00000
__LcstackCOMMON                                           cstackCOMMON 00000
__Leeprom_data                                            eeprom_data  00000
__Lend_init                                               end_init     00014
__Lfunctab                                                functab      00000
__Linit                                                   init         00014
__Lintentry                                               intentry     00004
__Lmaintext                                               maintext     00000
__Lpowerup                                                powerup      00000
__Lram                                                    ram          00000
__Lreset_vec                                              reset_vec    00000
__Lsfr0                                                   sfr0         00000
__Lsfr1                                                   sfr1         00000
__Lsfr10                                                  sfr10        00000
__Lsfr11                                                  sfr11        00000
__Lsfr12                                                  sfr12        00000
__Lsfr13                                                  sfr13        00000
__Lsfr14                                                  sfr14        00000
__Lsfr15                                                  sfr15        00000
__Lsfr16                                                  sfr16        00000
__Lsfr17                                                  sfr17        00000
__Lsfr18                                                  sfr18        00000
__Lsfr19                                                  sfr19        00000
__Lsfr2                                                   sfr2         00000
__Lsfr20                                                  sfr20        00000
__Lsfr21                                                  sfr21        00000
__Lsfr22                                                  sfr22        00000
__Lsfr23                                                  sfr23        00000
__Lsfr24                                                  sfr24        00000
__Lsfr25                                                  sfr25        00000
__Lsfr26                                                  sfr26        00000
__Lsfr27                                                  sfr27        00000
__Lsfr28                                                  sfr28        00000
__Lsfr29                                                  sfr29        00000
__Lsfr3                                                   sfr3         00000
__Lsfr30                                                  sfr30        00000
__Lsfr31                                                  sfr31        00000
__Lsfr32                                                  sfr32        00000
__Lsfr33                                                  sfr33        00000
__Lsfr34                                                  sfr34        00000
__Lsfr35                                                  sfr35        00000
__Lsfr36                                                  sfr36        00000
__Lsfr37                                                  sfr37        00000
__Lsfr38                                                  sfr38        00000
__Lsfr39                                                  sfr39        00000
__Lsfr4                                                   sfr4         00000
__Lsfr40                                                  sfr40        00000
__Lsfr41                                                  sfr41        00000
__Lsfr42                                                  sfr42        00000
__Lsfr43                                                  sfr43        00000
__Lsfr44                                                  sfr44        00000
[...]
      Params:         0       0       0       0       0       0       0       0       0       0       0       0       0       0       0       0       0       0       0       0       0       0       0       0       0       0       0       0       0       0       0       0       0       0       0       0       0       0       0       0       0       0       0       0       0       0       0       0       0       0       0       0
      Locals:         0       0       0       0       0       0       0       0       0       0       0       0       0       0       0       0       0       0       0       0       0       0       0       0       0       0       0       0       0       0       0       0       0       0       0       0       0       0       0       0       0       0       0       0       0       0       0       0       0       0       0       0
      Temps:          0       0       0       0       0       0       0       0       0       0       0       0       0       0       0       0       0       0       0       0       0       0       0       0       0       0       0       0       0       0       0       0       0       0       0       0       0       0       0       0       0       0       0       0       0       0       0       0       0       0       0       0
      Totals:         0       0       0       0       0       0       0       0       0       0       0       0       0       0       0       0       0       0       0       0       0       0       0       0       0       0       0       0       0       0       0       0       0       0       0       0       0       0       0       0       0       0       0       0       0       0       0       0       0       0       0       0
Total ram usage:        0 bytes
 Hardware stack levels used:    1
 Hardware stack levels required when called:    4
 This function calls:
		_TMR0_ISR
 This function is called by:
		Interrupt level 1
 This function uses a non-reentrant model


 *************** function _TMR0_ISR *****************
 Defined at:
		line 126 in file "mcc_generated_files/tmr0.c"
 Parameters:    Size  Location     Type
		None
 Auto vars:     Size  Location     Type
		None
 Return value:  Size  Location     Type
                  1    wreg      void 
 Registers used:
		wreg, fsr0l, fsr0h, fsr1l, fsr1h, status,2, status,0, pclath, cstack
 Tracked objects:
		On entry : 
		On exit  : 
		Unchanged: 
 Data sizes:     COMMON   BANK0   BANK1   BANK2   BANK3   BANK4   BANK5   BANK6   BANK7   BANK8   BANK9  BANK10  BANK11  BANK12  BANK13  BANK14  BANK15  BANK16  BANK17  BANK18  BANK19  BANK20  BANK21  BANK22  BANK23  BANK24  BANK25  BANK26  BANK27  BANK28  BANK29  BANK30  BANK31  BANK32  BANK33  BANK34  BANK35  BANK36  BANK37  BANK38  BANK39  BANK40  BANK41  BANK42  BANK43  BANK44  BANK45  BANK46  BANK47  BANK48  BANK49  BANK50
      Params:         0       0       0       0       0       0       0       0       0       0       0       0       0       0       0       0       0       0       0       0       0       0       0       0       0       0       0       0       0       0       0       0       0       0       0       0       0       0       0       0       0       0       0       0       0       0       0       0       0       0       0       0
      Locals:         0       0       0       0       0       0       0       0       0       0       0       0       0       0       0       0       0       0       0       0       0       0       0       0       0       0       0       0       0       0       0       0       0       0       0       0       0       0       0       0       0       0       0       0       0       0       0       0       0       0       0       0
      Temps:          0       0       0       0       0       0       0       0       0       0       0       0       0       0       0       0       0       0       0       0       0       0       0       0       0       0       0       0       0       0       0       0       0       0       0       0       0       0       0       0       0       0       0       0       0       0       0       0       0       0       0       0
      Totals:         0       0       0       0       0       0       0       0       0       0       0       0       0       0       0       0       0       0       0       0       0       0       0       0       0       0       0       0       0       0       0       0       0       0       0       0       0       0       0       0       0       0       0       0       0       0       0       0       0       0       0       0
Total ram usage:        0 bytes
 Hardware stack levels used:    1
 Hardware stack levels required when called:    3
 This function calls:
		_TMR0_CallBack
 This function is called by:
		_INTERRUPT_InterruptManager
 This function uses a non-reentrant model


 *************** function _TMR0_CallBack *****************
 Defined at:
		line 137 in file "mcc_generated_files/tmr0.c"
 Parameters:    Size  Location     Type
		None
 Auto vars:     Size  Location     Type
		None
 Return value:  Size  Location     Type
                  1    wreg      void 
 Registers used:
		wreg, fsr0l, fsr0h, fsr1l, fsr1h, status,2, status,0, pclath, cstack
 Tracked objects:
		On entry : 
		On exit  : 
		Unchanged: 
 Data sizes:     COMMON   BANK0   BANK1   BANK2   BANK3   BANK4   BANK5   BANK6   BANK7   BANK8   BANK9  BANK10  BANK11  BANK12  BANK13  BANK14  BANK15  BANK16  BANK17  BANK18  BANK19  BANK20  BANK21  BANK22  BANK23  BANK24  BANK25  BANK26  BANK27  BANK28  BANK29  BANK30  BANK31  BANK32  BANK33  BANK34  BANK35  BANK36  BANK37  BANK38  BANK39  BANK40  BANK41  BANK42  BANK43  BANK44  BANK45  BANK46  BANK47  BANK48  BANK49  BANK50
      Params:         0       0       0       0       0       0       0       0       0       0       0       0       0       0       0       0       0       0       0       0       0       0       0       0       0       0       0       0       0       0       0       0       0       0       0       0       0       0       0       0       0       0       0       0       0       0       0       0       0       0       0       0
      Locals:         0       0       0       0       0       0       0       0       0       0       0       0       0       0       0       0       0       0       0       0       0       0       0       0       0       0       0       0       0       0       0       0       0       0       0       0       0       0       0       0       0       0       0       0       0       0       0       0       0       0       0       0
      Temps:          0       0       0       0       0       0       0       0       0       0       0       0       0       0       0       0       0       0       0       0       0       0       0       0       0       0       0       0       0       0       0       0       0       0       0       0       0       0       0       0       0       0       0       0       0       0       0       0       0       0       0       0
      Totals:         0       0       0       0       0       0       0       0       0       0       0       0       0       0       0       0       0       0       0       0       0       0       0       0       0       0       0       0       0       0       0       0       0       0       0       0       0       0       0       0       0       0       0       0       0       0       0       0       0       0       0       0
Total ram usage:        0 bytes
 Hardware stack levels used:    1
 Hardware stack levels required when called:    2
 This function calls:
		Absolute function
		_TMR0_DefaultInterruptHandler
 This function is called by:
		_TMR0_ISR
 This function uses a non-reentrant model


 *************** function _TMR0_DefaultInterruptHandler *****************
 Defined at:
		line 151 in file "mcc_generated_files/tmr0.c"
 Parameters:    Size  Location     Type
		None
 Auto vars:     Size  Location     Type
		None
 Return value:  Size  Location     Type
                  1    wreg      void 
 Registers used:
		wreg, fsr0l, fsr0h, fsr1l, fsr1h, status,2, status,0, pclath, cstack
 Tracked objects:
		On entry : 
		On exit  : 
		Unchanged: 
 Data sizes:     COMMON   BANK0   BANK1   BANK2   BANK3   BANK4   BANK5   BANK6   BANK7   BANK8   BANK9  BANK10  BANK11  BANK12  BANK13  BANK14  BANK15  BANK16  BANK17  BANK18  BANK19  BANK20  BANK21  BANK22  BANK23  BANK24  BANK25  BANK26  BANK27  BANK28  BANK29  BANK30  BANK31  BANK32  BANK33  BANK34  BANK35  BANK36  BANK37  BANK38  BANK39  BANK40  BANK41  BANK42  BANK43  BANK44  BANK45  BANK46  BANK47  BANK48  BANK49  BANK50
      Params:         0       0       0       0       0       0       0       0       0       0       0       0       0       0       0       0       0       0       0       0       0       0       0       0       0       0       0       0       0       0       0       0       0       0       0       0       0       0       0       0       0       0       0       0       0       0       0       0       0       0       0       0
      Locals:         0       0       0       0       0       0       0       0       0       0       0       0       0       0       0       0       0       0       0       0       0       0       0       0       0       0       0       0       0       0       0       0       0       0       0       0       0       0       0       0       0       0       0       0       0       0       0       0       0       0       0       0
      Temps:          3       0       0       0       0       0       0       0       0       0       0       0       0       0       0       0       0       0       0       0       0       0       0       0       0       0       0       0       0       0       0       0       0       0       0       0       0       0       0       0       0       0       0       0       0       0       0       0       0       0       0       0
      Totals:         3       0       0       0       0       0       0       0       0       0       0       0       0       0       0       0       0       0       0       0       0       0       0       0       0       0       0       0       0       0       0       0       0       0       0       0       0       0       0       0       0       0       0       0       0       0       0       0       0       0       0       0
Total ram usage:        3 bytes
 Hardware stack levels used:    1
 Hardware stack levels required when called:    1
 This function calls:
		_shift_data
 This function is called by:
		_TMR0_Initialize
		_TMR0_CallBack
 This function uses a non-reentrant model


 *************** function _shift_data *****************
 Defined at:
		line 74 in file "main.c"
 Parameters:    Size  Location     Type
  data            1    wreg     unsigned char 
 Auto vars:     Size  Location     Type
  data            1    2[COMMON] unsigned char 
  i               1    3[COMMON] unsigned char 
 Return value:  Size  Location     Type
                  1    wreg      void 
 Registers used:
		wreg, status,2, status,0
 Tracked objects:
		On entry : 
		On exit  : 
		Unchanged: 
 Data sizes:     COMMON   BANK0   BANK1   BANK2   BANK3   BANK4   BANK5   BANK6   BANK7   BANK8   BANK9  BANK10  BANK11  BANK12  BANK13  BANK14  BANK15  BANK16  BANK17  BANK18  BANK19  BANK20  BANK21  BANK22  BANK23  BANK24  BANK25  BANK26  BANK27  BANK28  BANK29  BANK30  BANK31  BANK32  BANK33  BANK34  BANK35  BANK36  BANK37  BANK38  BANK39  BANK40  BANK41  BANK42  BANK43  BANK44  BANK45  BANK46  BANK47  BANK48  BANK49  BANK50
      Params:         0       0       0       0       0       0       0       0       0       0       0       0       0       0       0       0       0       0       0       0       0       0       0       0       0       0       0       0       0       0       0       0       0       0       0       0       0       0       0       0       0       0       0       0       0       0       0       0       0       0       0       0
      Locals:         2       0       0       0       0       0       0       0       0       0       0       0       0       0       0       0       0       0       0       0       0       0       0       0       0       0       0       0       0       0       0       0       0       0       0       0       0       0       0       0       0       0       0       0       0       0       0       0       0       0       0       0
      Temps:          2       0       0       0       0       0       0       0       0       0       0       0       0       0       0       0       0       0       0       0       0       0       0       0       0       0       0       0       0       0       0       0       0       0       0       0       0       0       0       0       0       0       0       0       0       0       0       0       0       0       0       0
      Totals:         4       0       0       0       0       0       0       0       0       0       0       0       0       0       0       0       0       0       0       0       0       0       0       0       0       0       0       0       0       0       0       0       0       0       0       0       0       0       0       0       0       0       0       0       0       0       0       0       0       0       0       0
Total ram usage:        4 bytes
 Hardware stack levels used:    1
 This function calls:
		Nothing
 This function is called by:
		_TMR0_DefaultInterruptHandler
 This function uses a non-reentrant model



MODULE INFORMATION

Module		Function		Class		Link	Load	Size
mcc_generated_files/examples/i2c1_master_example.c
		_wr1RegCompleteHandler		CODE           	0E67	0000	20
		_wr2RegCompleteHandler		CODE           	0E7A	0000	20
		_rdBlkRegCompleteHandler		CODE           	0EF5	0000	27
		_rd1RegCompleteHandler		CODE           	0E41	0000	20
		_rd2RegCompleteHandler		CODE           	0E54	0000	20

mcc_generated_files/examples/i2c1_master_example.c estimated size: 107

mcc_generated_files/i2c1_master.c
		_I2C1_DO_SEND_RESTART		CODE           	0D4A	0000	6
		_I2C1_DO_TX_EMPTY		CODE           	075D	0000	51
		_I2C1_DO_SEND_RESTART_READ		CODE           	0D40	0000	6
		_I2C1_CallbackReturnStop		CODE           	0D16	0000	3
		_I2C1_DO_RX    		CODE           	059F	0000	77
		_I2C1_DO_TX    		CODE           	0548	0000	88
		_I2C1_SetAddressNackCallback		CODE           	0E0D	0000	15
		_I2C1_DO_IDLE  		CODE           	0D3B	0000	6
		_I2C1_MasterOpen		CODE           	0DF2	0000	14
		_I2C1_DO_RCEN  		CODE           	0DA3	0000	8
		_I2C1_MasterSendTxData		CODE           	0D8B	0000	7
		_I2C1_MasterStop		CODE           	0D27	0000	4
		_I2C1_CallbackReturnReset		CODE           	0002	0000	3
		_I2C1_DO_RESET 		CODE           	0D63	0000	6
		_I2C1_MasterStartRx		CODE           	0D2A	0000	4
		_I2C1_Poller   		CODE           	0DE5	0000	14
		_I2C1_DO_RX_ACK		CODE           	0D54	0000	6
		_I2C1_MasterWaitForEvent		CODE           	0D97	0000	7
		_I2C1_MasterSendNack		CODE           	0D33	0000	5
		_I2C1_DO_RX_NACK_RESTART		CODE           	0D5E	0000	6
		_I2C1_MasterDisableIrq		CODE           	0D1E	0000	4
		_I2C1_MasterOperation		CODE           	0F6D	0000	36
		_I2C1_SetCallback		CODE           	0FD9	0000	40
		_I2C1_MasterEnableRestart		CODE           	0D24	0000	4
		_I2C1_Open     		CODE           	0632	0000	66
		_I2C1_DO_ADDRESS_NACK		CODE           	078F	0000	49
		_I2C1_SetBuffer		CODE           	0EDE	0000	24
		_I2C1_DO_SEND_RESTART_WRITE		CODE           	0D45	0000	6
		_I2C1_MasterClose		CODE           	0D1B	0000	4
		_I2C1_MasterWrite		CODE           	0D68	0000	6
		_I2C1_Initialize		CODE           	0DBA	0000	10
		_I2C1_Close    		CODE           	0F29	0000	34
		_I2C1_MasterIsNack		CODE           	0D91	0000	7
		_I2C1_MasterStart		CODE           	0D21	0000	4
		_I2C1_DO_SEND_ADR_WRITE		CODE           	0DB2	0000	9
		_I2C1_MasterClearIrq		CODE           	0D18	0000	4
		_I2C1_SetDataCompleteCallback		CODE           	0DFF	0000	15
		_I2C1_DO_SEND_STOP		CODE           	0D4F	0000	6
		_I2C1_MasterSendAck		CODE           	0D37	0000	5
		_I2C1_MasterFsm		CODE           	07BF	0000	47
		_I2C1_MasterGetRxData		CODE           	0D2D	0000	4
		_I2C1_MasterSetIrq		CODE           	0D30	0000	4
		_I2C1_DO_SEND_ADR_READ		CODE           	0DC3	0000	10
		_I2C1_DO_RX_NACK_STOP		CODE           	0D59	0000	6

mcc_generated_files/i2c1_master.c estimated size: 740

mcc_generated_files/interrupt_manager.c
		_INTERRUPT_InterruptManager		CODE           	0004	0000	17

mcc_generated_files/interrupt_manager.c estimated size: 17

mcc_generated_files/tmr0.c
		_TMR0_SetInterruptHandler		CODE           	0D85	0000	7
		_TMR0_DefaultInterruptHandler		CODE           	06ED	0000	59
		_TMR0_CallBack 		CODE           	0DCC	0000	13
		_TMR0_ISR      		CODE           	0D6D	0000	7
		_TMR0_Initialize		CODE           	0EB3	0000	22

mcc_generated_files/tmr0.c estimated size: 108

mcc_generated_files/pin_manager.c
		_PIN_MANAGER_Initialize		CODE           	05EB	0000	72

mcc_generated_files/pin_manager.c estimated size: 72

mcc_generated_files/drivers/i2c_simple_master.c
		_i2c_readDataBlock		CODE           	0673	0000	62
		_rdBlkRegCompleteHandler@i2c_simple_master$F1499		CODE           	0F0F	0000	27
		_wr1RegCompleteHandler@i2c_simple_master$F1469		CODE           	0E8D	0000	20
		_wr2RegCompleteHandler@i2c_simple_master$F1493		CODE           	0E2E	0000	20
		_rd1RegCompleteHandler@i2c_simple_master$F1479		CODE           	0EA0	0000	20
		_rd2RegCompleteHandler@i2c_simple_master$F1487		CODE           	07ED	0000	20

mcc_generated_files/drivers/i2c_simple_master.c estimated size: 169

shared
		__initialization		CODE           	0016	0000	23
		_pattern       		STRCODE        	1020	0000	13
		_fsmStateTable 		STRCODE        	1000	0000	33

shared estimated size: 69

C:\Program Files\Microchip\xc8\v2.20\pic\sources\c99\common\Umul8_16.c
		__Umul8_16     		CODE           	0F90	0000	37

C:\Program Files\Microchip\xc8\v2.20\pic\sources\c99\common\Umul8_16.c estimated size: 37

mcc_generated_files/mcc.c
		_PMD_Initialize		CODE           	0DAA	0000	9
		_OSCILLATOR_Initialize		CODE           	0DD8	0000	14
		_SYSTEM_Initialize		CODE           	0E1B	0000	20

mcc_generated_files/mcc.c estimated size: 43

C:\Program Files\Microchip\xc8\v2.20\pic\sources\c99\common\sprcmul.c
		___flmul       		CODE           	0030	0000	600

C:\Program Files\Microchip\xc8\v2.20\pic\sources\c99\common\sprcmul.c estimated size: 600

C:\Program Files\Microchip\xc8\v2.20\pic\sources\c99\common\lwdiv.c
		___lwdiv       		CODE           	06B0	0000	62

C:\Program Files\Microchip\xc8\v2.20\pic\sources\c99\common\lwdiv.c estimated size: 62

mcc_generated_files/eusart.c
		_EUSART_Initialize		CODE           	0FB4	0000	38
		_EUSART_SetFramingErrorHandler		CODE           	0D79	0000	7
		_EUSART_SetErrorHandler		CODE           	0D73	0000	7
		_EUSART_SetOverrunErrorHandler		CODE           	0D7F	0000	7

mcc_generated_files/eusart.c estimated size: 59

C:\Program Files\Microchip\xc8\v2.20\pic\sources\c99\common\awdiv.c
		___awdiv       		CODE           	04E8	0000	97

C:\Program Files\Microchip\xc8\v2.20\pic\sources\c99\common\awdiv.c estimated size: 97

C:\Program Files\Microchip\xc8\v2.20\pic\sources\c99\common\fltol.c
		___fltol       		CODE           	0473	0000	118

C:\Program Files\Microchip\xc8\v2.20\pic\sources\c99\common\fltol.c estimated size: 118

main.c
		_convert_uint_to_TempArray		CODE           	0727	0000	55
		_shift_data    		CODE           	0F4A	0000	36
		_main          		CODE           	03E3	0000	145
		_converter_uint_to_array		CODE           	0287	0000	176

main.c estimated size: 412

C:\Program Files\Microchip\xc8\v2.20\pic\sources\c99\common\xxtofl.c
		___xxtofl      		CODE           	0336	0000	174

C:\Program Files\Microchip\xc8\v2.20\pic\sources\c99\common\xxtofl.c estimated size: 174

C:\Program Files\Microchip\xc8\v2.20\pic\sources\c99\common\Umul8.c
		___bmul        		CODE           	0EC8	0000	23

C:\Program Files\Microchip\xc8\v2.20\pic\sources\c99\common\Umul8.c estimated size: 23

