Microchip MPLAB XC8 Compiler V2.20

Linker command line:

-W-3 --edf=C:\Program Files\Microchip\xc8\v2.20\pic\dat\en_msgs.txt -cn \
  -h+dist/default/production\Tutorial_3_DiffPressure.X.production.sym \
  --cmf=dist/default/production\Tutorial_3_DiffPressure.X.production.cmf -z \
  -Q16F18877 -oC:\Users\Dell-i3\AppData\Local\Temp\sbhk.2 \
  --defsym=__MPLAB_BUILD=1 \
  -Mdist/default/production/Tutorial_3_DiffPressure.X.production.map -E1 \
  -ver=XC8 Compiler --acfsm=1493 -ASTACK=020C0h-02FEFh -pstack=STACK \
  -ACODE=00h-07FFhx16 -ASTRCODE=00h-07FFFh -ASTRING=00h-0FFhx128 \
  -ACONST=00h-0FFhx128 -AENTRY=00h-0FFhx128 -ACOMMON=070h-07Fh \
  -ABANK0=020h-06Fh -ABANK1=0A0h-0EFh -ABANK2=0120h-016Fh \
  -ABANK3=01A0h-01EFh -ABANK4=0220h-026Fh -ABANK5=02A0h-02EFh \
  -ABANK6=0320h-036Fh -ABANK7=03A0h-03EFh -ABANK8=0420h-046Fh \
  -ABANK9=04A0h-04EFh -ABANK10=0520h-056Fh -ABANK11=05A0h-05EFh \
  -ABANK12=0620h-066Fh -ABANK13=06A0h-06EFh -ABANK14=0720h-076Fh \
  -ABANK15=07A0h-07EFh -ABANK16=0820h-086Fh -ABANK17=08A0h-08EFh \
  -ABANK18=0920h-096Fh -ABANK19=09A0h-09EFh -ABANK20=0A20h-0A6Fh \
  -ABANK21=0AA0h-0AEFh -ABANK22=0B20h-0B6Fh -ABANK23=0BA0h-0BEFh \
  -ABANK24=0C20h-0C6Fh -ABANK25=0CA0h-0CEFh -ABANK26=0D20h-0D6Fh \
  -ABANK27=0DA0h-0DEFh -ABANK28=0E20h-0E6Fh -ABANK29=0EA0h-0EEFh \
  -ABANK30=0F20h-0F6Fh -ABANK31=0FA0h-0FEFh -ABANK32=01020h-0106Fh \
  -ABANK33=010A0h-010EFh -ABANK34=01120h-0116Fh -ABANK35=011A0h-011EFh \
  -ABANK36=01220h-0126Fh -ABANK37=012A0h-012EFh -ABANK38=01320h-0136Fh \
  -ABANK39=013A0h-013EFh -ABANK40=01420h-0146Fh -ABANK41=014A0h-014EFh \
  -ABANK42=01520h-0156Fh -ABANK43=015A0h-015EFh -ABANK44=01620h-0166Fh \
  -ABANK45=016A0h-016EFh -ABANK46=01720h-0176Fh -ABANK47=017A0h-017EFh \
  -ABANK48=01820h-0186Fh -ABANK49=018A0h-018EFh -ABANK50=01920h-0196Fh \
  -ABIGRAM=02000h-02FEFh \
  -ARAM=020h-06Fh,0A0h-0EFh,0120h-016Fh,01A0h-01EFh,0220h-026Fh,02A0h-02EFh,0320h-036Fh,03A0h-03EFh,0420h-046Fh,04A0h-04EFh,0520h-056Fh,05A0h-05EFh,0620h-066Fh,06A0h-06EFh,0720h-076Fh,07A0h-07EFh,0820h-086Fh,08A0h-08EFh,0920h-096Fh,09A0h-09EFh,0A20h-0A6Fh,0AA0h-0AEFh,0B20h-0B6Fh,0BA0h-0BEFh,0C20h-0C6Fh,0CA0h-0CEFh,0D20h-0D6Fh,0DA0h-0DEFh,0E20h-0E6Fh,0EA0h-0EEFh,0F20h-0F6Fh,0FA0h-0FEFh,01020h-0106Fh,010A0h-010EFh,01120h-0116Fh,011A0h-011EFh,01220h-0126Fh,012A0h-012EFh,01320h-0136Fh,013A0h-013EFh,01420h-0146Fh,014A0h-014EFh,01520h-0156Fh,015A0h-015EFh,01620h-0166Fh,016A0h-016EFh,01720h-0176Fh,017A0h-017EFh,01820h-0186Fh,018A0h-018EFh,01920h-0196Fh \
  -AABS1=020h-07Fh,0A0h-0EFh,0120h-016Fh,01A0h-01EFh,0220h-026Fh,02A0h-02EFh,0320h-036Fh,03A0h-03EFh,0420h-046Fh,04A0h-04EFh,0520h-056Fh,05A0h-05EFh,0620h-066Fh,06A0h-06EFh,0720h-076Fh,07A0h-07EFh,0820h-086Fh,08A0h-08EFh,0920h-096Fh,09A0h-09EFh,0A20h-0A6Fh,0AA0h-0AEFh,0B20h-0B6Fh,0BA0h-0BEFh,0C20h-0C6Fh,0CA0h-0CEFh,0D20h-0D6Fh,0DA0h-0DEFh,0E20h-0E6Fh,0EA0h-0EEFh,0F20h-0F6Fh,0FA0h-0FEFh,01020h-0106Fh,010A0h-010EFh,01120h-0116Fh,011A0h-011EFh,01220h-0126Fh,012A0h-012EFh,01320h-0136Fh,013A0h-013EFh,01420h-0146Fh,014A0h-014EFh,01520h-0156Fh,015A0h-015EFh,01620h-0166Fh,016A0h-016EFh,01720h-0176Fh,017A0h-017EFh,01820h-0186Fh,018A0h-018EFh,01920h-0196Fh \
  -ASFR0=00h-01Fh -ASFR1=080h-09Fh -ASFR2=0100h-011Fh -ASFR3=0180h-019Fh \
  -ASFR4=0200h-021Fh -ASFR5=0280h-029Fh -ASFR6=0300h-031Fh \
  -ASFR7=0380h-039Fh -ASFR8=0400h-041Fh -ASFR9=0480h-049Fh \
  -ASFR10=0500h-051Fh -ASFR11=0580h-059Fh -ASFR12=0600h-061Fh \
  -ASFR13=0680h-069Fh -ASFR14=0700h-071Fh -ASFR15=0780h-079Fh \
  -ASFR16=0800h-081Fh -ASFR17=0880h-089Fh -ASFR18=0900h-091Fh \
  -ASFR19=0980h-099Fh -ASFR20=0A00h-0A1Fh -ASFR21=0A80h-0A9Fh \
  -ASFR22=0B00h-0B1Fh -ASFR23=0B80h-0B9Fh -ASFR24=0C00h-0C1Fh \
  -ASFR25=0C80h-0C9Fh -ASFR26=0D00h-0D1Fh -ASFR27=0D80h-0D9Fh \
  -ASFR28=0E00h-0E1Fh -ASFR29=0E80h-0E9Fh -ASFR30=0F00h-0F1Fh \
  -ASFR31=0F80h-0F9Fh -ASFR32=01000h-0101Fh -ASFR33=01080h-0109Fh \
  -ASFR34=01100h-0111Fh -ASFR35=01180h-0119Fh -ASFR36=01200h-0121Fh \
  -ASFR37=01280h-0129Fh -ASFR38=01300h-0131Fh -ASFR39=01380h-0139Fh \
  -ASFR40=01400h-0141Fh -ASFR41=01480h-0149Fh -ASFR42=01500h-0151Fh \
  -ASFR43=01580h-0159Fh -ASFR44=01600h-0161Fh -ASFR45=01680h-0169Fh \
  -ASFR46=01700h-0171Fh -ASFR47=01780h-0179Fh -ASFR48=01800h-0181Fh \
  -ASFR49=01880h-0189Fh -ASFR50=01900h-0191Fh -ASFR51=01980h-019EFh \
  -ASFR52=01A00h-01A6Fh -ASFR53=01A80h-01AEFh -ASFR54=01B00h-01B6Fh \
  -ASFR55=01B80h-01BEFh -ASFR56=01C00h-01C6Fh -ASFR57=01C80h-01CEFh \
  -ASFR58=01D00h-01D6Fh -ASFR59=01D80h-01DEFh -ASFR60=01E00h-01E6Fh \
  -ASFR61=01E80h-01EEFh -ASFR62=01F00h-01F6Fh -ASFR63=01F80h-01FEFh \
  -ACONFIG=08007h-0800Bh -DCONFIG=2 -AIDLOC=08000h-08003h -DIDLOC=2 \
  -preset_vec=00h,intentry,init,end_init -ppowerup=CODE -pcinit=CODE \
  -pfunctab=ENTRY -AEEDATA=00h-0FFh/0F000h -peeprom_data=EEDATA -DEEDATA=2 \
  -DCODE=2 -DSTRCODE=2 -DSTRING=2 -DCONST=2 -DENTRY=2 -k \
  C:\Users\Dell-i3\AppData\Local\Temp\sbhk.o \
  dist/default/production\Tutorial_3_DiffPressure.X.production.o 

Object code version is 3.11

Machine type is 16F18877



                Name                               Link     Load   Length Selector   Space Scale
C:\Users\Dell-i3\AppData\Local\Temp\sbhk.o
                end_init                              2        2        2        0       0
                reset_vec                             0        0        2        0       0
                config                             8007     8007        5        0       4
dist/default/production\Tutorial_3_DiffPressure.X.production.o
                cinit                               7EA      7EA       16      FD4       0
                config                             8007     8007        5        0       4
                text84                              F36      F36       24     1E6C       0
                text83                              D17      D17        6     1A2E       0
                text82                              D1D      D1D        6     1A3A       0
                text81                              D23      D23        6     1A46       0
                text80                              F13      F13       23     1E26       0
                text79                              D52      D52        9     1AA4       0
                text78                              D77      D77        D     1AEE       0
                text77                              20A      20A       49      414       0
                text76                              D42      D42        8     1A84       0
                text75                              E62      E62       13     1CC4       0
                text74                              357      357       5F      6AE       0
                text73                              D5B      D5B        9     1AB6       0
                text72                                A        A       2D       14       0
                text71                              183      183       41      306       0
                text70                              CDB      CDB        5     19B6       0
                text69                              CB5      CB5        3     196A       0
                text68                               97       97       38      12E       0
                text67                              CB8      CB8        3     1970       0
                text66                              CBB      CBB        3     1976       0
                text65                              CBE      CBE        3     197C       0
                text64                              ED9      ED9       1C     1DB2       0
                text63                              CC1      CC1        3     1982       0
                text62                              CC4      CC4        3     1988       0
                text61                              CC7      CC7        3     198E       0
                text60                              DB8      DB8       10     1B70       0
                text59                              F5A      F5A       26     1EB4       0
                text58                              D84      D84        D     1B08       0
                text57                              DC8      DC8       11     1B90       0
                text56                              CB1      CB1        2     1962       0
                text55                              CB3      CB3        2     1966       0
                text54                              DD9      DD9       11     1BB2       0
                text53                              DEA      DEA       11     1BD4       0
                text52                              DFB      DFB       11     1BF6       0
                text51                              E0C      E0C       11     1C18       0
                text50                              E75      E75       18     1CEA       0
                text49                              E1D      E1D       11     1C3A       0
                text48                              E2E      E2E       11     1C5C       0
                text47                              E3F      E3F       11     1C7E       0
                text46                              E8D      E8D       18     1D1A       0
                text45                              CCA      CCA        3     1994       0
                text44                              CD3      CD3        4     19A6       0
                text43                              CCD      CCD        3     199A       0
                text42                              CD7      CD7        4     19AE       0
                text41                              CE0      CE0        5     19C0       0
                text40                              D29      D29        6     1A52       0
                text39                              CD0      CD0        3     19A0       0
                text38                               37       37       2F       6E       0
                text37                              CE5      CE5        5     19CA       0
                text36                              D64      D64        9     1AC8       0
                text35                              D4A      D4A        8     1A94       0
                text34                              253      253       55      4A6       0
                text33                              1C4      1C4       46      388       0
                text32                              D3B      D3B        7     1A76       0
                text31                              CEA      CEA        5     19D4       0
                text30                              CEF      CEF        5     19DE       0
                text29                              CF4      CF4        5     19E8       0
                text28                              CF9      CF9        5     19F2       0
                text27                              CFE      CFE        5     19FC       0
                text26                              D03      D03        5     1A06       0
                text25                              D08      D08        5     1A10       0
                text24                              D0D      D0D        5     1A1A       0
                text23                              FD4      FD4       2C     1FA8       0
                text22                              FA9      FA9       2B     1F52       0
                text21                              D2F      D2F        6     1A5E       0
                text20                              D91      D91        D     1B22       0
                text19                              EF5      EF5       1E     1DEA       0
                text18                              D12      D12        5     1A24       0
                text17                              D9E      D9E        D     1B3C       0
                text16                               CF       CF       3A      19E       0
                text15                              DAB      DAB        D     1B56       0
                text14                              109      109       3B      212       0
                text13                              57D      57D      101      AFA       0
                text12                              493      493       EA      926       0
                text11                              EA5      EA5       1A     1D4A       0
                text10                              D6D      D6D        A     1ADA       0
                text9                               D35      D35        6     1A6A       0
                text8                               144      144       3F      288       0
                text7                               F80      F80       29     1F00       0
                text6                               EBF      EBF       1A     1D7E       0
                text5                               2A8      2A8       56      550       0
                text4                               67E      67E      16C      CFC       0
                text3                               3B6      3B6       DD      76C       0
                text2                                66       66       31       CC       0
                text1                               E50      E50       12     1CA0       0
                maintext                            2FE      2FE       59      5FC       0
                cstackBANK0                          20       20       4E       20       1
                cstackCOMMON                         70       70        E       70       1
                cstackBANK1                          D2       D2        5       A0       1
                clrtext                               4        4        6        0       0
                bssBANK2                            120      120       20      120       1
                bssBANK1                             A0       A0       32       A0       1
                bssBANK0                             6E       6E        2       20       1
                stringtext1                         800      800       31     1000       0

TOTAL           Name                               Link     Load   Length     Space
        CLASS   STACK          

        CLASS   CODE           
                end_init                              2        2        2         0
                cinit                               7EA      7EA       16         0
                reset_vec                             0        0        2         0
                text84                              F36      F36       24         0
                text83                              D17      D17        6         0
                text82                              D1D      D1D        6         0
                text81                              D23      D23        6         0
                text80                              F13      F13       23         0
                text79                              D52      D52        9         0
                text78                              D77      D77        D         0
                text77                              20A      20A       49         0
                text76                              D42      D42        8         0
                text75                              E62      E62       13         0
                text74                              357      357       5F         0
                text73                              D5B      D5B        9         0
                text72                                A        A       2D         0
                text71                              183      183       41         0
                text70                              CDB      CDB        5         0
                text69                              CB5      CB5        3         0
                text68                               97       97       38         0
                text67                              CB8      CB8        3         0
                text66                              CBB      CBB        3         0
                text65                              CBE      CBE        3         0
                text64                              ED9      ED9       1C         0
                text63                              CC1      CC1        3         0
                text62                              CC4      CC4        3         0
                text61                              CC7      CC7        3         0
                text60                              DB8      DB8       10         0
                text59                              F5A      F5A       26         0
                text58                              D84      D84        D         0
                text57                              DC8      DC8       11         0
                text56                              CB1      CB1        2         0
                text55                              CB3      CB3        2         0
                text54                              DD9      DD9       11         0
                text53                              DEA      DEA       11         0
                text52                              DFB      DFB       11         0
                text51                              E0C      E0C       11         0
                text50                              E75      E75       18         0
                text49                              E1D      E1D       11         0
                text48                              E2E      E2E       11         0
                text47                              E3F      E3F       11         0
                text46                              E8D      E8D       18         0
                text45                              CCA      CCA        3         0
                text44                              CD3      CD3        4         0
                text43                              CCD      CCD        3         0
                text42                              CD7      CD7        4         0
                text41                              CE0      CE0        5         0
                text40                              D29      D29        6         0
                text39                              CD0      CD0        3         0
                text38                               37       37       2F         0
                text37                              CE5      CE5        5         0
                text36                              D64      D64        9         0
                text35                              D4A      D4A        8         0
                text34                              253      253       55         0
                text33                              1C4      1C4       46         0
                text32                              D3B      D3B        7         0
                text31                              CEA      CEA        5         0
                text30                              CEF      CEF        5         0
                text29                              CF4      CF4        5         0
                text28                              CF9      CF9        5         0
                text27                              CFE      CFE        5         0
                text26                              D03      D03        5         0
                text25                              D08      D08        5         0
                text24                              D0D      D0D        5         0
                text23                              FD4      FD4       2C         0
                text22                              FA9      FA9       2B         0
                text21                              D2F      D2F        6         0
                text20                              D91      D91        D         0
                text19                              EF5      EF5       1E         0
                text18                              D12      D12        5         0
                text17                              D9E      D9E        D         0
                text16                               CF       CF       3A         0
                text15                              DAB      DAB        D         0
                text14                              109      109       3B         0
                text13                              57D      57D      101         0
                text12                              493      493       EA         0
                text11                              EA5      EA5       1A         0
                text10                              D6D      D6D        A         0
                text9                               D35      D35        6         0
                text8                               144      144       3F         0
                text7                               F80      F80       29         0
                text6                               EBF      EBF       1A         0
                text5                               2A8      2A8       56         0
                text4                               67E      67E      16C         0
                text3                               3B6      3B6       DD         0
                text2                                66       66       31         0
                text1                               E50      E50       12         0
                maintext                            2FE      2FE       59         0
                clrtext                               4        4        6         0

        CLASS   STRCODE        
                stringtext1                         800      800       31         0

        CLASS   STRING         

        CLASS   CONST          

        CLASS   ENTRY          

        CLASS   COMMON         
                cstackCOMMON                         70       70        E         1

        CLASS   BANK0          
                cstackBANK0                          20       20       4E         1
                bssBANK0                             6E       6E        2         1

        CLASS   BANK1          
                cstackBANK1                          D2       D2        5         1
                bssBANK1                             A0       A0       32         1

        CLASS   BANK2          
                bssBANK2                            120      120       20         1

        CLASS   BANK3          

        CLASS   BANK4          

        CLASS   BANK5          

        CLASS   BANK6          

        CLASS   BANK7          

        CLASS   BANK8          

        CLASS   BANK9          

        CLASS   BANK10         

        CLASS   BANK11         

        CLASS   BANK12         

        CLASS   BANK13         

        CLASS   BANK14         

        CLASS   BANK15         

        CLASS   BANK16         

        CLASS   BANK17         

        CLASS   BANK18         

        CLASS   BANK19         

        CLASS   BANK20         

        CLASS   BANK21         

        CLASS   BANK22         

        CLASS   BANK23         

        CLASS   BANK24         

        CLASS   BANK25         

        CLASS   BANK26         

        CLASS   BANK27         

        CLASS   BANK28         

        CLASS   BANK29         

        CLASS   BANK30         

        CLASS   BANK31         

        CLASS   BANK32         

        CLASS   BANK33         

        CLASS   BANK34         

        CLASS   BANK35         

        CLASS   BANK36         

        CLASS   BANK37         

        CLASS   BANK38         

        CLASS   BANK39         

        CLASS   BANK40         

        CLASS   BANK41         

        CLASS   BANK42         

        CLASS   BANK43         

        CLASS   BANK44         

        CLASS   BANK45         

        CLASS   BANK46         

        CLASS   BANK47         

        CLASS   BANK48         

        CLASS   BANK49         

        CLASS   BANK50         

        CLASS   BIGRAM         

        CLASS   RAM            

        CLASS   ABS1           
                abs_s1                               7E       7E        2         1

        CLASS   SFR0           

        CLASS   SFR1           

        CLASS   SFR2           

        CLASS   SFR3           

        CLASS   SFR4           

        CLASS   SFR5           

        CLASS   SFR6           

        CLASS   SFR7           

        CLASS   SFR8           

        CLASS   SFR9           

        CLASS   SFR10          

        CLASS   SFR11          

        CLASS   SFR12          

        CLASS   SFR13          

        CLASS   SFR14          

        CLASS   SFR15          

        CLASS   SFR16          

        CLASS   SFR17          

        CLASS   SFR18          

        CLASS   SFR19          

        CLASS   SFR20          

        CLASS   SFR21          

        CLASS   SFR22          

        CLASS   SFR23          

        CLASS   SFR24          

        CLASS   SFR25          

        CLASS   SFR26          

        CLASS   SFR27          

        CLASS   SFR28          

        CLASS   SFR29          

        CLASS   SFR30          

        CLASS   SFR31          

        CLASS   SFR32          

        CLASS   SFR33          

        CLASS   SFR34          

        CLASS   SFR35          

        CLASS   SFR36          

        CLASS   SFR37          

        CLASS   SFR38          

        CLASS   SFR39          

        CLASS   SFR40          

        CLASS   SFR41          

        CLASS   SFR42          

        CLASS   SFR43          

        CLASS   SFR44          

        CLASS   SFR45          

        CLASS   SFR46          

        CLASS   SFR47          

        CLASS   SFR48          

        CLASS   SFR49          

        CLASS   SFR50          

        CLASS   SFR51          

        CLASS   SFR52          

        CLASS   SFR53          

        CLASS   SFR54          

        CLASS   SFR55          

        CLASS   SFR56          

        CLASS   SFR57          

        CLASS   SFR58          

        CLASS   SFR59          

        CLASS   SFR60          

        CLASS   SFR61          

        CLASS   SFR62          

        CLASS   SFR63          

        CLASS   CONFIG         
                config                             8007     8007        5         4

        CLASS   IDLOC          

        CLASS   EEDATA         

        CLASS   BANK63         

        CLASS   BANK62         

        CLASS   BANK61         

        CLASS   BANK60         

        CLASS   BANK59         

        CLASS   BANK58         

        CLASS   BANK57         

        CLASS   BANK56         

        CLASS   BANK55         

        CLASS   BANK54         

        CLASS   BANK53         

        CLASS   BANK52         

        CLASS   BANK51         



SEGMENTS        Name                           Load    Length   Top    Selector   Space  Class     Delta

                reset_vec                      000000  00000A  00000A         0       0  CODE        2
                text72                         00000A  00002D  000037        14       0  CODE        2
                cstackBANK0                    000020  000050  000070        20       1  BANK0       1
                text38                         000037  00002F  000066        6E       0  CODE        2
                cstackCOMMON                   000070  00000E  00007E        70       1  COMMON      1
                bssBANK1                       0000A0  000037  0000D7        A0       1  BANK1       1
                text2                          000066  000031  000097        CC       0  CODE        2
                bssBANK2                       000120  000020  000140       120       1  BANK2       1
                text68                         000097  000038  0000CF       12E       0  CODE        2
                text16                         0000CF  00003A  000109       19E       0  CODE        2
                text14                         000109  00003B  000144       212       0  CODE        2
                text8                          000144  00003F  000183       288       0  CODE        2
                text71                         000183  000041  0001C4       306       0  CODE        2
                text33                         0001C4  000046  00020A       388       0  CODE        2
                text77                         00020A  000049  000253       414       0  CODE        2
                text34                         000253  000055  0002A8       4A6       0  CODE        2
                text5                          0002A8  000056  0002FE       550       0  CODE        2
                maintext                       0002FE  000059  000357       5FC       0  CODE        2
                text74                         000357  00005F  0003B6       6AE       0  CODE        2
                text3                          0003B6  0000DD  000493       76C       0  CODE        2
                text12                         000493  0000EA  00057D       926       0  CODE        2
                text13                         00057D  000101  00067E       AFA       0  CODE        2
                text4                          00067E  00016C  0007EA       CFC       0  CODE        2
                cinit                          0007EA  000016  000800       FD4       0  CODE        2
                stringtext1                    000800  000031  000831      1000       0  STRCODE     2
                text56                         000CB1  000002  000CB3      1962       0  CODE        2
                text55                         000CB3  000002  000CB5      1966       0  CODE        2
                text69                         000CB5  000003  000CB8      196A       0  CODE        2
                text67                         000CB8  000003  000CBB      1970       0  CODE        2
                text66                         000CBB  000003  000CBE      1976       0  CODE        2
                text65                         000CBE  000003  000CC1      197C       0  CODE        2
                text63                         000CC1  000003  000CC4      1982       0  CODE        2
                text62                         000CC4  000003  000CC7      1988       0  CODE        2
                text61                         000CC7  000003  000CCA      198E       0  CODE        2
                text45                         000CCA  000003  000CCD      1994       0  CODE        2
                text43                         000CCD  000003  000CD0      199A       0  CODE        2
                text39                         000CD0  000003  000CD3      19A0       0  CODE        2
                text44                         000CD3  000004  000CD7      19A6       0  CODE        2
                text42                         000CD7  000004  000CDB      19AE       0  CODE        2
                text70                         000CDB  000005  000CE0      19B6       0  CODE        2
                text41                         000CE0  000005  000CE5      19C0       0  CODE        2
                text37                         000CE5  000005  000CEA      19CA       0  CODE        2
                text31                         000CEA  000005  000CEF      19D4       0  CODE        2
                text30                         000CEF  000005  000CF4      19DE       0  CODE        2
                text29                         000CF4  000005  000CF9      19E8       0  CODE        2
                text28                         000CF9  000005  000CFE      19F2       0  CODE        2
                text27                         000CFE  000005  000D03      19FC       0  CODE        2
                text26                         000D03  000005  000D08      1A06       0  CODE        2
                text25                         000D08  000005  000D0D      1A10       0  CODE        2
                text24                         000D0D  000005  000D12      1A1A       0  CODE        2
                text18                         000D12  000005  000D17      1A24       0  CODE        2
                text83                         000D17  000006  000D1D      1A2E       0  CODE        2
                text82                         000D1D  000006  000D23      1A3A       0  CODE        2
                text81                         000D23  000006  000D29      1A46       0  CODE        2
                text40                         000D29  000006  000D2F      1A52       0  CODE        2
                text21                         000D2F  000006  000D35      1A5E       0  CODE        2
                text9                          000D35  000006  000D3B      1A6A       0  CODE        2
                text32                         000D3B  000007  000D42      1A76       0  CODE        2
                text76                         000D42  000008  000D4A      1A84       0  CODE        2
                text35                         000D4A  000008  000D52      1A94       0  CODE        2
                text79                         000D52  000009  000D5B      1AA4       0  CODE        2
                text73                         000D5B  000009  000D64      1AB6       0  CODE        2
                text36                         000D64  000009  000D6D      1AC8       0  CODE        2
                text10                         000D6D  00000A  000D77      1ADA       0  CODE        2
                text78                         000D77  00000D  000D84      1AEE       0  CODE        2
                text58                         000D84  00000D  000D91      1B08       0  CODE        2
                text20                         000D91  00000D  000D9E      1B22       0  CODE        2
                text17                         000D9E  00000D  000DAB      1B3C       0  CODE        2
                text15                         000DAB  00000D  000DB8      1B56       0  CODE        2
                text60                         000DB8  000010  000DC8      1B70       0  CODE        2
                text57                         000DC8  000011  000DD9      1B90       0  CODE        2
                text54                         000DD9  000011  000DEA      1BB2       0  CODE        2
                text53                         000DEA  000011  000DFB      1BD4       0  CODE        2
                text52                         000DFB  000011  000E0C      1BF6       0  CODE        2
                text51                         000E0C  000011  000E1D      1C18       0  CODE        2
                text49                         000E1D  000011  000E2E      1C3A       0  CODE        2
                text48                         000E2E  000011  000E3F      1C5C       0  CODE        2
                text47                         000E3F  000011  000E50      1C7E       0  CODE        2
                text1                          000E50  000012  000E62      1CA0       0  CODE        2
                text75                         000E62  000013  000E75      1CC4       0  CODE        2
                text50                         000E75  000018  000E8D      1CEA       0  CODE        2
                text46                         000E8D  000018  000EA5      1D1A       0  CODE        2
                text11                         000EA5  00001A  000EBF      1D4A       0  CODE        2
                text6                          000EBF  00001A  000ED9      1D7E       0  CODE        2
                text64                         000ED9  00001C  000EF5      1DB2       0  CODE        2
                text19                         000EF5  00001E  000F13      1DEA       0  CODE        2
                text80                         000F13  000023  000F36      1E26       0  CODE        2
                text84                         000F36  000024  000F5A      1E6C       0  CODE        2
                text59                         000F5A  000026  000F80      1EB4       0  CODE        2
                text7                          000F80  000029  000FA9      1F00       0  CODE        2
                text22                         000FA9  00002B  000FD4      1F52       0  CODE        2
                text23                         000FD4  00002C  001000      1FA8       0  CODE        2


UNUSED ADDRESS RANGES

        Name                Unused          Largest block    Delta
        BANK1            000D7-000EF              19           1
        BANK10           00520-0056F              50           1
        BANK11           005A0-005EF              50           1
        BANK12           00620-0066F              50           1
        BANK13           006A0-006EF              50           1
        BANK14           00720-0076F              50           1
        BANK15           007A0-007EF              50           1
        BANK16           00820-0086F              50           1
        BANK17           008A0-008EF              50           1
        BANK18           00920-0096F              50           1
        BANK19           009A0-009EF              50           1
        BANK2            00140-0016F              30           1
        BANK20           00A20-00A6F              50           1
        BANK21           00AA0-00AEF              50           1
        BANK22           00B20-00B6F              50           1
        BANK23           00BA0-00BEF              50           1
        BANK24           00C20-00C6F              50           1
        BANK25           00CA0-00CEF              50           1
        BANK26           00D20-00D6F              50           1
        BANK27           00DA0-00DEF              50           1
        BANK28           00E20-00E6F              50           1
        BANK29           00EA0-00EEF              50           1
        BANK3            001A0-001EF              50           1
        BANK30           00F20-00F6F              50           1
        BANK31           00FA0-00FEF              50           1
        BANK32           01020-0106F              50           1
        BANK33           010A0-010EF              50           1
        BANK34           01120-0116F              50           1
        BANK35           011A0-011EF              50           1
        BANK36           01220-0126F              50           1
        BANK37           012A0-012EF              50           1
        BANK38           01320-0136F              50           1
        BANK39           013A0-013EF              50           1
        BANK4            00220-0026F              50           1
        BANK40           01420-0146F              50           1
        BANK41           014A0-014EF              50           1
        BANK42           01520-0156F              50           1
        BANK43           015A0-015EF              50           1
        BANK44           01620-0166F              50           1
        BANK45           016A0-016EF              50           1
        BANK46           01720-0176F              50           1
        BANK47           017A0-017EF              50           1
        BANK48           01820-0186F              50           1
        BANK49           018A0-018EF              50           1
        BANK5            002A0-002EF              50           1
        BANK50           01920-0196F              50           1
        BANK6            00320-0036F              50           1
        BANK7            003A0-003EF              50           1
        BANK8            00420-0046F              50           1
        BANK9            004A0-004EF              50           1
        BIGRAM           02000-02FEF             FF0           1
        CODE             00831-00CB0             480           2
                         01000-07FFF             800
        CONST            00831-00CB0             100           2
                         01000-07FFF             100
        EEDATA           0F000-0F0FF             100           2
        ENTRY            00831-00CB0             100           2
                         01000-07FFF             100
        IDLOC            08000-08003               4           2
        RAM              000D7-000EF              19           1
                         00140-0016F              30
                         001A0-001EF              50
                         00220-0026F              50
                         002A0-002EF              50
                         00320-0036F              50
                         003A0-003EF              50
                         00420-0046F              50
                         004A0-004EF              50
                         00520-0056F              50
                         005A0-005EF              50
                         00620-0066F              50
                         006A0-006EF              50
                         00720-0076F              50
                         007A0-007EF              50
                         00820-0086F              50
                         008A0-008EF              50
                         00920-0096F              50
                         009A0-009EF              50
                         00A20-00A6F              50
                         00AA0-00AEF              50
                         00B20-00B6F              50
                         00BA0-00BEF              50
                         00C20-00C6F              50
                         00CA0-00CEF              50
                         00D20-00D6F              50
                         00DA0-00DEF              50
                         00E20-00E6F              50
                         00EA0-00EEF              50
                         00F20-00F6F              50
                         00FA0-00FEF              50
                         01020-0106F              50
                         010A0-010EF              50
                         01120-0116F              50
                         011A0-011EF              50
                         01220-0126F              50
                         012A0-012EF              50
                         01320-0136F              50
                         013A0-013EF              50
                         01420-0146F              50
                         014A0-014EF              50
                         01520-0156F              50
                         015A0-015EF              50
                         01620-0166F              50
                         016A0-016EF              50
                         01720-0176F              50
                         017A0-017EF              50
                         01820-0186F              50
                         018A0-018EF              50
                         01920-0196F              50
        SFR0             00000-0001F              20           1
        SFR1             00080-0009F              20           1
        SFR10            00500-0051F              20           1
        SFR11            00580-0059F              20           1
        SFR12            00600-0061F              20           1
        SFR13            00680-0069F              20           1
        SFR14            00700-0071F              20           1
        SFR15            00780-0079F              20           1
        SFR16            00800-0081F              20           1
        SFR17            00880-0089F              20           1
        SFR18            00900-0091F              20           1
        SFR19            00980-0099F              20           1
        SFR2             00100-0011F              20           1
        SFR20            00A00-00A1F              20           1
        SFR21            00A80-00A9F              20           1
        SFR22            00B00-00B1F              20           1
        SFR23            00B80-00B9F              20           1
        SFR24            00C00-00C1F              20           1
        SFR25            00C80-00C9F              20           1
        SFR26            00D00-00D1F              20           1
        SFR27            00D80-00D9F              20           1
        SFR28            00E00-00E1F              20           1
        SFR29            00E80-00E9F              20           1
        SFR3             00180-0019F              20           1
        SFR30            00F00-00F1F              20           1
        SFR31            00F80-00F9F              20           1
        SFR32            01000-0101F              20           1
        SFR33            01080-0109F              20           1
        SFR34            01100-0111F              20           1
        SFR35            01180-0119F              20           1
        SFR36            01200-0121F              20           1
        SFR37            01280-0129F              20           1
        SFR38            01300-0131F              20           1
        SFR39            01380-0139F              20           1
        SFR4             00200-0021F              20           1
        SFR40            01400-0141F              20           1
        SFR41            01480-0149F              20           1
        SFR42            01500-0151F              20           1
        SFR43            01580-0159F              20           1
        SFR44            01600-0161F              20           1
        SFR45            01680-0169F              20           1
        SFR46            01700-0171F              20           1
        SFR47            01780-0179F              20           1
        SFR48            01800-0181F              20           1
        SFR49            01880-0189F              20           1
        SFR5             00280-0029F              20           1
        SFR50            01900-0191F              20           1
        SFR51            01980-019EF              70           1
        SFR52            01A00-01A6F              70           1
        SFR53            01A80-01AEF              70           1
        SFR54            01B00-01B6F              70           1
        SFR55            01B80-01BEF              70           1
        SFR56            01C00-01C6F              70           1
        SFR57            01C80-01CEF              70           1
        SFR58            01D00-01D6F              70           1
        SFR59            01D80-01DEF              70           1
        SFR6             00300-0031F              20           1
        SFR60            01E00-01E6F              70           1
        SFR61            01E80-01EEF              70           1
        SFR62            01F00-01F6F              70           1
        SFR63            01F80-01FEF              70           1
        SFR7             00380-0039F              20           1
        SFR8             00400-0041F              20           1
        SFR9             00480-0049F              20           1
        STACK            020C0-02FEF             F30           1
        STRCODE          00831-00CB0             480           2
                         01000-07FFF            7000
        STRING           00831-00CB0             100           2
                         01000-07FFF             100

                                  Symbol Table

?_CRC_CalculatedResultGet                                 cstackCOMMON 00076
?_CRC_ReverseValue                                        cstackCOMMON 00070
?___aodiv                                                 cstackBANK0  00020
?___aomod                                                 cstackBANK0  00020
?___awdiv                                                 cstackCOMMON 00070
?_abs                                                     cstackCOMMON 00073
?_crc_checker                                             cstackBANK0  00025
?_dtoa                                                    cstackBANK0  00030
?_pad                                                     cstackBANK0  00024
?_printf                                                  cstackBANK0  00066
?_strlen                                                  cstackCOMMON 00070
?_vfpfcnvrt                                               cstackBANK0  0004E
?_vfprintf                                                cstackBANK0  0005E
CRC_8BitDataWrite@data                                    cstackCOMMON 00070
CRC_CalculatedResultGet@mask                              cstackBANK0  00020
CRC_CalculatedResultGet@result                            cstackBANK0  00023
CRC_CalculatedResultGet@reverse                           cstackBANK0  00022
CRC_CalculatedResultGet@xorValue                          cstackCOMMON 00076
CRC_ReverseValue@crc                                      cstackCOMMON 00070
CRC_ReverseValue@mask                                     cstackCOMMON 00074
CRC_ReverseValue@reverse                                  cstackCOMMON 00072
EUSART_SetErrorHandler@interruptHandler                   cstackCOMMON 00070
EUSART_SetFramingErrorHandler@interruptHandler            cstackCOMMON 00070
EUSART_SetOverrunErrorHandler@interruptHandler            cstackCOMMON 00070
EUSART_Write@txData                                       cstackCOMMON 00070
I2C1_Close@returnValue                                    cstackCOMMON 00071
I2C1_MasterOperation@read                                 cstackCOMMON 00078
I2C1_MasterOperation@returnValue                          cstackCOMMON 00079
I2C1_MasterSendTxData@data                                cstackCOMMON 00070
I2C1_Open@address                                         cstackCOMMON 00071
I2C1_Open@returnValue                                     cstackCOMMON 00072
I2C1_SetAddressNackCallback@cb                            cstackCOMMON 00075
I2C1_SetAddressNackCallback@ptr                           cstackCOMMON 00077
I2C1_SetBuffer@buffer                                     cstackCOMMON 00073
I2C1_SetBuffer@bufferSize                                 cstackCOMMON 00070
I2C1_SetCallback@cb                                       cstackCOMMON 00070
I2C1_SetCallback@idx                                      cstackCOMMON 00074
I2C1_SetCallback@ptr                                      cstackCOMMON 00072
I2C1_SetDataCompleteCallback@cb                           cstackCOMMON 00075
I2C1_SetDataCompleteCallback@ptr                          cstackCOMMON 00077
_ANSELA                                                   (abs)        01F38
_ANSELB                                                   (abs)        01F43
_ANSELC                                                   (abs)        01F4E
_ANSELD                                                   (abs)        01F59
_ANSELE                                                   (abs)        01F64
_BAUD1CON                                                 (abs)        0011F
_CRCACCH                                                  (abs)        00419
_CRCACCL                                                  (abs)        00418
_CRCCON0                                                  (abs)        0041E
_CRCCON0bits                                              (abs)        0041E
_CRCCON1                                                  (abs)        0041F
_CRCCON1bits                                              (abs)        0041F
_CRCDATL                                                  (abs)        00416
_CRCXORH                                                  (abs)        0041D
_CRCXORL                                                  (abs)        0041C
_CRC_8BitDataWrite                                        text73       00D5B
_CRC_CalculatedResultGet                                  text71       00183
_CRC_Initialize                                           text84       00F36
_CRC_IsBusy                                               text70       00CDB
_CRC_ReverseValue                                         text72       0000A
_CRC_Start                                                text69       00CB5
_EUSART_DefaultErrorHandler                               (abs)        00000
_EUSART_DefaultFramingErrorHandler                        (abs)        00000
_EUSART_DefaultOverrunErrorHandler                        (abs)        00000
_EUSART_ErrorHandler                                      bssBANK1     000C3
_EUSART_FramingErrorHandler                               bssBANK1     000C7
_EUSART_Initialize                                        text80       00F13
_EUSART_OverrunErrorHandler                               bssBANK1     000C5
_EUSART_SetErrorHandler                                   text83       00D17
_EUSART_SetFramingErrorHandler                            text82       00D1D
_EUSART_SetOverrunErrorHandler                            text81       00D23
_EUSART_Write                                             text10       00D6D
_I2C1_CallbackReturnReset                                 text55       00CB3
_I2C1_CallbackReturnStop                                  text56       00CB1
_I2C1_Close                                               text64       00ED9
_I2C1_DO_ADDRESS_NACK                                     text23       00FD4
_I2C1_DO_IDLE                                             text37       00CE5
_I2C1_DO_RCEN                                             text32       00D3B
_I2C1_DO_RESET                                            text24       00D0D
_I2C1_DO_RX                                               text33       001C4
_I2C1_DO_RX_ACK                                           text27       00CFE
_I2C1_DO_RX_NACK_RESTART                                  text25       00D08
_I2C1_DO_RX_NACK_STOP                                     text26       00D03
_I2C1_DO_SEND_ADR_READ                                    text36       00D64
_I2C1_DO_SEND_ADR_WRITE                                   text35       00D4A
_I2C1_DO_SEND_RESTART                                     text29       00CF4
_I2C1_DO_SEND_RESTART_READ                                text31       00CEA
_I2C1_DO_SEND_RESTART_WRITE                               text30       00CEF
_I2C1_DO_SEND_STOP                                        text28       00CF9
_I2C1_DO_TX                                               text34       00253
_I2C1_DO_TX_EMPTY                                         text38       00037
_I2C1_Initialize                                          text79       00D52
_I2C1_MasterClearIrq                                      text67       00CB8
_I2C1_MasterClose                                         text66       00CBB
_I2C1_MasterDisableIrq                                    text65       00CBE
_I2C1_MasterEnableRestart                                 text62       00CC4
_I2C1_MasterFsm                                           text22       00FA9
_I2C1_MasterGetRxData                                     text43       00CCD
_I2C1_MasterIsNack                                        text40       00D29
_I2C1_MasterOpen                                          text17       00D9E
_I2C1_MasterOperation                                     text19       00EF5
_I2C1_MasterSendAck                                       text42       00CD7
_I2C1_MasterSendNack                                      text44       00CD3
_I2C1_MasterSendTxData                                    text41       00CE0
_I2C1_MasterSetIrq                                        text39       00CD0
_I2C1_MasterStart                                         text63       00CC1
_I2C1_MasterStartRx                                       text45       00CCA
_I2C1_MasterStop                                          text61       00CC7
_I2C1_MasterWaitForEvent                                  text21       00D2F
_I2C1_MasterWrite                                         text18       00D12
_I2C1_Open                                                text16       000CF
_I2C1_Poller                                              text20       00D91
_I2C1_SetAddressNackCallback                              text15       00DAB
_I2C1_SetBuffer                                           text60       00DB8
_I2C1_SetCallback                                         text59       00F5A
_I2C1_SetDataCompleteCallback                             text58       00D84
_I2C1_Status                                              bssBANK1     000A0
_INLVLA                                                   (abs)        01F3C
_INLVLB                                                   (abs)        01F47
_INLVLC                                                   (abs)        01F52
_INLVLD                                                   (abs)        01F5D
_INLVLE                                                   (abs)        01F68
_LATA                                                     (abs)        00016
_LATB                                                     (abs)        00017
_LATC                                                     (abs)        00018
_LATD                                                     (abs)        00019
_LATE                                                     (abs)        0001A
_ODCONA                                                   (abs)        01F3A
_ODCONB                                                   (abs)        01F45
_ODCONC                                                   (abs)        01F50
_ODCOND                                                   (abs)        01F5B
_ODCONE                                                   (abs)        01F66
_OSCCON1                                                  (abs)        0088D
_OSCCON3                                                  (abs)        0088F
_OSCEN                                                    (abs)        00891
_OSCFRQ                                                   (abs)        00893
_OSCILLATOR_Initialize                                    text78       00D77
_OSCTUNE                                                  (abs)        00892
_PIE3bits                                                 (abs)        00719
_PIN_MANAGER_Initialize                                   text77       0020A
_PIR3bits                                                 (abs)        0070F
_PIR7bits                                                 (abs)        00713
_PLLR                                                     (abs)        04480
_PMD0                                                     (abs)        00796
_PMD1                                                     (abs)        00797
_PMD2                                                     (abs)        00798
_PMD3                                                     (abs)        00799
_PMD4                                                     (abs)        0079A
_PMD5                                                     (abs)        0079B
_PMD_Initialize                                           text76       00D42
_RB6PPS                                                   (abs)        01F1E
_RC1REG                                                   (abs)        00119
_RC1STA                                                   (abs)        0011D
_RC1STAbits                                               (abs)        0011D
_RC3PPS                                                   (abs)        01F23
_RC4PPS                                                   (abs)        01F24
_RXPPS                                                    (abs)        01ECB
_SCANCON0                                                 (abs)        00410
_SCANCON0bits                                             (abs)        00410
_SCANHADRH                                                (abs)        0040F
_SCANHADRL                                                (abs)        0040E
_SCANLADRH                                                (abs)        0040D
_SCANLADRL                                                (abs)        0040C
_SCANTRIG                                                 (abs)        00411
_SLRCONA                                                  (abs)        01F3B
_SLRCONB                                                  (abs)        01F46
_SLRCONC                                                  (abs)        01F51
_SLRCOND                                                  (abs)        01F5C
_SLRCONE                                                  (abs)        01F67
_SP1BRGH                                                  (abs)        0011C
_SP1BRGL                                                  (abs)        0011B
_SSP1ADD                                                  (abs)        0018D
_SSP1BUF                                                  (abs)        0018C
_SSP1CLKPPS                                               (abs)        01EC5
_SSP1CON1                                                 (abs)        00190
_SSP1CON1bits                                             (abs)        00190
_SSP1CON2                                                 (abs)        00191
_SSP1CON2bits                                             (abs)        00191
_SSP1DATPPS                                               (abs)        01EC6
_SSP1STAT                                                 (abs)        0018F
_SSP1STATbits                                             (abs)        0018F
_SYSTEM_Initialize                                        text75       00E62
_TRISA                                                    (abs)        00011
_TRISB                                                    (abs)        00012
_TRISC                                                    (abs)        00013
_TRISD                                                    (abs)        00014
_TRISE                                                    (abs)        00015
_TX1REG                                                   (abs)        0011A
_TX1STA                                                   (abs)        0011E
_TX1STAbits                                               (abs)        0011E
_WPUA                                                     (abs)        01F39
_WPUB                                                     (abs)        01F44
_WPUC                                                     (abs)        01F4F
_WPUD                                                     (abs)        01F5A
_WPUE                                                     (abs)        01F65
__Habs1                                                   abs1         00000
__Hbank0                                                  bank0        00000
__Hbank1                                                  bank1        00000
__Hbank10                                                 bank10       00000
__Hbank11                                                 bank11       00000
__Hbank12                                                 bank12       00000
__Hbank13                                                 bank13       00000
__Hbank14                                                 bank14       00000
__Hbank15                                                 bank15       00000
__Hbank16                                                 bank16       00000
__Hbank17                                                 bank17       00000
__Hbank18                                                 bank18       00000
__Hbank19                                                 bank19       00000
__Hbank2                                                  bank2        00000
__Hbank20                                                 bank20       00000
__Hbank21                                                 bank21       00000
__Hbank22                                                 bank22       00000
__Hbank23                                                 bank23       00000
__Hbank24                                                 bank24       00000
__Hbank25                                                 bank25       00000
__Hbank26                                                 bank26       00000
__Hbank27                                                 bank27       00000
__Hbank28                                                 bank28       00000
__Hbank29                                                 bank29       00000
__Hbank3                                                  bank3        00000
__Hbank30                                                 bank30       00000
__Hbank31                                                 bank31       00000
__Hbank32                                                 bank32       00000
__Hbank33                                                 bank33       00000
__Hbank34                                                 bank34       00000
__Hbank35                                                 bank35       00000
__Hbank36                                                 bank36       00000
__Hbank37                                                 bank37       00000
__Hbank38                                                 bank38       00000
__Hbank39                                                 bank39       00000
__Hbank4                                                  bank4        00000
__Hbank40                                                 bank40       00000
__Hbank41                                                 bank41       00000
__Hbank42                                                 bank42       00000
__Hbank43                                                 bank43       00000
__Hbank44                                                 bank44       00000
__Hbank45                                                 bank45       00000
__Hbank46                                                 bank46       00000
__Hbank47                                                 bank47       00000
__Hbank48                                                 bank48       00000
__Hbank49                                                 bank49       00000
__Hbank5                                                  bank5        00000
__Hbank50                                                 bank50       00000
__Hbank51                                                 bank51       00000
__Hbank52                                                 bank52       00000
__Hbank53                                                 bank53       00000
__Hbank54                                                 bank54       00000
__Hbank55                                                 bank55       00000
__Hbank56                                                 bank56       00000
__Hbank57                                                 bank57       00000
__Hbank58                                                 bank58       00000
__Hbank59                                                 bank59       00000
__Hbank6                                                  bank6        00000
__Hbank60                                                 bank60       00000
__Hbank61                                                 bank61       00000
__Hbank62                                                 bank62       00000
__Hbank63                                                 bank63       00000
__Hbank7                                                  bank7        00000
__Hbank8                                                  bank8        00000
__Hbank9                                                  bank9        00000
__Hbigram                                                 bigram       00000
__HbssBANK0                                               bssBANK0     00000
__HbssBANK1                                               bssBANK1     00000
__HbssBANK2                                               bssBANK2     00000
__Hcinit                                                  cinit        00800
__Hclrtext                                                clrtext      00000
__Hcode                                                   code         00000
__Hcommon                                                 common       00000
__Hconfig                                                 config       0800C
__HcstackBANK0                                            cstackBANK0  00000
__HcstackBANK1                                            cstackBANK1  00000
__HcstackCOMMON                                           cstackCOMMON 00000
__Heeprom_data                                            eeprom_data  00000
__Hend_init                                               end_init     00004
__Hfunctab                                                functab      00000
__Hinit                                                   init         00002
__Hintentry                                               intentry     00002
__Hmaintext                                               maintext     00000
__Hpowerup                                                powerup      00000
__Hram                                                    ram          00000
__Hreset_vec                                              reset_vec    00002
__Hsfr0                                                   sfr0         00000
__Hsfr1                                                   sfr1         00000
__Hsfr10                                                  sfr10        00000
__Hsfr11                                                  sfr11        00000
__Hsfr12                                                  sfr12        00000
__Hsfr13                                                  sfr13        00000
__Hsfr14                                                  sfr14        00000
__Hsfr15                                                  sfr15        00000
__Hsfr16                                                  sfr16        00000
__Hsfr17                                                  sfr17        00000
__Hsfr18                                                  sfr18        00000
__Hsfr19                                                  sfr19        00000
__Hsfr2                                                   sfr2         00000
__Hsfr20                                                  sfr20        00000
__Hsfr21                                                  sfr21        00000
__Hsfr22                                                  sfr22        00000
__Hsfr23                                                  sfr23        00000
__Hsfr24                                                  sfr24        00000
__Hsfr25                                                  sfr25        00000
__Hsfr26                                                  sfr26        00000
__Hsfr27                                                  sfr27        00000
__Hsfr28                                                  sfr28        00000
__Hsfr29                                                  sfr29        00000
__Hsfr3                                                   sfr3         00000
__Hsfr30                                                  sfr30        00000
__Hsfr31                                                  sfr31        00000
__Hsfr32                                                  sfr32        00000
__Hsfr33                                                  sfr33        00000
__Hsfr34                                                  sfr34        00000
__Hsfr35                                                  sfr35        00000
__Hsfr36                                                  sfr36        00000
__Hsfr37                                                  sfr37        00000
__Hsfr38                                                  sfr38        00000
__Hsfr39                                                  sfr39        00000
__Hsfr4                                                   sfr4         00000
__Hsfr40                                                  sfr40        00000
__Hsfr41                                                  sfr41        00000
__Hsfr42                                                  sfr42        00000
__Hsfr43                                                  sfr43        00000
__Hsfr44                                                  sfr44        00000
__Hsfr45                                                  sfr45        00000
__Hsfr46                                                  sfr46        00000
__Hsfr47                                                  sfr47        00000
__Hsfr48                                                  sfr48        00000
__Hsfr49                                                  sfr49        00000
__Hsfr5                                                   sfr5         00000
__Hsfr50                                                  sfr50        00000
__Hsfr51                                                  sfr51        00000
__Hsfr52                                                  sfr52        00000
__Hsfr53                                                  sfr53        00000
__Hsfr54                                                  sfr54        00000
__Hsfr55                                                  sfr55        00000
__Hsfr56                                                  sfr56        00000
__Hsfr57                                                  sfr57        00000
__Hsfr58                                                  sfr58        00000
__Hsfr59                                                  sfr59        00000
__Hsfr6                                                   sfr6         00000
__Hsfr60                                                  sfr60        00000
__Hsfr61                                                  sfr61        00000
__Hsfr62                                                  sfr62        00000
__Hsfr63                                                  sfr63        00000
__Hsfr7                                                   sfr7         00000
__Hsfr8                                                   sfr8         00000
__Hsfr9                                                   sfr9         00000
__Hspace_0                                                (abs)        01000
__Hspace_1                                                (abs)        00140
__Hspace_2                                                (abs)        00000
__Hspace_3                                                (abs)        00000
__Hspace_4                                                (abs)        10013
__Hstack                                                  stack        00000
__Hstrings                                                strings      00000
__Hstringtext1                                            stringtext1  00000
__Hstringtext2                                            stringtext2  00000
__Htext                                                   text         00000
__Labs1                                                   abs1         00000
__Lbank0                                                  bank0        00000
__Lbank1                                                  bank1        00000
__Lbank10                                                 bank10       00000
__Lbank11                                                 bank11       00000
__Lbank12                                                 bank12       00000
__Lbank13                                                 bank13       00000
__Lbank14                                                 bank14       00000
__Lbank15                                                 bank15       00000
__Lbank16                                                 bank16       00000
__Lbank17                                                 bank17       00000
__Lbank18                                                 bank18       00000
__Lbank19                                                 bank19       00000
__Lbank2                                                  bank2        00000
__Lbank20                                                 bank20       00000
__Lbank21                                                 bank21       00000
__Lbank22                                                 bank22       00000
__Lbank23                                                 bank23       00000
__Lbank24                                                 bank24       00000
__Lbank25                                                 bank25       00000
__Lbank26                                                 bank26       00000
__Lbank27                                                 bank27       00000
__Lbank28                                                 bank28       00000
__Lbank29                                                 bank29       00000
__Lbank3                                                  bank3        00000
__Lbank30                                                 bank30       00000
__Lbank31                                                 bank31       00000
__Lbank32                                                 bank32       00000
__Lbank33                                                 bank33       00000
__Lbank34                                                 bank34       00000
__Lbank35                                                 bank35       00000
__Lbank36                                                 bank36       00000
__Lbank37                                                 bank37       00000
__Lbank38                                                 bank38       00000
__Lbank39                                                 bank39       00000
__Lbank4                                                  bank4        00000
__Lbank40                                                 bank40       00000
__Lbank41                                                 bank41       00000
__Lbank42                                                 bank42       00000
__Lbank43                                                 bank43       00000
__Lbank44                                                 bank44       00000
__Lbank45                                                 bank45       00000
__Lbank46                                                 bank46       00000
__Lbank47                                                 bank47       00000
__Lbank48                                                 bank48       00000
__Lbank49                                                 bank49       00000
__Lbank5                                                  bank5        00000
__Lbank50                                                 bank50       00000
__Lbank51                                                 bank51       00000
__Lbank52                                                 bank52       00000
__Lbank53                                                 bank53       00000
__Lbank54                                                 bank54       00000
__Lbank55                                                 bank55       00000
__Lbank56                                                 bank56       00000
__Lbank57                                                 bank57       00000
__Lbank58                                                 bank58       00000
__Lbank59                                                 bank59       00000
__Lbank6                                                  bank6        00000
__Lbank60                                                 bank60       00000
__Lbank61                                                 bank61       00000
__Lbank62                                                 bank62       00000
__Lbank63                                                 bank63       00000
__Lbank7                                                  bank7        00000
[...]
      Locals:         0       0       0       0       0       0       0       0       0       0       0       0       0       0       0       0       0       0       0       0       0       0       0       0       0       0       0       0       0       0       0       0       0       0       0       0       0       0       0       0       0       0       0       0       0       0       0       0       0       0       0       0
      Temps:          0       0       0       0       0       0       0       0       0       0       0       0       0       0       0       0       0       0       0       0       0       0       0       0       0       0       0       0       0       0       0       0       0       0       0       0       0       0       0       0       0       0       0       0       0       0       0       0       0       0       0       0
      Totals:         0       0       0       0       0       0       0       0       0       0       0       0       0       0       0       0       0       0       0       0       0       0       0       0       0       0       0       0       0       0       0       0       0       0       0       0       0       0       0       0       0       0       0       0       0       0       0       0       0       0       0       0
Total ram usage:        0 bytes
 Hardware stack levels used:    1
 Hardware stack levels required when called:    1
 This function calls:
		_EUSART_SetErrorHandler
		_EUSART_SetFramingErrorHandler
		_EUSART_SetOverrunErrorHandler
 This function is called by:
		_SYSTEM_Initialize
 This function uses a non-reentrant model


 *************** function _EUSART_SetOverrunErrorHandler *****************
 Defined at:
		line 170 in file "mcc_generated_files/eusart.c"
 Parameters:    Size  Location     Type
  interruptHan    2    0[COMMON] PTR FTN()void 
		 -> EUSART_DefaultOverrunErrorHandler(1), 
 Auto vars:     Size  Location     Type
		None
 Return value:  Size  Location     Type
                  1    wreg      void 
 Registers used:
		wreg
 Tracked objects:
		On entry : 
		On exit  : 
		Unchanged: 
 Data sizes:     COMMON   BANK0   BANK1   BANK2   BANK3   BANK4   BANK5   BANK6   BANK7   BANK8   BANK9  BANK10  BANK11  BANK12  BANK13  BANK14  BANK15  BANK16  BANK17  BANK18  BANK19  BANK20  BANK21  BANK22  BANK23  BANK24  BANK25  BANK26  BANK27  BANK28  BANK29  BANK30  BANK31  BANK32  BANK33  BANK34  BANK35  BANK36  BANK37  BANK38  BANK39  BANK40  BANK41  BANK42  BANK43  BANK44  BANK45  BANK46  BANK47  BANK48  BANK49  BANK50
      Params:         2       0       0       0       0       0       0       0       0       0       0       0       0       0       0       0       0       0       0       0       0       0       0       0       0       0       0       0       0       0       0       0       0       0       0       0       0       0       0       0       0       0       0       0       0       0       0       0       0       0       0       0
      Locals:         0       0       0       0       0       0       0       0       0       0       0       0       0       0       0       0       0       0       0       0       0       0       0       0       0       0       0       0       0       0       0       0       0       0       0       0       0       0       0       0       0       0       0       0       0       0       0       0       0       0       0       0
      Temps:          0       0       0       0       0       0       0       0       0       0       0       0       0       0       0       0       0       0       0       0       0       0       0       0       0       0       0       0       0       0       0       0       0       0       0       0       0       0       0       0       0       0       0       0       0       0       0       0       0       0       0       0
      Totals:         2       0       0       0       0       0       0       0       0       0       0       0       0       0       0       0       0       0       0       0       0       0       0       0       0       0       0       0       0       0       0       0       0       0       0       0       0       0       0       0       0       0       0       0       0       0       0       0       0       0       0       0
Total ram usage:        2 bytes
 Hardware stack levels used:    1
 This function calls:
		Nothing
 This function is called by:
		_EUSART_Initialize
 This function uses a non-reentrant model


 *************** function _EUSART_SetFramingErrorHandler *****************
 Defined at:
		line 166 in file "mcc_generated_files/eusart.c"
 Parameters:    Size  Location     Type
  interruptHan    2    0[COMMON] PTR FTN()void 
		 -> EUSART_DefaultFramingErrorHandler(1), 
 Auto vars:     Size  Location     Type
		None
 Return value:  Size  Location     Type
                  1    wreg      void 
 Registers used:
		wreg
 Tracked objects:
		On entry : 
		On exit  : 
		Unchanged: 
 Data sizes:     COMMON   BANK0   BANK1   BANK2   BANK3   BANK4   BANK5   BANK6   BANK7   BANK8   BANK9  BANK10  BANK11  BANK12  BANK13  BANK14  BANK15  BANK16  BANK17  BANK18  BANK19  BANK20  BANK21  BANK22  BANK23  BANK24  BANK25  BANK26  BANK27  BANK28  BANK29  BANK30  BANK31  BANK32  BANK33  BANK34  BANK35  BANK36  BANK37  BANK38  BANK39  BANK40  BANK41  BANK42  BANK43  BANK44  BANK45  BANK46  BANK47  BANK48  BANK49  BANK50
      Params:         2       0       0       0       0       0       0       0       0       0       0       0       0       0       0       0       0       0       0       0       0       0       0       0       0       0       0       0       0       0       0       0       0       0       0       0       0       0       0       0       0       0       0       0       0       0       0       0       0       0       0       0
      Locals:         0       0       0       0       0       0       0       0       0       0       0       0       0       0       0       0       0       0       0       0       0       0       0       0       0       0       0       0       0       0       0       0       0       0       0       0       0       0       0       0       0       0       0       0       0       0       0       0       0       0       0       0
      Temps:          0       0       0       0       0       0       0       0       0       0       0       0       0       0       0       0       0       0       0       0       0       0       0       0       0       0       0       0       0       0       0       0       0       0       0       0       0       0       0       0       0       0       0       0       0       0       0       0       0       0       0       0
      Totals:         2       0       0       0       0       0       0       0       0       0       0       0       0       0       0       0       0       0       0       0       0       0       0       0       0       0       0       0       0       0       0       0       0       0       0       0       0       0       0       0       0       0       0       0       0       0       0       0       0       0       0       0
Total ram usage:        2 bytes
 Hardware stack levels used:    1
 This function calls:
		Nothing
 This function is called by:
		_EUSART_Initialize
 This function uses a non-reentrant model


 *************** function _EUSART_SetErrorHandler *****************
 Defined at:
		line 174 in file "mcc_generated_files/eusart.c"
 Parameters:    Size  Location     Type
  interruptHan    2    0[COMMON] PTR FTN()void 
		 -> EUSART_DefaultErrorHandler(1), 
 Auto vars:     Size  Location     Type
		None
 Return value:  Size  Location     Type
                  1    wreg      void 
 Registers used:
		wreg
 Tracked objects:
		On entry : 
		On exit  : 
		Unchanged: 
 Data sizes:     COMMON   BANK0   BANK1   BANK2   BANK3   BANK4   BANK5   BANK6   BANK7   BANK8   BANK9  BANK10  BANK11  BANK12  BANK13  BANK14  BANK15  BANK16  BANK17  BANK18  BANK19  BANK20  BANK21  BANK22  BANK23  BANK24  BANK25  BANK26  BANK27  BANK28  BANK29  BANK30  BANK31  BANK32  BANK33  BANK34  BANK35  BANK36  BANK37  BANK38  BANK39  BANK40  BANK41  BANK42  BANK43  BANK44  BANK45  BANK46  BANK47  BANK48  BANK49  BANK50
      Params:         2       0       0       0       0       0       0       0       0       0       0       0       0       0       0       0       0       0       0       0       0       0       0       0       0       0       0       0       0       0       0       0       0       0       0       0       0       0       0       0       0       0       0       0       0       0       0       0       0       0       0       0
      Locals:         0       0       0       0       0       0       0       0       0       0       0       0       0       0       0       0       0       0       0       0       0       0       0       0       0       0       0       0       0       0       0       0       0       0       0       0       0       0       0       0       0       0       0       0       0       0       0       0       0       0       0       0
      Temps:          0       0       0       0       0       0       0       0       0       0       0       0       0       0       0       0       0       0       0       0       0       0       0       0       0       0       0       0       0       0       0       0       0       0       0       0       0       0       0       0       0       0       0       0       0       0       0       0       0       0       0       0
      Totals:         2       0       0       0       0       0       0       0       0       0       0       0       0       0       0       0       0       0       0       0       0       0       0       0       0       0       0       0       0       0       0       0       0       0       0       0       0       0       0       0       0       0       0       0       0       0       0       0       0       0       0       0
Total ram usage:        2 bytes
 Hardware stack levels used:    1
 This function calls:
		Nothing
 This function is called by:
		_EUSART_Initialize
 This function uses a non-reentrant model


 *************** function _CRC_Initialize *****************
 Defined at:
		line 76 in file "mcc_generated_files/crc.c"
 Parameters:    Size  Location     Type
		None
 Auto vars:     Size  Location     Type
  seed            2    0        unsigned short 
  poly            2    0        unsigned short 
 Return value:  Size  Location     Type
                  1    wreg      void 
 Registers used:
		wreg, status,2, status,0
 Tracked objects:
		On entry : 
		On exit  : 
		Unchanged: 
 Data sizes:     COMMON   BANK0   BANK1   BANK2   BANK3   BANK4   BANK5   BANK6   BANK7   BANK8   BANK9  BANK10  BANK11  BANK12  BANK13  BANK14  BANK15  BANK16  BANK17  BANK18  BANK19  BANK20  BANK21  BANK22  BANK23  BANK24  BANK25  BANK26  BANK27  BANK28  BANK29  BANK30  BANK31  BANK32  BANK33  BANK34  BANK35  BANK36  BANK37  BANK38  BANK39  BANK40  BANK41  BANK42  BANK43  BANK44  BANK45  BANK46  BANK47  BANK48  BANK49  BANK50
      Params:         0       0       0       0       0       0       0       0       0       0       0       0       0       0       0       0       0       0       0       0       0       0       0       0       0       0       0       0       0       0       0       0       0       0       0       0       0       0       0       0       0       0       0       0       0       0       0       0       0       0       0       0
      Locals:         4       0       0       0       0       0       0       0       0       0       0       0       0       0       0       0       0       0       0       0       0       0       0       0       0       0       0       0       0       0       0       0       0       0       0       0       0       0       0       0       0       0       0       0       0       0       0       0       0       0       0       0
      Temps:          1       0       0       0       0       0       0       0       0       0       0       0       0       0       0       0       0       0       0       0       0       0       0       0       0       0       0       0       0       0       0       0       0       0       0       0       0       0       0       0       0       0       0       0       0       0       0       0       0       0       0       0
      Totals:         5       0       0       0       0       0       0       0       0       0       0       0       0       0       0       0       0       0       0       0       0       0       0       0       0       0       0       0       0       0       0       0       0       0       0       0       0       0       0       0       0       0       0       0       0       0       0       0       0       0       0       0
Total ram usage:        5 bytes
 Hardware stack levels used:    1
 This function calls:
		Nothing
 This function is called by:
		_SYSTEM_Initialize
 This function uses a non-reentrant model



MODULE INFORMATION

Module		Function		Class		Link	Load	Size
C:\Program Files\Microchip\xc8\v2.20\pic\sources\c99\common\nf_fputc.c
		_fputc         		CODE           	0144	0000	64

C:\Program Files\Microchip\xc8\v2.20\pic\sources\c99\common\nf_fputc.c estimated size: 64

mcc_generated_files/examples/i2c1_master_example.c
		_wr1RegCompleteHandler		CODE           	0DFB	0000	18
		_wr2RegCompleteHandler		CODE           	0E0C	0000	18
		_rdBlkRegCompleteHandler		CODE           	0E75	0000	25
		_rd1RegCompleteHandler		CODE           	0DD9	0000	18
		_rd2RegCompleteHandler		CODE           	0DEA	0000	18

mcc_generated_files/examples/i2c1_master_example.c estimated size: 97

mcc_generated_files/i2c1_master.c
		_I2C1_DO_SEND_RESTART		CODE           	0CF4	0000	6
		_I2C1_DO_TX_EMPTY		CODE           	0037	0000	48
		_I2C1_DO_SEND_RESTART_READ		CODE           	0CEA	0000	6
		_I2C1_CallbackReturnStop		CODE           	0CB1	0000	3
		_I2C1_DO_RX    		CODE           	01C4	0000	71
		_I2C1_DO_TX    		CODE           	0253	0000	86
		_I2C1_SetAddressNackCallback		CODE           	0DAB	0000	14
		_I2C1_DO_IDLE  		CODE           	0CE5	0000	6
		_I2C1_MasterOpen		CODE           	0D9E	0000	14
		_I2C1_DO_RCEN  		CODE           	0D3B	0000	8
		_I2C1_MasterSendTxData		CODE           	0CE0	0000	6
		_I2C1_MasterStop		CODE           	0CC7	0000	4
		_I2C1_CallbackReturnReset		CODE           	0CB3	0000	3
		_I2C1_DO_RESET 		CODE           	0D0D	0000	6
		_I2C1_MasterStartRx		CODE           	0CCA	0000	4
		_I2C1_Poller   		CODE           	0D91	0000	14
		_I2C1_DO_RX_ACK		CODE           	0CFE	0000	6
		_I2C1_MasterWaitForEvent		CODE           	0D2F	0000	7
		_I2C1_MasterSendNack		CODE           	0CD3	0000	5
		_I2C1_DO_RX_NACK_RESTART		CODE           	0D08	0000	6
		_I2C1_MasterDisableIrq		CODE           	0CBE	0000	4
		_I2C1_MasterOperation		CODE           	0EF5	0000	31
		_I2C1_SetCallback		CODE           	0F5A	0000	39
		_I2C1_MasterEnableRestart		CODE           	0CC4	0000	4
		_I2C1_Open     		CODE           	00CF	0000	59
		_I2C1_DO_ADDRESS_NACK		CODE           	0FD4	0000	45
		_I2C1_SetBuffer		CODE           	0DB8	0000	17
		_I2C1_DO_SEND_RESTART_WRITE		CODE           	0CEF	0000	6
		_I2C1_MasterClose		CODE           	0CBB	0000	4
		_I2C1_MasterWrite		CODE           	0D12	0000	6
		_I2C1_Initialize		CODE           	0D52	0000	10
		_I2C1_Close    		CODE           	0ED9	0000	29
		_I2C1_MasterIsNack		CODE           	0D29	0000	7
		_I2C1_MasterStart		CODE           	0CC1	0000	4
		_I2C1_DO_SEND_ADR_WRITE		CODE           	0D4A	0000	9
		_I2C1_MasterClearIrq		CODE           	0CB8	0000	4
		_I2C1_SetDataCompleteCallback		CODE           	0D84	0000	14
		_I2C1_DO_SEND_STOP		CODE           	0CF9	0000	6
		_I2C1_MasterSendAck		CODE           	0CD7	0000	5
		_I2C1_MasterFsm		CODE           	0FA9	0000	44
		_I2C1_MasterGetRxData		CODE           	0CCD	0000	4
		_I2C1_MasterSetIrq		CODE           	0CD0	0000	4
		_I2C1_DO_SEND_ADR_READ		CODE           	0D64	0000	10
		_I2C1_DO_RX_NACK_STOP		CODE           	0D03	0000	6

mcc_generated_files/i2c1_master.c estimated size: 694

C:\Program Files\Microchip\xc8\v2.20\pic\sources\c99\common\doprnt.c
		_vfpfcnvrt     		CODE           	03B6	0000	222
		_pad           		CODE           	02A8	0000	87
		_dtoa          		CODE           	067E	0000	365
		_vfprintf      		CODE           	0066	0000	50

C:\Program Files\Microchip\xc8\v2.20\pic\sources\c99\common\doprnt.c estimated size: 724

mcc_generated_files/pin_manager.c
		_PIN_MANAGER_Initialize		CODE           	020A	0000	74

mcc_generated_files/pin_manager.c estimated size: 74

C:\Program Files\Microchip\xc8\v2.20\pic\sources\c99\common\aomod.c
		___aomod       		CODE           	0493	0000	235

C:\Program Files\Microchip\xc8\v2.20\pic\sources\c99\common\aomod.c estimated size: 235

mcc_generated_files/crc.c
		_CRC_IsBusy    		CODE           	0CDB	0000	6
		_CRC_8BitDataWrite		CODE           	0D5B	0000	10
		_CRC_Initialize		CODE           	0F36	0000	37
		_CRC_Start     		CODE           	0CB5	0000	4
		_CRC_ReverseValue		CODE           	000A	0000	46
		_CRC_CalculatedResultGet		CODE           	0183	0000	66

mcc_generated_files/crc.c estimated size: 169

mcc_generated_files/drivers/i2c_simple_master.c
		_i2c_readDataBlock		CODE           	0109	0000	60
		_rdBlkRegCompleteHandler@i2c_simple_master$F1228		CODE           	0E8D	0000	25
		_wr1RegCompleteHandler@i2c_simple_master$F1198		CODE           	0E1D	0000	18
		_wr2RegCompleteHandler@i2c_simple_master$F1222		CODE           	0DC8	0000	18
		_rd1RegCompleteHandler@i2c_simple_master$F1208		CODE           	0E2E	0000	18
		_rd2RegCompleteHandler@i2c_simple_master$F1216		CODE           	0E3F	0000	18

mcc_generated_files/drivers/i2c_simple_master.c estimated size: 157

C:\Program Files\Microchip\xc8\v2.20\pic\sources\c99\common\nf_fputs.c
		_fputs         		CODE           	0F80	0000	42

C:\Program Files\Microchip\xc8\v2.20\pic\sources\c99\common\nf_fputs.c estimated size: 42

shared
		__initialization		CODE           	07EA	0000	20
		_fsmStateTable 		STRCODE        	0800	0000	33

shared estimated size: 53

mcc_generated_files/mcc.c
		_PMD_Initialize		CODE           	0D42	0000	9
		_OSCILLATOR_Initialize		CODE           	0D77	0000	14
		_SYSTEM_Initialize		CODE           	0E62	0000	20

mcc_generated_files/mcc.c estimated size: 43

C:\Program Files\Microchip\xc8\v2.20\pic\sources\c99\common\printf.c
		_printf        		CODE           	0E50	0000	19

C:\Program Files\Microchip\xc8\v2.20\pic\sources\c99\common\printf.c estimated size: 19

C:\Program Files\Microchip\xc8\v2.20\pic\sources\c99\common\aodiv.c
		___aodiv       		CODE           	057D	0000	258

C:\Program Files\Microchip\xc8\v2.20\pic\sources\c99\common\aodiv.c estimated size: 258

C:\Program Files\Microchip\xc8\v2.20\pic\sources\c99\common\abs.c
		_abs           		CODE           	0EA5	0000	27

C:\Program Files\Microchip\xc8\v2.20\pic\sources\c99\common\abs.c estimated size: 27

C:\Program Files\Microchip\xc8\v2.20\pic\sources\c99\common\strlen.c
		_strlen        		CODE           	0EBF	0000	27

C:\Program Files\Microchip\xc8\v2.20\pic\sources\c99\common\strlen.c estimated size: 27

mcc_generated_files/eusart.c
		_putch         		CODE           	0D35	0000	7
		_EUSART_Write  		CODE           	0D6D	0000	11
		_EUSART_Initialize		CODE           	0F13	0000	36
		_EUSART_SetFramingErrorHandler		CODE           	0D1D	0000	7
		_EUSART_SetErrorHandler		CODE           	0D17	0000	7
		_EUSART_SetOverrunErrorHandler		CODE           	0D23	0000	7

mcc_generated_files/eusart.c estimated size: 75

C:\Program Files\Microchip\xc8\v2.20\pic\sources\c99\common\awdiv.c
		___awdiv       		CODE           	0357	0000	96

C:\Program Files\Microchip\xc8\v2.20\pic\sources\c99\common\awdiv.c estimated size: 96

main.c
		_main          		CODE           	02FE	0000	90
		_crc_checker   		CODE           	0097	0000	57

main.c estimated size: 147

