Microchip MPLAB XC8 Compiler V2.20

Linker command line:

-W-3 --edf=C:\Program Files\Microchip\xc8\v2.20\pic\dat\en_msgs.txt -cn \
  -h+dist/default/production\Tutorial_2_Timers.X.production.sym \
  --cmf=dist/default/production\Tutorial_2_Timers.X.production.cmf -z \
  -Q16F18877 -oC:\Users\Dell-i3\AppData\Local\Temp\s4kc.2 \
  --defsym=__MPLAB_BUILD=1 \
  -Mdist/default/production/Tutorial_2_Timers.X.production.map -E1 \
  -ver=XC8 Compiler --acfsm=1493 -ASTACK=02140h-02FEFh -pstack=STACK \
  -ACODE=00h-07FFhx16 -ASTRCODE=00h-07FFFh -ASTRING=00h-0FFhx128 \
  -ACONST=00h-0FFhx128 -AENTRY=00h-0FFhx128 -ACOMMON=070h-07Fh \
  -ABANK0=020h-06Fh -ABANK1=0A0h-0EFh -ABANK2=0120h-016Fh \
  -ABANK3=01A0h-01EFh -ABANK4=0220h-026Fh -ABANK5=02A0h-02EFh \
  -ABANK6=0320h-036Fh -ABANK7=03A0h-03EFh -ABANK8=0420h-046Fh \
  -ABANK9=04A0h-04EFh -ABANK10=0520h-056Fh -ABANK11=05A0h-05EFh \
  -ABANK12=0620h-066Fh -ABANK13=06A0h-06EFh -ABANK14=0720h-076Fh \
  -ABANK15=07A0h-07EFh -ABANK16=0820h-086Fh -ABANK17=08A0h-08EFh \
  -ABANK18=0920h-096Fh -ABANK19=09A0h-09EFh -ABANK20=0A20h-0A6Fh \
  -ABANK21=0AA0h-0AEFh -ABANK22=0B20h-0B6Fh -ABANK23=0BA0h-0BEFh \
  -ABANK24=0C20h-0C6Fh -ABANK25=0CA0h-0CEFh -ABANK26=0D20h-0D6Fh \
  -ABANK27=0DA0h-0DEFh -ABANK28=0E20h-0E6Fh -ABANK29=0EA0h-0EEFh \
  -ABANK30=0F20h-0F6Fh -ABANK31=0FA0h-0FEFh -ABANK32=01020h-0106Fh \
  -ABANK33=010A0h-010EFh -ABANK34=01120h-0116Fh -ABANK35=011A0h-011EFh \
  -ABANK36=01220h-0126Fh -ABANK37=012A0h-012EFh -ABANK38=01320h-0136Fh \
  -ABANK39=013A0h-013EFh -ABANK40=01420h-0146Fh -ABANK41=014A0h-014EFh \
  -ABANK42=01520h-0156Fh -ABANK43=015A0h-015EFh -ABANK44=01620h-0166Fh \
  -ABANK45=016A0h-016EFh -ABANK46=01720h-0176Fh -ABANK47=017A0h-017EFh \
  -ABANK48=01820h-0186Fh -ABANK49=018A0h-018EFh -ABANK50=01920h-0196Fh \
  -ABIGRAM=02000h-02FEFh \
  -ARAM=020h-06Fh,0A0h-0EFh,0120h-016Fh,01A0h-01EFh,0220h-026Fh,02A0h-02EFh,0320h-036Fh,03A0h-03EFh,0420h-046Fh,04A0h-04EFh,0520h-056Fh,05A0h-05EFh,0620h-066Fh,06A0h-06EFh,0720h-076Fh,07A0h-07EFh,0820h-086Fh,08A0h-08EFh,0920h-096Fh,09A0h-09EFh,0A20h-0A6Fh,0AA0h-0AEFh,0B20h-0B6Fh,0BA0h-0BEFh,0C20h-0C6Fh,0CA0h-0CEFh,0D20h-0D6Fh,0DA0h-0DEFh,0E20h-0E6Fh,0EA0h-0EEFh,0F20h-0F6Fh,0FA0h-0FEFh,01020h-0106Fh,010A0h-010EFh,01120h-0116Fh,011A0h-011EFh,01220h-0126Fh,012A0h-012EFh,01320h-0136Fh,013A0h-013EFh,01420h-0146Fh,014A0h-014EFh,01520h-0156Fh,015A0h-015EFh,01620h-0166Fh,016A0h-016EFh,01720h-0176Fh,017A0h-017EFh,01820h-0186Fh,018A0h-018EFh,01920h-0196Fh \
  -AABS1=020h-07Fh,0A0h-0EFh,0120h-016Fh,01A0h-01EFh,0220h-026Fh,02A0h-02EFh,0320h-036Fh,03A0h-03EFh,0420h-046Fh,04A0h-04EFh,0520h-056Fh,05A0h-05EFh,0620h-066Fh,06A0h-06EFh,0720h-076Fh,07A0h-07EFh,0820h-086Fh,08A0h-08EFh,0920h-096Fh,09A0h-09EFh,0A20h-0A6Fh,0AA0h-0AEFh,0B20h-0B6Fh,0BA0h-0BEFh,0C20h-0C6Fh,0CA0h-0CEFh,0D20h-0D6Fh,0DA0h-0DEFh,0E20h-0E6Fh,0EA0h-0EEFh,0F20h-0F6Fh,0FA0h-0FEFh,01020h-0106Fh,010A0h-010EFh,01120h-0116Fh,011A0h-011EFh,01220h-0126Fh,012A0h-012EFh,01320h-0136Fh,013A0h-013EFh,01420h-0146Fh,014A0h-014EFh,01520h-0156Fh,015A0h-015EFh,01620h-0166Fh,016A0h-016EFh,01720h-0176Fh,017A0h-017EFh,01820h-0186Fh,018A0h-018EFh,01920h-0196Fh \
  -ASFR0=00h-01Fh -ASFR1=080h-09Fh -ASFR2=0100h-011Fh -ASFR3=0180h-019Fh \
  -ASFR4=0200h-021Fh -ASFR5=0280h-029Fh -ASFR6=0300h-031Fh \
  -ASFR7=0380h-039Fh -ASFR8=0400h-041Fh -ASFR9=0480h-049Fh \
  -ASFR10=0500h-051Fh -ASFR11=0580h-059Fh -ASFR12=0600h-061Fh \
  -ASFR13=0680h-069Fh -ASFR14=0700h-071Fh -ASFR15=0780h-079Fh \
  -ASFR16=0800h-081Fh -ASFR17=0880h-089Fh -ASFR18=0900h-091Fh \
  -ASFR19=0980h-099Fh -ASFR20=0A00h-0A1Fh -ASFR21=0A80h-0A9Fh \
  -ASFR22=0B00h-0B1Fh -ASFR23=0B80h-0B9Fh -ASFR24=0C00h-0C1Fh \
  -ASFR25=0C80h-0C9Fh -ASFR26=0D00h-0D1Fh -ASFR27=0D80h-0D9Fh \
  -ASFR28=0E00h-0E1Fh -ASFR29=0E80h-0E9Fh -ASFR30=0F00h-0F1Fh \
  -ASFR31=0F80h-0F9Fh -ASFR32=01000h-0101Fh -ASFR33=01080h-0109Fh \
  -ASFR34=01100h-0111Fh -ASFR35=01180h-0119Fh -ASFR36=01200h-0121Fh \
  -ASFR37=01280h-0129Fh -ASFR38=01300h-0131Fh -ASFR39=01380h-0139Fh \
  -ASFR40=01400h-0141Fh -ASFR41=01480h-0149Fh -ASFR42=01500h-0151Fh \
  -ASFR43=01580h-0159Fh -ASFR44=01600h-0161Fh -ASFR45=01680h-0169Fh \
  -ASFR46=01700h-0171Fh -ASFR47=01780h-0179Fh -ASFR48=01800h-0181Fh \
  -ASFR49=01880h-0189Fh -ASFR50=01900h-0191Fh -ASFR51=01980h-019EFh \
  -ASFR52=01A00h-01A6Fh -ASFR53=01A80h-01AEFh -ASFR54=01B00h-01B6Fh \
  -ASFR55=01B80h-01BEFh -ASFR56=01C00h-01C6Fh -ASFR57=01C80h-01CEFh \
  -ASFR58=01D00h-01D6Fh -ASFR59=01D80h-01DEFh -ASFR60=01E00h-01E6Fh \
  -ASFR61=01E80h-01EEFh -ASFR62=01F00h-01F6Fh -ASFR63=01F80h-01FEFh \
  -ACONFIG=08007h-0800Bh -DCONFIG=2 -AIDLOC=08000h-08003h -DIDLOC=2 \
  -preset_vec=00h,intentry,init,end_init -ppowerup=CODE -pcinit=CODE \
  -pfunctab=ENTRY -AEEDATA=00h-0FFh/0F000h -peeprom_data=EEDATA -DEEDATA=2 \
  -DCODE=2 -DSTRCODE=2 -DSTRING=2 -DCONST=2 -DENTRY=2 -k \
  C:\Users\Dell-i3\AppData\Local\Temp\s4kc.o \
  dist/default/production\Tutorial_2_Timers.X.production.o 

Object code version is 3.11

Machine type is 16F18877



                Name                               Link     Load   Length Selector   Space Scale
C:\Users\Dell-i3\AppData\Local\Temp\s4kc.o
                end_init                              2        2        2        0       0
                reset_vec                             0        0        2        0       0
                config                             8007     8007        5        0       4
dist/default/production\Tutorial_2_Timers.X.production.o
                cinit                               7E4      7E4       1C      FC8       0
                config                             8007     8007        5        0       4
                text42                             1F9C     1F9C        6     3F38       0
                text41                             1FA2     1FA2        6     3F44       0
                text40                             1FA8     1FA8        6     3F50       0
                text39                             10FE     10FE       23     21FC       0
                text38                             1FCF     1FCF        D     3F9E       0
                text37                             11A8     11A8       40     2350       0
                text36                              801      801        8     1002       0
                text35                             1FEC     1FEC       14     3FD8       0
                text34                             1FDC     1FDC       10     3FB8       0
                text33                             1060     1060       1D     20C0       0
                text32                             15A0     15A0       AC     2B40       0
                text31                             107D     107D       1F     20FA       0
                text30                             1016     1016       18     202C       0
                text29                             10BC     10BC       21     2178       0
                text28                              832      832       AF     1064       0
                text27                             133A     133A       5F     2674       0
                text26                             1236     1236       53     246C       0
                text25                             164C     164C      1B4     2C98       0
                text24                             11E8     11E8       4E     23D0       0
                text23                             1515     1515       8B     2A2A       0
                text22                             1121     1121       23     2242       0
                text21                              B20      B20      257     1640       0
                text20                             1FC4     1FC4        B     3F88       0
                text19                              8E1      8E1      23F     11C2       0
                text18                             109C     109C       20     2138       0
                text17                             1399     1399       74     2732       0
                text16                             140D     140D       7F     281A       0
                text15                               37       37       EB       6E       0
                text14                             1FBA     1FBA        A     3F74       0
                text13                             1FAE     1FAE        6     3F5C       0
                text12                             1169     1169       3F     22D2       0
                text11                              809      809       29     1012       0
                text10                             1046     1046       1A     208C       0
                text9                              12E1     12E1       59     25C2       0
                text8                              10DD     10DD       21     21BA       0
                text7                              102E     102E       18     205C       0
                text6                              1144     1144       25     2288       0
                text5                               122      122      6C2      244       0
                text4                              1289     1289       58     2512       0
                text3                               D77      D77      289     1AEE       0
                text2                                 6        6       31        C       0
                text1                              1000     1000       16     1AEE       0
                maintext                           148C     148C       89     2918       0
                cstackBANK0                          20       20       4F       20       1
                cstackCOMMON                         70       70        E       70       1
                cstackBANK1                          A0       A0       4A       A0       1
                clrtext                            1FB4     1FB4        6     3F68       0
                bssBANK3                            1A0      1A0       50      1A0       1
                bssBANK2                            120      120       1E      120       1
                bssBANK1                             EA       EA        6       A0       1
                bssBANK0                             6F       6F        1       20       1
                stringtext6                        2010     2010        3     4000       0
                stringtext5                        200C     200C        4     4000       0
                stringtext4                        2008     2008        4     4000       0
                stringtext3                        2004     2004        4     4000       0
                stringtext2                        2000     2000        4     4000       0
                stringtext1                        1800     1800       15     3000       0

TOTAL           Name                               Link     Load   Length     Space
        CLASS   STACK          

        CLASS   CODE           
                end_init                              2        2        2         0
                cinit                               7E4      7E4       1C         0
                reset_vec                             0        0        2         0
                text42                             1F9C     1F9C        6         0
                text41                             1FA2     1FA2        6         0
                text40                             1FA8     1FA8        6         0
                text39                             10FE     10FE       23         0
                text38                             1FCF     1FCF        D         0
                text37                             11A8     11A8       40         0
                text36                              801      801        8         0
                text35                             1FEC     1FEC       14         0
                text34                             1FDC     1FDC       10         0
                text33                             1060     1060       1D         0
                text32                             15A0     15A0       AC         0
                text31                             107D     107D       1F         0
                text30                             1016     1016       18         0
                text29                             10BC     10BC       21         0
                text28                              832      832       AF         0
                text27                             133A     133A       5F         0
                text26                             1236     1236       53         0
                text25                             164C     164C      1B4         0
                text24                             11E8     11E8       4E         0
                text23                             1515     1515       8B         0
                text22                             1121     1121       23         0
                text21                              B20      B20      257         0
                text20                             1FC4     1FC4        B         0
                text19                              8E1      8E1      23F         0
                text18                             109C     109C       20         0
                text17                             1399     1399       74         0
                text16                             140D     140D       7F         0
                text15                               37       37       EB         0
                text14                             1FBA     1FBA        A         0
                text13                             1FAE     1FAE        6         0
                text12                             1169     1169       3F         0
                text11                              809      809       29         0
                text10                             1046     1046       1A         0
                text9                              12E1     12E1       59         0
                text8                              10DD     10DD       21         0
                text7                              102E     102E       18         0
                text6                              1144     1144       25         0
                text5                               122      122      6C2         0
                text4                              1289     1289       58         0
                text3                               D77      D77      289         0
                text2                                 6        6       31         0
                text1                              1000     1000       16         0
                maintext                           148C     148C       89         0
                clrtext                            1FB4     1FB4        6         0

        CLASS   STRCODE        
                stringtext6                        2010     2010        3         0
                stringtext5                        200C     200C        4         0
                stringtext4                        2008     2008        4         0
                stringtext3                        2004     2004        4         0
                stringtext2                        2000     2000        4         0
                stringtext1                        1800     1800       15         0

        CLASS   STRING         

        CLASS   CONST          

        CLASS   ENTRY          

        CLASS   COMMON         
                cstackCOMMON                         70       70        E         1

        CLASS   BANK0          
                cstackBANK0                          20       20       4F         1
                bssBANK0                             6F       6F        1         1

        CLASS   BANK1          
                cstackBANK1                          A0       A0       4A         1
                bssBANK1                             EA       EA        6         1

        CLASS   BANK2          
                bssBANK2                            120      120       1E         1

        CLASS   BANK3          
                bssBANK3                            1A0      1A0       50         1

        CLASS   BANK4          

        CLASS   BANK5          

        CLASS   BANK6          

        CLASS   BANK7          

        CLASS   BANK8          

        CLASS   BANK9          

        CLASS   BANK10         

        CLASS   BANK11         

        CLASS   BANK12         

        CLASS   BANK13         

        CLASS   BANK14         

        CLASS   BANK15         

        CLASS   BANK16         

        CLASS   BANK17         

        CLASS   BANK18         

        CLASS   BANK19         

        CLASS   BANK20         

        CLASS   BANK21         

        CLASS   BANK22         

        CLASS   BANK23         

        CLASS   BANK24         

        CLASS   BANK25         

        CLASS   BANK26         

        CLASS   BANK27         

        CLASS   BANK28         

        CLASS   BANK29         

        CLASS   BANK30         

        CLASS   BANK31         

        CLASS   BANK32         

        CLASS   BANK33         

        CLASS   BANK34         

        CLASS   BANK35         

        CLASS   BANK36         

        CLASS   BANK37         

        CLASS   BANK38         

        CLASS   BANK39         

        CLASS   BANK40         

        CLASS   BANK41         

        CLASS   BANK42         

        CLASS   BANK43         

        CLASS   BANK44         

        CLASS   BANK45         

        CLASS   BANK46         

        CLASS   BANK47         

        CLASS   BANK48         

        CLASS   BANK49         

        CLASS   BANK50         

        CLASS   BIGRAM         

        CLASS   RAM            

        CLASS   ABS1           
                abs_s1                               7E       7E        2         1

        CLASS   SFR0           

        CLASS   SFR1           

        CLASS   SFR2           

        CLASS   SFR3           

        CLASS   SFR4           

        CLASS   SFR5           

        CLASS   SFR6           

        CLASS   SFR7           

        CLASS   SFR8           

        CLASS   SFR9           

        CLASS   SFR10          

        CLASS   SFR11          

        CLASS   SFR12          

        CLASS   SFR13          

        CLASS   SFR14          

        CLASS   SFR15          

        CLASS   SFR16          

        CLASS   SFR17          

        CLASS   SFR18          

        CLASS   SFR19          

        CLASS   SFR20          

        CLASS   SFR21          

        CLASS   SFR22          

        CLASS   SFR23          

        CLASS   SFR24          

        CLASS   SFR25          

        CLASS   SFR26          

        CLASS   SFR27          

        CLASS   SFR28          

        CLASS   SFR29          

        CLASS   SFR30          

        CLASS   SFR31          

        CLASS   SFR32          

        CLASS   SFR33          

        CLASS   SFR34          

        CLASS   SFR35          

        CLASS   SFR36          

        CLASS   SFR37          

        CLASS   SFR38          

        CLASS   SFR39          

        CLASS   SFR40          

        CLASS   SFR41          

        CLASS   SFR42          

        CLASS   SFR43          

        CLASS   SFR44          

        CLASS   SFR45          

        CLASS   SFR46          

        CLASS   SFR47          

        CLASS   SFR48          

        CLASS   SFR49          

        CLASS   SFR50          

        CLASS   SFR51          

        CLASS   SFR52          

        CLASS   SFR53          

        CLASS   SFR54          

        CLASS   SFR55          

        CLASS   SFR56          

        CLASS   SFR57          

        CLASS   SFR58          

        CLASS   SFR59          

        CLASS   SFR60          

        CLASS   SFR61          

        CLASS   SFR62          

        CLASS   SFR63          

        CLASS   CONFIG         
                config                             8007     8007        5         4

        CLASS   IDLOC          

        CLASS   EEDATA         

        CLASS   BANK63         

        CLASS   BANK62         

        CLASS   BANK61         

        CLASS   BANK60         

        CLASS   BANK59         

        CLASS   BANK58         

        CLASS   BANK57         

        CLASS   BANK56         

        CLASS   BANK55         

        CLASS   BANK54         

        CLASS   BANK53         

        CLASS   BANK52         

        CLASS   BANK51         



SEGMENTS        Name                           Load    Length   Top    Selector   Space  Class     Delta

                reset_vec                      000000  000004  000004         0       0  CODE        2
                text2                          000006  000031  000037         C       0  CODE        2
                cstackBANK0                    000020  000050  000070        20       1  BANK0       1
                text15                         000037  0000EB  000122        6E       0  CODE        2
                cstackCOMMON                   000070  00000E  00007E        70       1  COMMON      1
                cstackBANK1                    0000A0  000050  0000F0        A0       1  BANK1       1
                bssBANK2                       000120  00001E  00013E       120       1  BANK2       1
                bssBANK3                       0001A0  000050  0001F0       1A0       1  BANK3       1
                text5                          000122  0006C2  0007E4       244       0  CODE        2
                cinit                          0007E4  00001C  000800       FC8       0  CODE        2
                text36                         000801  000008  000809      1002       0  CODE        2
                text11                         000809  000029  000832      1012       0  CODE        2
                text28                         000832  0000AF  0008E1      1064       0  CODE        2
                text19                         0008E1  00023F  000B20      11C2       0  CODE        2
                text21                         000B20  000257  000D77      1640       0  CODE        2
                text3                          000D77  00029F  001016      1AEE       0  CODE        2
                text30                         001016  000018  00102E      202C       0  CODE        2
                text7                          00102E  000018  001046      205C       0  CODE        2
                text10                         001046  00001A  001060      208C       0  CODE        2
                text33                         001060  00001D  00107D      20C0       0  CODE        2
                text31                         00107D  00001F  00109C      20FA       0  CODE        2
                text18                         00109C  000020  0010BC      2138       0  CODE        2
                text29                         0010BC  000021  0010DD      2178       0  CODE        2
                text8                          0010DD  000021  0010FE      21BA       0  CODE        2
                text39                         0010FE  000023  001121      21FC       0  CODE        2
                text22                         001121  000023  001144      2242       0  CODE        2
                text6                          001144  000025  001169      2288       0  CODE        2
                text12                         001169  00003F  0011A8      22D2       0  CODE        2
                text37                         0011A8  000040  0011E8      2350       0  CODE        2
                text24                         0011E8  00004E  001236      23D0       0  CODE        2
                text26                         001236  000053  001289      246C       0  CODE        2
                text4                          001289  000058  0012E1      2512       0  CODE        2
                text9                          0012E1  000059  00133A      25C2       0  CODE        2
                text27                         00133A  00005F  001399      2674       0  CODE        2
                text17                         001399  000074  00140D      2732       0  CODE        2
                text16                         00140D  00007F  00148C      281A       0  CODE        2
                maintext                       00148C  000089  001515      2918       0  CODE        2
                text23                         001515  00008B  0015A0      2A2A       0  CODE        2
                text32                         0015A0  0000AC  00164C      2B40       0  CODE        2
                text25                         00164C  0001B4  001800      2C98       0  CODE        2
                stringtext1                    001800  000015  001815      3000       0  STRCODE     2
                text42                         001F9C  000006  001FA2      3F38       0  CODE        2
                text41                         001FA2  000006  001FA8      3F44       0  CODE        2
                text40                         001FA8  000006  001FAE      3F50       0  CODE        2
                text13                         001FAE  000006  001FB4      3F5C       0  CODE        2
                clrtext                        001FB4  000006  001FBA      3F68       0  CODE        2
                text14                         001FBA  00000A  001FC4      3F74       0  CODE        2
                text20                         001FC4  00000B  001FCF      3F88       0  CODE        2
                text38                         001FCF  00000D  001FDC      3F9E       0  CODE        2
                text34                         001FDC  000010  001FEC      3FB8       0  CODE        2
                text35                         001FEC  000014  002000      3FD8       0  CODE        2
                stringtext2                    002000  000013  002013      4000       0  STRCODE     2


UNUSED ADDRESS RANGES

        Name                Unused          Largest block    Delta
        BANK10           00520-0056F              50           1
        BANK11           005A0-005EF              50           1
        BANK12           00620-0066F              50           1
        BANK13           006A0-006EF              50           1
        BANK14           00720-0076F              50           1
        BANK15           007A0-007EF              50           1
        BANK16           00820-0086F              50           1
        BANK17           008A0-008EF              50           1
        BANK18           00920-0096F              50           1
        BANK19           009A0-009EF              50           1
        BANK2            0013E-0016F              32           1
        BANK20           00A20-00A6F              50           1
        BANK21           00AA0-00AEF              50           1
        BANK22           00B20-00B6F              50           1
        BANK23           00BA0-00BEF              50           1
        BANK24           00C20-00C6F              50           1
        BANK25           00CA0-00CEF              50           1
        BANK26           00D20-00D6F              50           1
        BANK27           00DA0-00DEF              50           1
        BANK28           00E20-00E6F              50           1
        BANK29           00EA0-00EEF              50           1
        BANK30           00F20-00F6F              50           1
        BANK31           00FA0-00FEF              50           1
        BANK32           01020-0106F              50           1
        BANK33           010A0-010EF              50           1
        BANK34           01120-0116F              50           1
        BANK35           011A0-011EF              50           1
        BANK36           01220-0126F              50           1
        BANK37           012A0-012EF              50           1
        BANK38           01320-0136F              50           1
        BANK39           013A0-013EF              50           1
        BANK4            00220-0026F              50           1
        BANK40           01420-0146F              50           1
        BANK41           014A0-014EF              50           1
        BANK42           01520-0156F              50           1
        BANK43           015A0-015EF              50           1
        BANK44           01620-0166F              50           1
        BANK45           016A0-016EF              50           1
        BANK46           01720-0176F              50           1
        BANK47           017A0-017EF              50           1
        BANK48           01820-0186F              50           1
        BANK49           018A0-018EF              50           1
        BANK5            002A0-002EF              50           1
        BANK50           01920-0196F              50           1
        BANK6            00320-0036F              50           1
        BANK7            003A0-003EF              50           1
        BANK8            00420-0046F              50           1
        BANK9            004A0-004EF              50           1
        BIGRAM           02000-02FEF             FF0           1
        CODE             00004-00005               2           2
                         00800-00800               1
                         01815-01F9B             787
                         02013-07FFF             800
        CONST            00004-00005               2           2
                         00800-00800               1
                         01815-01F9B             100
                         02013-07FFF             100
        EEDATA           0F000-0F0FF             100           2
        ENTRY            00004-00005               2           2
                         00800-00800               1
                         01815-01F9B             100
                         02013-07FFF             100
        IDLOC            08000-08003               4           2
        RAM              0013E-0016F              32           1
                         00220-0026F              50
                         002A0-002EF              50
                         00320-0036F              50
                         003A0-003EF              50
                         00420-0046F              50
                         004A0-004EF              50
                         00520-0056F              50
                         005A0-005EF              50
                         00620-0066F              50
                         006A0-006EF              50
                         00720-0076F              50
                         007A0-007EF              50
                         00820-0086F              50
                         008A0-008EF              50
                         00920-0096F              50
                         009A0-009EF              50
                         00A20-00A6F              50
                         00AA0-00AEF              50
                         00B20-00B6F              50
                         00BA0-00BEF              50
                         00C20-00C6F              50
                         00CA0-00CEF              50
                         00D20-00D6F              50
                         00DA0-00DEF              50
                         00E20-00E6F              50
                         00EA0-00EEF              50
                         00F20-00F6F              50
                         00FA0-00FEF              50
                         01020-0106F              50
                         010A0-010EF              50
                         01120-0116F              50
                         011A0-011EF              50
                         01220-0126F              50
                         012A0-012EF              50
                         01320-0136F              50
                         013A0-013EF              50
                         01420-0146F              50
                         014A0-014EF              50
                         01520-0156F              50
                         015A0-015EF              50
                         01620-0166F              50
                         016A0-016EF              50
                         01720-0176F              50
                         017A0-017EF              50
                         01820-0186F              50
                         018A0-018EF              50
                         01920-0196F              50
        SFR0             00000-0001F              20           1
        SFR1             00080-0009F              20           1
        SFR10            00500-0051F              20           1
        SFR11            00580-0059F              20           1
        SFR12            00600-0061F              20           1
        SFR13            00680-0069F              20           1
        SFR14            00700-0071F              20           1
        SFR15            00780-0079F              20           1
        SFR16            00800-0081F              20           1
        SFR17            00880-0089F              20           1
        SFR18            00900-0091F              20           1
        SFR19            00980-0099F              20           1
        SFR2             00100-0011F              20           1
        SFR20            00A00-00A1F              20           1
        SFR21            00A80-00A9F              20           1
        SFR22            00B00-00B1F              20           1
        SFR23            00B80-00B9F              20           1
        SFR24            00C00-00C1F              20           1
        SFR25            00C80-00C9F              20           1
        SFR26            00D00-00D1F              20           1
        SFR27            00D80-00D9F              20           1
        SFR28            00E00-00E1F              20           1
        SFR29            00E80-00E9F              20           1
        SFR3             00180-0019F              20           1
        SFR30            00F00-00F1F              20           1
        SFR31            00F80-00F9F              20           1
        SFR32            01000-0101F              20           1
        SFR33            01080-0109F              20           1
        SFR34            01100-0111F              20           1
        SFR35            01180-0119F              20           1
        SFR36            01200-0121F              20           1
        SFR37            01280-0129F              20           1
        SFR38            01300-0131F              20           1
        SFR39            01380-0139F              20           1
        SFR4             00200-0021F              20           1
        SFR40            01400-0141F              20           1
        SFR41            01480-0149F              20           1
        SFR42            01500-0151F              20           1
        SFR43            01580-0159F              20           1
        SFR44            01600-0161F              20           1
        SFR45            01680-0169F              20           1
        SFR46            01700-0171F              20           1
        SFR47            01780-0179F              20           1
        SFR48            01800-0181F              20           1
        SFR49            01880-0189F              20           1
        SFR5             00280-0029F              20           1
        SFR50            01900-0191F              20           1
        SFR51            01980-019EF              70           1
        SFR52            01A00-01A6F              70           1
        SFR53            01A80-01AEF              70           1
        SFR54            01B00-01B6F              70           1
        SFR55            01B80-01BEF              70           1
        SFR56            01C00-01C6F              70           1
        SFR57            01C80-01CEF              70           1
        SFR58            01D00-01D6F              70           1
        SFR59            01D80-01DEF              70           1
        SFR6             00300-0031F              20           1
        SFR60            01E00-01E6F              70           1
        SFR61            01E80-01EEF              70           1
        SFR62            01F00-01F6F              70           1
        SFR63            01F80-01FEF              70           1
        SFR7             00380-0039F              20           1
        SFR8             00400-0041F              20           1
        SFR9             00480-0049F              20           1
        STACK            02140-02FEF             EB0           1
        STRCODE          00004-00005               2           2
                         00800-00800               1
                         01815-01F9B             787
                         02013-07FFF            5FED
        STRING           00004-00005               2           2
                         00800-00800               1
                         01815-01F9B             100
                         02013-07FFF             100

                                  Symbol Table

?_TMR0_ReadTimer                               cstackCOMMON 00070
?__Umul8_16                                    cstackCOMMON 00070
?___awdiv                                      cstackCOMMON 00070
?___awmod                                      cstackCOMMON 00070
?___fladd                                      cstackCOMMON 00070
?___fldiv                                      cstackCOMMON 00070
?___flmul                                      cstackBANK0  00020
?___flneg                                      cstackCOMMON 00070
?___flsub                                      cstackBANK0  0003A
?___fltol                                      cstackCOMMON 00070
?___fpclassifyf                                cstackCOMMON 00070
?___wmul                                       cstackCOMMON 00070
?___xxtofl                                     cstackCOMMON 00070
?_atoi                                         cstackCOMMON 00076
?_efgtoa                                       cstackBANK0  00046
?_floorf                                       cstackBANK0  0002D
?_isdigit                                      cstackCOMMON 00070
?_isspace                                      cstackCOMMON 00070
?_isupper                                      cstackCOMMON 00070
?_pad                                          cstackBANK0  00024
?_printf                                       cstackBANK1  000D9
?_strlen                                       cstackCOMMON 00070
?_strncmp                                      cstackCOMMON 00070
?_tolower                                      cstackCOMMON 00076
?_vfpfcnvrt                                    cstackBANK0  0004F
?_vfprintf                                     cstackBANK0  00066
EUSART_SetErrorHandler@interruptHandler        cstackCOMMON 00070
EUSART_SetFramingErrorHandler@interruptHandler cstackCOMMON 00070
EUSART_SetOverrunErrorHandler@interruptHandler cstackCOMMON 00070
EUSART_Write@txData                            cstackCOMMON 00070
TMR0_ReadTimer@readVal                         cstackCOMMON 00077
TMR0_ReadTimer@readValHigh                     cstackCOMMON 0007A
TMR0_ReadTimer@readValLow                      cstackCOMMON 00079
_ANSELA                                        (abs)        01F38
_ANSELB                                        (abs)        01F43
_ANSELC                                        (abs)        01F4E
_ANSELD                                        (abs)        01F59
_ANSELE                                        (abs)        01F64
_ActualTimer                                   bssBANK2     0012C
_BAUD1CON                                      (abs)        0011F
_EUSART_DefaultErrorHandler                    (abs)        00000
_EUSART_DefaultFramingErrorHandler             (abs)        00000
_EUSART_DefaultOverrunErrorHandler             (abs)        00000
_EUSART_ErrorHandler                           bssBANK2     00138
_EUSART_FramingErrorHandler                    bssBANK2     0013C
_EUSART_Initialize                             text39       010FE
_EUSART_OverrunErrorHandler                    bssBANK2     0013A
_EUSART_SetErrorHandler                        text42       01F9C
_EUSART_SetFramingErrorHandler                 text41       01FA2
_EUSART_SetOverrunErrorHandler                 text40       01FA8
_EUSART_Write                                  text14       01FBA
_INLVLA                                        (abs)        01F3C
_INLVLB                                        (abs)        01F47
_INLVLC                                        (abs)        01F52
_INLVLD                                        (abs)        01F5D
_INLVLE                                        (abs)        01F68
_LATA                                          (abs)        00016
_LATB                                          (abs)        00017
_LATC                                          (abs)        00018
_LATD                                          (abs)        00019
_LATE                                          (abs)        0001A
_ODCONA                                        (abs)        01F3A
_ODCONB                                        (abs)        01F45
_ODCONC                                        (abs)        01F50
_ODCOND                                        (abs)        01F5B
_ODCONE                                        (abs)        01F66
_OSCCON1                                       (abs)        0088D
_OSCCON3                                       (abs)        0088F
_OSCEN                                         (abs)        00891
_OSCFRQ                                        (abs)        00893
_OSCILLATOR_Initialize                         text38       01FCF
_OSCTUNE                                       (abs)        00892
_PIN_MANAGER_Initialize                        text37       011A8
_PIR0bits                                      (abs)        0070C
_PIR3bits                                      (abs)        0070F
_PLLR                                          (abs)        04480
_PMD0                                          (abs)        00796
_PMD1                                          (abs)        00797
_PMD2                                          (abs)        00798
_PMD3                                          (abs)        00799
_PMD4                                          (abs)        0079A
_PMD5                                          (abs)        0079B
_PMD_Initialize                                text36       00801
_RB6PPS                                        (abs)        01F1E
_RC1REG                                        (abs)        00119
_RC1STA                                        (abs)        0011D
_RC1STAbits                                    (abs)        0011D
_RXPPS                                         (abs)        01ECB
_SLRCONA                                       (abs)        01F3B
_SLRCONB                                       (abs)        01F46
_SLRCONC                                       (abs)        01F51
_SLRCOND                                       (abs)        01F5C
_SLRCONE                                       (abs)        01F67
_SP1BRGH                                       (abs)        0011C
_SP1BRGL                                       (abs)        0011B
_SYSTEM_Initialize                             text34       01FDC
_T0CON0                                        (abs)        0001E
_T0CON0bits                                    (abs)        0001E
_T0CON1                                        (abs)        0001F
_TMR0H                                         (abs)        0001D
_TMR0L                                         (abs)        0001C
_TMR0_Initialize                               text35       01FEC
_TMR0_ReadTimer                                text33       01060
_TRISA                                         (abs)        00011
_TRISB                                         (abs)        00012
_TRISC                                         (abs)        00013
_TRISD                                         (abs)        00014
_TRISE                                         (abs)        00015
_TX1REG                                        (abs)        0011A
_TX1STA                                        (abs)        0011E
_TX1STAbits                                    (abs)        0011E
_Timer                                         bssBANK2     00128
_WPUA                                          (abs)        01F39
_WPUB                                          (abs)        01F44
_WPUC                                          (abs)        01F4F
_WPUD                                          (abs)        01F5A
_WPUE                                          (abs)        01F65
__Habs1                                        abs1         00000
__Hbank0                                       bank0        00000
__Hbank1                                       bank1        00000
__Hbank10                                      bank10       00000
__Hbank11                                      bank11       00000
__Hbank12                                      bank12       00000
__Hbank13                                      bank13       00000
__Hbank14                                      bank14       00000
__Hbank15                                      bank15       00000
__Hbank16                                      bank16       00000
__Hbank17                                      bank17       00000
__Hbank18                                      bank18       00000
__Hbank19                                      bank19       00000
__Hbank2                                       bank2        00000
__Hbank20                                      bank20       00000
__Hbank21                                      bank21       00000
__Hbank22                                      bank22       00000
__Hbank23                                      bank23       00000
__Hbank24                                      bank24       00000
__Hbank25                                      bank25       00000
__Hbank26                                      bank26       00000
__Hbank27                                      bank27       00000
__Hbank28                                      bank28       00000
__Hbank29                                      bank29       00000
__Hbank3                                       bank3        00000
__Hbank30                                      bank30       00000
__Hbank31                                      bank31       00000
__Hbank32                                      bank32       00000
__Hbank33                                      bank33       00000
__Hbank34                                      bank34       00000
__Hbank35                                      bank35       00000
__Hbank36                                      bank36       00000
__Hbank37                                      bank37       00000
__Hbank38                                      bank38       00000
__Hbank39                                      bank39       00000
__Hbank4                                       bank4        00000
__Hbank40                                      bank40       00000
__Hbank41                                      bank41       00000
__Hbank42                                      bank42       00000
__Hbank43                                      bank43       00000
__Hbank44                                      bank44       00000
__Hbank45                                      bank45       00000
__Hbank46                                      bank46       00000
__Hbank47                                      bank47       00000
__Hbank48                                      bank48       00000
__Hbank49                                      bank49       00000
__Hbank5                                       bank5        00000
__Hbank50                                      bank50       00000
__Hbank51                                      bank51       00000
__Hbank52                                      bank52       00000
__Hbank53                                      bank53       00000
__Hbank54                                      bank54       00000
__Hbank55                                      bank55       00000
__Hbank56                                      bank56       00000
__Hbank57                                      bank57       00000
__Hbank58                                      bank58       00000
__Hbank59                                      bank59       00000
__Hbank6                                       bank6        00000
__Hbank60                                      bank60       00000
__Hbank61                                      bank61       00000
__Hbank62                                      bank62       00000
__Hbank63                                      bank63       00000
__Hbank7                                       bank7        00000
__Hbank8                                       bank8        00000
__Hbank9                                       bank9        00000
__Hbigram                                      bigram       00000
__HbssBANK0                                    bssBANK0     00000
__HbssBANK1                                    bssBANK1     00000
__HbssBANK2                                    bssBANK2     00000
__HbssBANK3                                    bssBANK3     00000
__Hcinit                                       cinit        00800
__Hclrtext                                     clrtext      00000
__Hcode                                        code         00000
__Hcommon                                      common       00000
__Hconfig                                      config       0800C
__HcstackBANK0                                 cstackBANK0  00000
__HcstackBANK1                                 cstackBANK1  00000
__HcstackCOMMON                                cstackCOMMON 00000
__Heeprom_data                                 eeprom_data  00000
__Hend_init                                    end_init     00004
__Hfunctab                                     functab      00000
__Hinit                                        init         00002
__Hintentry                                    intentry     00002
__Hmaintext                                    maintext     00000
__Hpowerup                                     powerup      00000
__Hram                                         ram          00000
__Hreset_vec                                   reset_vec    00002
__Hsfr0                                        sfr0         00000
__Hsfr1                                        sfr1         00000
__Hsfr10                                       sfr10        00000
__Hsfr11                                       sfr11        00000
__Hsfr12                                       sfr12        00000
__Hsfr13                                       sfr13        00000
__Hsfr14                                       sfr14        00000
__Hsfr15                                       sfr15        00000
__Hsfr16                                       sfr16        00000
__Hsfr17                                       sfr17        00000
__Hsfr18                                       sfr18        00000
__Hsfr19                                       sfr19        00000
__Hsfr2                                        sfr2         00000
__Hsfr20                                       sfr20        00000
__Hsfr21                                       sfr21        00000
__Hsfr22                                       sfr22        00000
__Hsfr23                                       sfr23        00000
__Hsfr24                                       sfr24        00000
__Hsfr25                                       sfr25        00000
__Hsfr26                                       sfr26        00000
__Hsfr27                                       sfr27        00000
__Hsfr28                                       sfr28        00000
__Hsfr29                                       sfr29        00000
__Hsfr3                                        sfr3         00000
__Hsfr30                                       sfr30        00000
__Hsfr31                                       sfr31        00000
__Hsfr32                                       sfr32        00000
__Hsfr33                                       sfr33        00000
__Hsfr34                                       sfr34        00000
__Hsfr35                                       sfr35        00000
__Hsfr36                                       sfr36        00000
__Hsfr37                                       sfr37        00000
__Hsfr38                                       sfr38        00000
__Hsfr39                                       sfr39        00000
__Hsfr4                                        sfr4         00000
__Hsfr40                                       sfr40        00000
__Hsfr41                                       sfr41        00000
__Hsfr42                                       sfr42        00000
__Hsfr43                                       sfr43        00000
__Hsfr44                                       sfr44        00000
__Hsfr45                                       sfr45        00000
__Hsfr46                                       sfr46        00000
__Hsfr47                                       sfr47        00000
__Hsfr48                                       sfr48        00000
__Hsfr49                                       sfr49        00000
__Hsfr5                                        sfr5         00000
__Hsfr50                                       sfr50        00000
__Hsfr51                                       sfr51        00000
__Hsfr52                                       sfr52        00000
__Hsfr53                                       sfr53        00000
__Hsfr54                                       sfr54        00000
__Hsfr55                                       sfr55        00000
__Hsfr56                                       sfr56        00000
__Hsfr57                                       sfr57        00000
__Hsfr58                                       sfr58        00000
__Hsfr59                                       sfr59        00000
__Hsfr6                                        sfr6         00000
__Hsfr60                                       sfr60        00000
__Hsfr61                                       sfr61        00000
__Hsfr62                                       sfr62        00000
__Hsfr63                                       sfr63        00000
__Hsfr7                                        sfr7         00000
__Hsfr8                                        sfr8         00000
__Hsfr9                                        sfr9         00000
__Hspace_0                                     (abs)        02013
__Hspace_1                                     (abs)        001F0
__Hspace_2                                     (abs)        00000
__Hspace_3                                     (abs)        00000
__Hspace_4                                     (abs)        10013
__Hstack                                       stack        00000
__Hstrings                                     strings      00000
__Hstringtext1                                 stringtext1  00000
__Hstringtext2                                 stringtext2  00000
__Hstringtext3                                 stringtext3  00000
__Hstringtext4                                 stringtext4  00000
__Hstringtext5                                 stringtext5  00000
__Hstringtext6                                 stringtext6  00000
__Hstringtext7                                 stringtext7  00000
__Htext                                        text         00000
__Labs1                                        abs1         00000
__Lbank0                                       bank0        00000
__Lbank1                                       bank1        00000
__Lbank10                                      bank10       00000
__Lbank11                                      bank11       00000
__Lbank12                                      bank12       00000
__Lbank13                                      bank13       00000
__Lbank14                                      bank14       00000
__Lbank15                                      bank15       00000
__Lbank16                                      bank16       00000
__Lbank17                                      bank17       00000
__Lbank18                                      bank18       00000
__Lbank19                                      bank19       00000
__Lbank2                                       bank2        00000
__Lbank20                                      bank20       00000
__Lbank21                                      bank21       00000
__Lbank22                                      bank22       00000
__Lbank23                                      bank23       00000
__Lbank24                                      bank24       00000
__Lbank25                                      bank25       00000
__Lbank26                                      bank26       00000
__Lbank27                                      bank27       00000
__Lbank28                                      bank28       00000
__Lbank29                                      bank29       00000
__Lbank3                                       bank3        00000
__Lbank30                                      bank30       00000
__Lbank31                                      bank31       00000
__Lbank32                                      bank32       00000
__Lbank33                                      bank33       00000
__Lbank34                                      bank34       00000
__Lbank35                                      bank35       00000
__Lbank36                                      bank36       00000
__Lbank37                                      bank37       00000
__Lbank38                                      bank38       00000
__Lbank39                                      bank39       00000
__Lbank4                                       bank4        00000
__Lbank40                                      bank40       00000
__Lbank41                                      bank41       00000
__Lbank42                                      bank42       00000
__Lbank43                                      bank43       00000
__Lbank44                                      bank44       00000
__Lbank45                                      bank45       00000
__Lbank46                                      bank46       00000
__Lbank47                                      bank47       00000
__Lbank48                                      bank48       00000
__Lbank49                                      bank49       00000
__Lbank5                                       bank5        00000
__Lbank50                                      bank50       00000
__Lbank51                                      bank51       00000
__Lbank52                                      bank52       00000
__Lbank53                                      bank53       00000
__Lbank54                                      bank54       00000
__Lbank55                                      bank55       00000
__Lbank56                                      bank56       00000
__Lbank57                                      bank57       00000
__Lbank58                                      bank58       00000
__Lbank59                                      bank59       00000
__Lbank6                                       bank6        00000
__Lbank60                                      bank60       00000
__Lbank61                                      bank61       00000
__Lbank62                                      bank62       00000
__Lbank63                                      bank63       00000
__Lbank7                                       bank7        00000
__Lbank8                                       bank8        00000
__Lbank9                                       bank9        00000
__Lbigram                                      bigram       00000
__LbssBANK0                                    bssBANK0     00000
__LbssBANK1                                    bssBANK1     00000
__LbssBANK2                                    bssBANK2     00000
__LbssBANK3                                    bssBANK3     00000
__Lcinit                                       cinit        007E4
__Lclrtext                                     clrtext      00000
__Lcode                                        code         00000
__Lcommon                                      common       00000
__Lconfig                                      config       00000
__LcstackBANK0                                 cstackBANK0  00000
__LcstackBANK1                                 cstackBANK1  00000
__LcstackCOMMON                                cstackCOMMON 00000
__Leeprom_data                                 eeprom_data  00000
__Lend_init                                    end_init     00002
__Lfunctab                                     functab      00000
__Linit                                        init         00002
__Lintentry                                    intentry     00002
__Lmaintext                                    maintext     00000
__Lpowerup                                     powerup      00000
__Lram                                         ram          00000
__Lreset_vec                                   reset_vec    00000
__Lsfr0                                        sfr0         00000
__Lsfr1                                        sfr1         00000
__Lsfr10                                       sfr10        00000
__Lsfr11                                       sfr11        00000
__Lsfr12                                       sfr12        00000
__Lsfr13                                       sfr13        00000
__Lsfr14                                       sfr14        00000
__Lsfr15                                       sfr15        00000
__Lsfr16                                       sfr16        00000
__Lsfr17                                       sfr17        00000
__Lsfr18                                       sfr18        00000
__Lsfr19                                       sfr19        00000
__Lsfr2                                        sfr2         00000
__Lsfr20                                       sfr20        00000
__Lsfr21                                       sfr21        00000
__Lsfr22                                       sfr22        00000
__Lsfr23                                       sfr23        00000
__Lsfr24                                       sfr24        00000
__Lsfr25                                       sfr25        00000
__Lsfr26                                       sfr26        00000
__Lsfr27                                       sfr27        00000
__Lsfr28                                       sfr28        00000
__Lsfr29                                       sfr29        00000
__Lsfr3                                        sfr3         00000
__Lsfr30                                       sfr30        00000
__Lsfr31                                       sfr31        00000
__Lsfr32                                       sfr32        00000
__Lsfr33                                       sfr33        00000
__Lsfr34                                       sfr34        00000
__Lsfr35                                       sfr35        00000
__Lsfr36                                       sfr36        00000
__Lsfr37                                       sfr37        00000
__Lsfr38                                       sfr38        00000
__Lsfr39                                       sfr39        00000
__Lsfr4                                        sfr4         00000
__Lsfr40                                       sfr40        00000
__Lsfr41                                       sfr41        00000
__Lsfr42                                       sfr42        00000
__Lsfr43                                       sfr43        00000
__Lsfr44                                       sfr44        00000
__Lsfr45                                       sfr45        00000
__Lsfr46                                       sfr46        00000
__Lsfr47                                       sfr47        00000
__Lsfr48                                       sfr48        00000
__Lsfr49                                       sfr49        00000
__Lsfr5                                        sfr5         00000
__Lsfr50                                       sfr50        00000
__Lsfr51                                       sfr51        00000
__Lsfr52                                       sfr52        00000
__Lsfr53                                       sfr53        00000
__Lsfr54                                       sfr54        00000
__Lsfr55                                       sfr55        00000
__Lsfr56                                       sfr56        00000
__Lsfr57                                       sfr57        00000
__Lsfr58                                       sfr58        00000
__Lsfr59                                       sfr59        00000
__Lsfr6                                        sfr6         00000
__Lsfr60                                       sfr60        00000
__Lsfr61                                       sfr61        00000
__Lsfr62                                       sfr62        00000
__Lsfr63                                       sfr63        00000
__Lsfr7                                        sfr7         00000
__Lsfr8                                        sfr8         00000
__Lsfr9                                        sfr9         00000
__Lspace_0                                     (abs)        00000
__Lspace_1                                     (abs)        00000
__Lspace_2                                     (abs)        00000
__Lspace_3                                     (abs)        00000
__Lspace_4                                     (abs)        00000
__Lstack                                       stack        00000
__Lstrings                                     strings      00000
__Lstringtext1                                 stringtext1  00000
__Lstringtext2                                 stringtext2  00000
__Lstringtext3                                 stringtext3  00000
__Lstringtext4                                 stringtext4  00000
__Lstringtext5                                 stringtext5  00000
__Lstringtext6                                 stringtext6  00000
__Lstringtext7                                 stringtext7  00000
__Ltext                                        text         00000
__S0                                           (abs)        02013
__S1                                           (abs)        001F0
__S2                                           (abs)        00000
__S3                                           (abs)        00000
__Umul8_16                                     text22       01121
__Umul8_16@multiplicand                        cstackCOMMON 00070
__Umul8_16@multiplier                          cstackCOMMON 00078
__Umul8_16@product                             cstackCOMMON 00074
__Umul8_16@word_mpld                           cstackCOMMON 00076
___awdiv                                       text27       0133A
___awdiv@counter                               cstackCOMMON 00075
___awdiv@dividend                              cstackCOMMON 00072
___awdiv@divisor                               cstackCOMMON 00070
___awdiv@quotient                              cstackCOMMON 00077
___awdiv@sign                                  cstackCOMMON 00076
___awmod                                       text26       01236
___awmod@counter                               cstackCOMMON 00075
___awmod@dividend                              cstackCOMMON 00072
___awmod@divisor                               cstackCOMMON 00070
___awmod@sign                                  cstackCOMMON 00076
___fladd                                       text19       008E1
___fladd@a                                     cstackCOMMON 00074
___fladd@aexp                                  cstackCOMMON 00079
___fladd@b                                     cstackCOMMON 00070
___fladd@bexp                                  cstackCOMMON 0007A
___fladd@grs                                   cstackCOMMON 0007B
___fladd@signs                                 cstackCOMMON 00078
___fldiv                                       text25       0164C
___fldiv@a                                     cstackCOMMON 00070
___fldiv@aexp                                  cstackBANK0  0002C
___fldiv@b                                     cstackCOMMON 00074
___fldiv@bexp                                  cstackBANK0  0002B
___fldiv@grs                                   cstackBANK0  00027
___fldiv@new_exp                               cstackBANK0  00025
___fldiv@rem                                   cstackBANK0  00020
___fldiv@sign                                  cstackBANK0  00024
___fleq                                        text24       011E8
___fleq@ff1                                    cstackCOMMON 00070
___fleq@ff2                                    cstackCOMMON 00074
___flge                                        text23       01515
___flge@ff1                                    cstackBANK0  0003A
___flge@ff2                                    cstackBANK0  0003E
___flmul                                       text21       00B20
___flmul@a                                     cstackBANK0  00024
___flmul@aexp                                  cstackBANK0  00032
___flmul@b                                     cstackBANK0  00020
___flmul@bexp                                  cstackBANK0  00033
___flmul@grs                                   cstackBANK0  0002E
___flmul@prod                                  cstackBANK0  00034
___flmul@sign                                  cstackBANK0  0002D
___flmul@temp                                  cstackBANK0  00038
___flneg                                       text20       01FC4
___flneg@f1                                    cstackCOMMON 00070
___flsub                                       text18       0109C
___flsub@a                                     cstackBANK0  0003A
___flsub@b                                     cstackBANK0  0003E
___fltol                                       text17       01399
___fltol@exp1                                  cstackCOMMON 0007A
___fltol@f1                                    cstackCOMMON 00070
___fltol@sign1                                 cstackCOMMON 00079
___fpclassifyf                                 text16       0140D
___fpclassifyf@F463                            bssBANK2     00124
___fpclassifyf@e                               cstackBANK0  00020
___fpclassifyf@u                               cstackBANK0  00022
___fpclassifyf@x                               cstackCOMMON 00070
___int_sp                                      stack        00000
___latbits                                     (abs)        00004
___sp                                          stack        00000
___stackhi                                     (abs)        02FEF
___stacklo                                     (abs)        02140
___wmul                                        text31       0107D
___wmul@multiplicand                           cstackCOMMON 00072
___wmul@multiplier                             cstackCOMMON 00070
___wmul@product                                cstackCOMMON 00074
___xxtofl                                      text32       015A0
___xxtofl@arg                                  cstackCOMMON 0007A
___xxtofl@exp                                  cstackCOMMON 00079
___xxtofl@sign                                 cstackCOMMON 00078
___xxtofl@val                                  cstackCOMMON 00070
__end_of_EUSART_Initialize                     text39       01121
__end_of_EUSART_SetErrorHandler                text42       01FA2
__end_of_EUSART_SetFramingErrorHandler         text41       01FA8
__end_of_EUSART_SetOverrunErrorHandler         text40       01FAE
__end_of_EUSART_Write                          text14       01FC4
__end_of_OSCILLATOR_Initialize                 text38       01FDC
__end_of_PIN_MANAGER_Initialize                text37       011E8
__end_of_PMD_Initialize                        text36       00809
__end_of_SYSTEM_Initialize                     text34       01FEC
__end_of_TMR0_Initialize                       text35       02000
__end_of_TMR0_ReadTimer                        text33       0107D
__end_of__Umul8_16                             text22       01144
__end_of___awdiv                               text27       01399
__end_of___awmod                               text26       01289
__end_of___fladd                               text19       00B20
__end_of___fldiv                               text25       01800
__end_of___fleq                                text24       01236
__end_of___flge                                text23       015A0
__end_of___flmul                               text21       00D77
__end_of___flneg                               text20       01FCF
__end_of___flsub                               text18       010BC
__end_of___fltol                               text17       0140D
__end_of___fpclassifyf                         text16       0148C
__end_of___wmul                                text31       0109C
__end_of___xxtofl                              text32       0164C
__end_of__initialization                       cinit        007FD
__end_of_atoi                                  text28       008E1
__end_of_efgtoa                                text5        007E4
__end_of_floorf                                text15       00122
__end_of_fputc                                 text12       011A8
__end_of_fputs                                 text11       00832
__end_of_isdigit                               text30       0102E
__end_of_isspace                               text29       010DD
__end_of_isupper                               text7        01046
__end_of_main                                  maintext     01515
__end_of_pad                                   text9        0133A
__end_of_printf                                text1        01016
__end_of_putch                                 text13       01FB4
__end_of_strcpy                                text8        010FE
__end_of_strlen                                text10       01060
__end_of_strncmp                               text4        012E1
__end_of_tolower                               text6        01169
__end_of_vfpfcnvrt                             text3        01000
__end_of_vfprintf                              text2        00037
__initialization                               cinit        007E4
__pbssBANK0                                    bssBANK0     0006F
__pbssBANK1                                    bssBANK1     000EA
__pbssBANK2                                    bssBANK2     00120
__pbssBANK3                                    bssBANK3     001A0
__pcstackBANK0                                 cstackBANK0  00020
__pcstackBANK1                                 cstackBANK1  000A0
__pcstackCOMMON                                cstackCOMMON 00070
__pmaintext                                    maintext     0148C
__pstringtext1                                 stringtext1  01800
__pstringtext2                                 stringtext2  02000
__pstringtext3                                 stringtext3  02004
__pstringtext4                                 stringtext4  02008
__pstringtext5                                 stringtext5  0200C
__pstringtext6                                 stringtext6  02010
__pstringtext7                                 stringtext7  00000
__ptext1                                       text1        01000
__ptext10                                      text10       01046
__ptext11                                      text11       00809
__ptext12                                      text12       01169
__ptext13                                      text13       01FAE
__ptext14                                      text14       01FBA
__ptext15                                      text15       00037
__ptext16                                      text16       0140D
__ptext17                                      text17       01399
__ptext18                                      text18       0109C
__ptext19                                      text19       008E1
__ptext2                                       text2        00006
__ptext20                                      text20       01FC4
__ptext21                                      text21       00B20
__ptext22                                      text22       01121
__ptext23                                      text23       01515
__ptext24                                      text24       011E8
__ptext25                                      text25       0164C
__ptext26                                      text26       01236
__ptext27                                      text27       0133A
__ptext28                                      text28       00832
__ptext29                                      text29       010BC
__ptext3                                       text3        00D77
__ptext30                                      text30       01016
__ptext31                                      text31       0107D
__ptext32                                      text32       015A0
__ptext33                                      text33       01060
__ptext34                                      text34       01FDC
__ptext35                                      text35       01FEC
__ptext36                                      text36       00801
__ptext37                                      text37       011A8
__ptext38                                      text38       01FCF
__ptext39                                      text39       010FE
__ptext4                                       text4        01289
__ptext40                                      text40       01FA8
__ptext41                                      text41       01FA2
__ptext42                                      text42       01F9C
__ptext5                                       text5        00122
__ptext6                                       text6        01144
__ptext7                                       text7        0102E
__ptext8                                       text8        010DD
__ptext9                                       text9        012E1
__size_of_EUSART_Initialize                    (abs)        00000
__size_of_EUSART_SetErrorHandler               (abs)        00000
__size_of_EUSART_SetFramingErrorHandler        (abs)        00000
__size_of_EUSART_SetOverrunErrorHandler        (abs)        00000
__size_of_EUSART_Write                         (abs)        00000
__size_of_OSCILLATOR_Initialize                (abs)        00000
__size_of_PIN_MANAGER_Initialize               (abs)        00000
__size_of_PMD_Initialize                       (abs)        00000
__size_of_SYSTEM_Initialize                    (abs)        00000
__size_of_TMR0_Initialize                      (abs)        00000
__size_of_TMR0_ReadTimer                       (abs)        00000
__size_of__Umul8_16                            (abs)        00000
[...]
      Locals:         0       0       0       0       0       0       0       0       0       0       0       0       0       0       0       0       0       0       0       0       0       0       0       0       0       0       0       0       0       0       0       0       0       0       0       0       0       0       0       0       0       0       0       0       0       0       0       0       0       0       0       0
      Temps:          0       0       0       0       0       0       0       0       0       0       0       0       0       0       0       0       0       0       0       0       0       0       0       0       0       0       0       0       0       0       0       0       0       0       0       0       0       0       0       0       0       0       0       0       0       0       0       0       0       0       0       0
      Totals:         0       0       0       0       0       0       0       0       0       0       0       0       0       0       0       0       0       0       0       0       0       0       0       0       0       0       0       0       0       0       0       0       0       0       0       0       0       0       0       0       0       0       0       0       0       0       0       0       0       0       0       0
Total ram usage:        0 bytes
 Hardware stack levels used:    1
 This function calls:
		Nothing
 This function is called by:
		_SYSTEM_Initialize
 This function uses a non-reentrant model


 *************** function _EUSART_Initialize *****************
 Defined at:
		line 66 in file "mcc_generated_files/eusart.c"
 Parameters:    Size  Location     Type
		None
 Auto vars:     Size  Location     Type
		None
 Return value:  Size  Location     Type
                  1    wreg      void 
 Registers used:
		wreg, status,2, status,0, pclath, cstack
 Tracked objects:
		On entry : 
		On exit  : 
		Unchanged: 
 Data sizes:     COMMON   BANK0   BANK1   BANK2   BANK3   BANK4   BANK5   BANK6   BANK7   BANK8   BANK9  BANK10  BANK11  BANK12  BANK13  BANK14  BANK15  BANK16  BANK17  BANK18  BANK19  BANK20  BANK21  BANK22  BANK23  BANK24  BANK25  BANK26  BANK27  BANK28  BANK29  BANK30  BANK31  BANK32  BANK33  BANK34  BANK35  BANK36  BANK37  BANK38  BANK39  BANK40  BANK41  BANK42  BANK43  BANK44  BANK45  BANK46  BANK47  BANK48  BANK49  BANK50
      Params:         0       0       0       0       0       0       0       0       0       0       0       0       0       0       0       0       0       0       0       0       0       0       0       0       0       0       0       0       0       0       0       0       0       0       0       0       0       0       0       0       0       0       0       0       0       0       0       0       0       0       0       0
      Locals:         0       0       0       0       0       0       0       0       0       0       0       0       0       0       0       0       0       0       0       0       0       0       0       0       0       0       0       0       0       0       0       0       0       0       0       0       0       0       0       0       0       0       0       0       0       0       0       0       0       0       0       0
      Temps:          0       0       0       0       0       0       0       0       0       0       0       0       0       0       0       0       0       0       0       0       0       0       0       0       0       0       0       0       0       0       0       0       0       0       0       0       0       0       0       0       0       0       0       0       0       0       0       0       0       0       0       0
      Totals:         0       0       0       0       0       0       0       0       0       0       0       0       0       0       0       0       0       0       0       0       0       0       0       0       0       0       0       0       0       0       0       0       0       0       0       0       0       0       0       0       0       0       0       0       0       0       0       0       0       0       0       0
Total ram usage:        0 bytes
 Hardware stack levels used:    1
 Hardware stack levels required when called:    1
 This function calls:
		_EUSART_SetErrorHandler
		_EUSART_SetFramingErrorHandler
		_EUSART_SetOverrunErrorHandler
 This function is called by:
		_SYSTEM_Initialize
 This function uses a non-reentrant model


 *************** function _EUSART_SetOverrunErrorHandler *****************
 Defined at:
		line 170 in file "mcc_generated_files/eusart.c"
 Parameters:    Size  Location     Type
  interruptHan    2    0[COMMON] PTR FTN()void 
		 -> EUSART_DefaultOverrunErrorHandler(1), 
 Auto vars:     Size  Location     Type
		None
 Return value:  Size  Location     Type
                  1    wreg      void 
 Registers used:
		wreg
 Tracked objects:
		On entry : 
		On exit  : 
		Unchanged: 
 Data sizes:     COMMON   BANK0   BANK1   BANK2   BANK3   BANK4   BANK5   BANK6   BANK7   BANK8   BANK9  BANK10  BANK11  BANK12  BANK13  BANK14  BANK15  BANK16  BANK17  BANK18  BANK19  BANK20  BANK21  BANK22  BANK23  BANK24  BANK25  BANK26  BANK27  BANK28  BANK29  BANK30  BANK31  BANK32  BANK33  BANK34  BANK35  BANK36  BANK37  BANK38  BANK39  BANK40  BANK41  BANK42  BANK43  BANK44  BANK45  BANK46  BANK47  BANK48  BANK49  BANK50
      Params:         2       0       0       0       0       0       0       0       0       0       0       0       0       0       0       0       0       0       0       0       0       0       0       0       0       0       0       0       0       0       0       0       0       0       0       0       0       0       0       0       0       0       0       0       0       0       0       0       0       0       0       0
      Locals:         0       0       0       0       0       0       0       0       0       0       0       0       0       0       0       0       0       0       0       0       0       0       0       0       0       0       0       0       0       0       0       0       0       0       0       0       0       0       0       0       0       0       0       0       0       0       0       0       0       0       0       0
      Temps:          0       0       0       0       0       0       0       0       0       0       0       0       0       0       0       0       0       0       0       0       0       0       0       0       0       0       0       0       0       0       0       0       0       0       0       0       0       0       0       0       0       0       0       0       0       0       0       0       0       0       0       0
      Totals:         2       0       0       0       0       0       0       0       0       0       0       0       0       0       0       0       0       0       0       0       0       0       0       0       0       0       0       0       0       0       0       0       0       0       0       0       0       0       0       0       0       0       0       0       0       0       0       0       0       0       0       0
Total ram usage:        2 bytes
 Hardware stack levels used:    1
 This function calls:
		Nothing
 This function is called by:
		_EUSART_Initialize
 This function uses a non-reentrant model


 *************** function _EUSART_SetFramingErrorHandler *****************
 Defined at:
		line 166 in file "mcc_generated_files/eusart.c"
 Parameters:    Size  Location     Type
  interruptHan    2    0[COMMON] PTR FTN()void 
		 -> EUSART_DefaultFramingErrorHandler(1), 
 Auto vars:     Size  Location     Type
		None
 Return value:  Size  Location     Type
                  1    wreg      void 
 Registers used:
		wreg
 Tracked objects:
		On entry : 
		On exit  : 
		Unchanged: 
 Data sizes:     COMMON   BANK0   BANK1   BANK2   BANK3   BANK4   BANK5   BANK6   BANK7   BANK8   BANK9  BANK10  BANK11  BANK12  BANK13  BANK14  BANK15  BANK16  BANK17  BANK18  BANK19  BANK20  BANK21  BANK22  BANK23  BANK24  BANK25  BANK26  BANK27  BANK28  BANK29  BANK30  BANK31  BANK32  BANK33  BANK34  BANK35  BANK36  BANK37  BANK38  BANK39  BANK40  BANK41  BANK42  BANK43  BANK44  BANK45  BANK46  BANK47  BANK48  BANK49  BANK50
      Params:         2       0       0       0       0       0       0       0       0       0       0       0       0       0       0       0       0       0       0       0       0       0       0       0       0       0       0       0       0       0       0       0       0       0       0       0       0       0       0       0       0       0       0       0       0       0       0       0       0       0       0       0
      Locals:         0       0       0       0       0       0       0       0       0       0       0       0       0       0       0       0       0       0       0       0       0       0       0       0       0       0       0       0       0       0       0       0       0       0       0       0       0       0       0       0       0       0       0       0       0       0       0       0       0       0       0       0
      Temps:          0       0       0       0       0       0       0       0       0       0       0       0       0       0       0       0       0       0       0       0       0       0       0       0       0       0       0       0       0       0       0       0       0       0       0       0       0       0       0       0       0       0       0       0       0       0       0       0       0       0       0       0
      Totals:         2       0       0       0       0       0       0       0       0       0       0       0       0       0       0       0       0       0       0       0       0       0       0       0       0       0       0       0       0       0       0       0       0       0       0       0       0       0       0       0       0       0       0       0       0       0       0       0       0       0       0       0
Total ram usage:        2 bytes
 Hardware stack levels used:    1
 This function calls:
		Nothing
 This function is called by:
		_EUSART_Initialize
 This function uses a non-reentrant model


 *************** function _EUSART_SetErrorHandler *****************
 Defined at:
		line 174 in file "mcc_generated_files/eusart.c"
 Parameters:    Size  Location     Type
  interruptHan    2    0[COMMON] PTR FTN()void 
		 -> EUSART_DefaultErrorHandler(1), 
 Auto vars:     Size  Location     Type
		None
 Return value:  Size  Location     Type
                  1    wreg      void 
 Registers used:
		wreg
 Tracked objects:
		On entry : 
		On exit  : 
		Unchanged: 
 Data sizes:     COMMON   BANK0   BANK1   BANK2   BANK3   BANK4   BANK5   BANK6   BANK7   BANK8   BANK9  BANK10  BANK11  BANK12  BANK13  BANK14  BANK15  BANK16  BANK17  BANK18  BANK19  BANK20  BANK21  BANK22  BANK23  BANK24  BANK25  BANK26  BANK27  BANK28  BANK29  BANK30  BANK31  BANK32  BANK33  BANK34  BANK35  BANK36  BANK37  BANK38  BANK39  BANK40  BANK41  BANK42  BANK43  BANK44  BANK45  BANK46  BANK47  BANK48  BANK49  BANK50
      Params:         2       0       0       0       0       0       0       0       0       0       0       0       0       0       0       0       0       0       0       0       0       0       0       0       0       0       0       0       0       0       0       0       0       0       0       0       0       0       0       0       0       0       0       0       0       0       0       0       0       0       0       0
      Locals:         0       0       0       0       0       0       0       0       0       0       0       0       0       0       0       0       0       0       0       0       0       0       0       0       0       0       0       0       0       0       0       0       0       0       0       0       0       0       0       0       0       0       0       0       0       0       0       0       0       0       0       0
      Temps:          0       0       0       0       0       0       0       0       0       0       0       0       0       0       0       0       0       0       0       0       0       0       0       0       0       0       0       0       0       0       0       0       0       0       0       0       0       0       0       0       0       0       0       0       0       0       0       0       0       0       0       0
      Totals:         2       0       0       0       0       0       0       0       0       0       0       0       0       0       0       0       0       0       0       0       0       0       0       0       0       0       0       0       0       0       0       0       0       0       0       0       0       0       0       0       0       0       0       0       0       0       0       0       0       0       0       0
Total ram usage:        2 bytes
 Hardware stack levels used:    1
 This function calls:
		Nothing
 This function is called by:
		_EUSART_Initialize
 This function uses a non-reentrant model



MODULE INFORMATION

Module		Function		Class		Link	Load	Size
C:\Program Files\Microchip\xc8\v2.20\pic\sources\c99\common\nf_fputc.c
		_fputc         		CODE           	1169	0000	64

C:\Program Files\Microchip\xc8\v2.20\pic\sources\c99\common\nf_fputc.c estimated size: 64

C:\Program Files\Microchip\xc8\v2.20\pic\sources\c99\common\isdigit.c
		_isdigit       		CODE           	1016	0000	25

C:\Program Files\Microchip\xc8\v2.20\pic\sources\c99\common\isdigit.c estimated size: 25

C:\Program Files\Microchip\xc8\v2.20\pic\sources\c99\common\sprcadd.c
		___flsub       		CODE           	109C	0000	33
		___fladd       		CODE           	08E1	0000	576

C:\Program Files\Microchip\xc8\v2.20\pic\sources\c99\common\sprcadd.c estimated size: 609

C:\Program Files\Microchip\xc8\v2.20\pic\sources\c99\common\doprnt.c
		_vfpfcnvrt     		CODE           	0D77	0000	650
		_efgtoa        		CODE           	0122	0000	1731
		_pad           		CODE           	12E1	0000	90
		_vfprintf      		CODE           	0006	0000	50

C:\Program Files\Microchip\xc8\v2.20\pic\sources\c99\common\doprnt.c estimated size: 2521

C:\Program Files\Microchip\xc8\v2.20\pic\sources\c99\common\flneg.c
		___flneg       		CODE           	1FC4	0000	12

C:\Program Files\Microchip\xc8\v2.20\pic\sources\c99\common\flneg.c estimated size: 12

mcc_generated_files/tmr0.c
		_TMR0_ReadTimer		CODE           	1060	0000	30
		_TMR0_Initialize		CODE           	1FEC	0000	21

mcc_generated_files/tmr0.c estimated size: 51

C:\Program Files\Microchip\xc8\v2.20\pic\sources\c99\common\Umul16.c
		___wmul        		CODE           	107D	0000	32

C:\Program Files\Microchip\xc8\v2.20\pic\sources\c99\common\Umul16.c estimated size: 32

mcc_generated_files/pin_manager.c
		_PIN_MANAGER_Initialize		CODE           	11A8	0000	65

mcc_generated_files/pin_manager.c estimated size: 65

C:\Program Files\Microchip\xc8\v2.20\pic\sources\c99\common\flge.c
		___flge        		CODE           	1515	0000	140

C:\Program Files\Microchip\xc8\v2.20\pic\sources\c99\common\flge.c estimated size: 140

C:\Program Files\Microchip\xc8\v2.20\pic\sources\c99\common\awmod.c
		___awmod       		CODE           	1236	0000	84

C:\Program Files\Microchip\xc8\v2.20\pic\sources\c99\common\awmod.c estimated size: 84

C:\Program Files\Microchip\xc8\v2.20\pic\sources\c99\common\nf_fputs.c
		_fputs         		CODE           	0809	0000	42

C:\Program Files\Microchip\xc8\v2.20\pic\sources\c99\common\nf_fputs.c estimated size: 42

C:\Program Files\Microchip\xc8\v2.20\pic\sources\c99\common\isupper.c
		_isupper       		CODE           	102E	0000	25

C:\Program Files\Microchip\xc8\v2.20\pic\sources\c99\common\isupper.c estimated size: 25

shared
		__initialization		CODE           	07E4	0000	26

shared estimated size: 26

C:\Program Files\Microchip\xc8\v2.20\pic\sources\c99\common\Umul8_16.c
		__Umul8_16     		CODE           	1121	0000	36

C:\Program Files\Microchip\xc8\v2.20\pic\sources\c99\common\Umul8_16.c estimated size: 36

mcc_generated_files/mcc.c
		_PMD_Initialize		CODE           	0801	0000	9
		_OSCILLATOR_Initialize		CODE           	1FCF	0000	14
		_SYSTEM_Initialize		CODE           	1FDC	0000	17

mcc_generated_files/mcc.c estimated size: 40

C:\Program Files\Microchip\xc8\v2.20\pic\sources\c99\common\isspace.c
		_isspace       		CODE           	10BC	0000	34

C:\Program Files\Microchip\xc8\v2.20\pic\sources\c99\common\isspace.c estimated size: 34

C:\Program Files\Microchip\xc8\v2.20\pic\sources\c99\common\printf.c
		_printf        		CODE           	1000	0000	23

C:\Program Files\Microchip\xc8\v2.20\pic\sources\c99\common\printf.c estimated size: 23

C:\Program Files\Microchip\xc8\v2.20\pic\sources\c99\common\strlen.c
		_strlen        		CODE           	1046	0000	27

C:\Program Files\Microchip\xc8\v2.20\pic\sources\c99\common\strlen.c estimated size: 27

C:\Program Files\Microchip\xc8\v2.20\pic\sources\c99\common\strncmp.c
		_strncmp       		CODE           	1289	0000	89

C:\Program Files\Microchip\xc8\v2.20\pic\sources\c99\common\strncmp.c estimated size: 89

C:\Program Files\Microchip\xc8\v2.20\pic\sources\c99\common\tolower.c
		_tolower       		CODE           	1144	0000	38

C:\Program Files\Microchip\xc8\v2.20\pic\sources\c99\common\tolower.c estimated size: 38

C:\Program Files\Microchip\xc8\v2.20\pic\sources\c99\common\floorf.c
		_floorf        		CODE           	0037	0000	236

C:\Program Files\Microchip\xc8\v2.20\pic\sources\c99\common\floorf.c estimated size: 236

C:\Program Files\Microchip\xc8\v2.20\pic\sources\c99\common\sprcmul.c
		___flmul       		CODE           	0B20	0000	600

C:\Program Files\Microchip\xc8\v2.20\pic\sources\c99\common\sprcmul.c estimated size: 600

C:\Program Files\Microchip\xc8\v2.20\pic\sources\c99\common\strcpy.c
		_strcpy        		CODE           	10DD	0000	34

C:\Program Files\Microchip\xc8\v2.20\pic\sources\c99\common\strcpy.c estimated size: 34

C:\Program Files\Microchip\xc8\v2.20\pic\sources\c99\common\sprcdiv.c
		___fldiv       		CODE           	164C	0000	437

C:\Program Files\Microchip\xc8\v2.20\pic\sources\c99\common\sprcdiv.c estimated size: 437

mcc_generated_files/eusart.c
		_putch         		CODE           	1FAE	0000	7
		_EUSART_Write  		CODE           	1FBA	0000	11
		_EUSART_Initialize		CODE           	10FE	0000	36
		_EUSART_SetFramingErrorHandler		CODE           	1FA2	0000	7
		_EUSART_SetErrorHandler		CODE           	1F9C	0000	7
		_EUSART_SetOverrunErrorHandler		CODE           	1FA8	0000	7

mcc_generated_files/eusart.c estimated size: 75

C:\Program Files\Microchip\xc8\v2.20\pic\sources\c99\common\awdiv.c
		___awdiv       		CODE           	133A	0000	96

C:\Program Files\Microchip\xc8\v2.20\pic\sources\c99\common\awdiv.c estimated size: 96

C:\Program Files\Microchip\xc8\v2.20\pic\sources\c99\common\atoi.c
		_atoi          		CODE           	0832	0000	176

C:\Program Files\Microchip\xc8\v2.20\pic\sources\c99\common\atoi.c estimated size: 176

C:\Program Files\Microchip\xc8\v2.20\pic\sources\c99\common\__fpclassifyf.c
		___fpclassifyf 		CODE           	140D	0000	128

C:\Program Files\Microchip\xc8\v2.20\pic\sources\c99\common\__fpclassifyf.c estimated size: 128

C:\Program Files\Microchip\xc8\v2.20\pic\sources\c99\common\fltol.c
		___fltol       		CODE           	1399	0000	117

C:\Program Files\Microchip\xc8\v2.20\pic\sources\c99\common\fltol.c estimated size: 117

C:\Program Files\Microchip\xc8\v2.20\pic\sources\c99\common\fleq.c
		___fleq        		CODE           	11E8	0000	79

C:\Program Files\Microchip\xc8\v2.20\pic\sources\c99\common\fleq.c estimated size: 79

main.c
		_main          		CODE           	148C	0000	138

main.c estimated size: 138

C:\Program Files\Microchip\xc8\v2.20\pic\sources\c99\common\xxtofl.c
		___xxtofl      		CODE           	15A0	0000	173

C:\Program Files\Microchip\xc8\v2.20\pic\sources\c99\common\xxtofl.c estimated size: 173

